/kaggle/working/DeLR-Cephalometric-ConvNeXtV2/delr/model.py:411: UserWarning: enable_nested_tensor is True, but self.use_nested_tensor is False because encoder_layer.self_attn.batch_first was not True(use batch_first for better inference performance)
  self.reference_encoder = nn.TransformerEncoder(enc_layer_ref, num_layers=num_layers_ref)
seed=2 backbone_amp=True
Resumed weights from outputs/isbi3p_seed2/phase2/best_model.pt (missing=0, unexpected=0, skipped_shape_mismatch=0).
Checkpoint val_metrics: {'loss': 20.61271931966146, 'loss_hm': 0.3759377014636993, 'loss_re': 4.022022085189819, 'loss_fe': 16.21475949605306, 'mre_mm': 1.1217724994190952, 'mre_px': 11.217724812825521, 'sdr_2_0mm': 86.87719298245614, 'sdr_2_5mm': 92.87719298245614, 'sdr_3_0mm': 95.64912280701753, 'sdr_4_0mm': 98.42105263157895}
Epoch 01/128 | Train loss: 10.1707 (hm=0.3747, re=3.8618, fe=5.9343) | Val loss: 21.5467 (hm=0.3760, re=3.9060, fe=17.2646) | Val MRE(mm): 1.163 | SDR%(2/2.5/3/4): 86.2/92.3/95.5/98.3 | 75.4s
Epoch 02/128 | Train loss: 10.2751 (hm=0.3749, re=3.9274, fe=5.9728) | Val loss: 21.2333 (hm=0.3760, re=3.8892, fe=16.9681) | Val MRE(mm): 1.167 | SDR%(2/2.5/3/4): 86.2/92.2/95.5/98.4 | 62.2s
Epoch 03/128 | Train loss: 10.5361 (hm=0.3746, re=3.8542, fe=6.3073) | Val loss: 21.2680 (hm=0.3760, re=4.0201, fe=16.8718) | Val MRE(mm): 1.173 | SDR%(2/2.5/3/4): 85.7/91.8/95.3/98.1 | 62.6s
Epoch 04/128 | Train loss: 10.3617 (hm=0.3748, re=3.8449, fe=6.1421) | Val loss: 20.3075 (hm=0.3761, re=3.7880, fe=16.1434) | Val MRE(mm): 1.146 | SDR%(2/2.5/3/4): 86.2/92.0/95.6/98.2 | 62.7s
Epoch 05/128 | Train loss: 10.3680 (hm=0.3750, re=3.8578, fe=6.1352) | Val loss: 21.2972 (hm=0.3760, re=3.9038, fe=17.0174) | Val MRE(mm): 1.164 | SDR%(2/2.5/3/4): 85.9/91.7/95.4/98.1 | 63.0s
Epoch 06/128 | Train loss: 10.0048 (hm=0.3747, re=3.8664, fe=5.7637) | Val loss: 22.6645 (hm=0.3761, re=3.9343, fe=18.3541) | Val MRE(mm): 1.180 | SDR%(2/2.5/3/4): 85.5/91.8/95.2/98.2 | 63.1s
Epoch 07/128 | Train loss: 10.4043 (hm=0.3751, re=3.8954, fe=6.1338) | Val loss: 20.8984 (hm=0.3763, re=3.7121, fe=16.8100) | Val MRE(mm): 1.151 | SDR%(2/2.5/3/4): 86.4/92.1/95.4/98.2 | 63.2s
Epoch 08/128 | Train loss: 10.1816 (hm=0.3749, re=3.8680, fe=5.9387) | Val loss: 21.8777 (hm=0.3765, re=3.9930, fe=17.5081) | Val MRE(mm): 1.195 | SDR%(2/2.5/3/4): 85.5/91.5/95.2/98.1 | 63.3s
Epoch 09/128 | Train loss: 10.5141 (hm=0.3752, re=3.8561, fe=6.2828) | Val loss: 22.0911 (hm=0.3763, re=3.8380, fe=17.8768) | Val MRE(mm): 1.163 | SDR%(2/2.5/3/4): 86.7/92.2/95.7/98.3 | 63.2s
Epoch 10/128 | Train loss: 10.2138 (hm=0.3745, re=3.8956, fe=5.9437) | Val loss: 21.8010 (hm=0.3761, re=3.9286, fe=17.4963) | Val MRE(mm): 1.166 | SDR%(2/2.5/3/4): 85.6/91.7/95.2/98.2 | 63.3s
Epoch 11/128 | Train loss: 9.9926 (hm=0.3749, re=3.8543, fe=5.7634) | Val loss: 21.7556 (hm=0.3760, re=4.0539, fe=17.3258) | Val MRE(mm): 1.162 | SDR%(2/2.5/3/4): 86.4/92.3/95.5/98.1 | 63.3s
Epoch 12/128 | Train loss: 10.0199 (hm=0.3748, re=3.8603, fe=5.7849) | Val loss: 21.7516 (hm=0.3760, re=4.1682, fe=17.2074) | Val MRE(mm): 1.177 | SDR%(2/2.5/3/4): 85.8/91.8/95.3/98.1 | 63.1s
Epoch 13/128 | Train loss: 9.9225 (hm=0.3744, re=3.8801, fe=5.6680) | Val loss: 21.9642 (hm=0.3762, re=3.8029, fe=17.7850) | Val MRE(mm): 1.153 | SDR%(2/2.5/3/4): 86.7/92.5/95.9/98.4 | 63.2s
Epoch 14/128 | Train loss: 10.2774 (hm=0.3749, re=3.8668, fe=6.0357) | Val loss: 22.1899 (hm=0.3762, re=3.9414, fe=17.8724) | Val MRE(mm): 1.178 | SDR%(2/2.5/3/4): 85.8/91.9/95.4/98.2 | 63.3s
Epoch 15/128 | Train loss: 9.8909 (hm=0.3750, re=3.8372, fe=5.6787) | Val loss: 22.4052 (hm=0.3761, re=3.8667, fe=18.1624) | Val MRE(mm): 1.157 | SDR%(2/2.5/3/4): 85.9/92.5/95.5/98.3 | 63.4s
Epoch 16/128 | Train loss: 10.5120 (hm=0.3746, re=3.8473, fe=6.2901) | Val loss: 22.0383 (hm=0.3761, re=3.7718, fe=17.8905) | Val MRE(mm): 1.157 | SDR%(2/2.5/3/4): 86.2/91.8/95.2/98.3 | 63.3s
Epoch 17/128 | Train loss: 9.9336 (hm=0.3746, re=3.8271, fe=5.7320) | Val loss: 22.3361 (hm=0.3760, re=3.9359, fe=18.0241) | Val MRE(mm): 1.169 | SDR%(2/2.5/3/4): 86.4/92.2/95.6/98.2 | 63.3s
Epoch 18/128 | Train loss: 9.7532 (hm=0.3742, re=3.8295, fe=5.5494) | Val loss: 21.2443 (hm=0.3760, re=3.9598, fe=16.9084) | Val MRE(mm): 1.167 | SDR%(2/2.5/3/4): 86.0/92.0/95.4/98.2 | 63.4s
Epoch 19/128 | Train loss: 10.1227 (hm=0.3743, re=3.8696, fe=5.8788) | Val loss: 21.5676 (hm=0.3759, re=3.7501, fe=17.4417) | Val MRE(mm): 1.168 | SDR%(2/2.5/3/4): 85.7/91.9/95.3/98.2 | 65.5s
Epoch 20/128 | Train loss: 9.7978 (hm=0.3743, re=3.7913, fe=5.6322) | Val loss: 22.2774 (hm=0.3760, re=3.9560, fe=17.9453) | Val MRE(mm): 1.174 | SDR%(2/2.5/3/4): 85.9/91.8/95.4/98.2 | 64.1s
Epoch 21/128 | Train loss: 10.1888 (hm=0.3745, re=3.8237, fe=5.9906) | Val loss: 21.1230 (hm=0.3761, re=3.7930, fe=16.9539) | Val MRE(mm): 1.150 | SDR%(2/2.5/3/4): 86.4/92.2/95.5/98.3 | 63.5s
Epoch 22/128 | Train loss: 9.9316 (hm=0.3745, re=3.8219, fe=5.7352) | Val loss: 21.2346 (hm=0.3759, re=3.7397, fe=17.1190) | Val MRE(mm): 1.146 | SDR%(2/2.5/3/4): 86.5/92.3/95.4/98.3 | 63.6s
Epoch 23/128 | Train loss: 9.8035 (hm=0.3745, re=3.7897, fe=5.6394) | Val loss: 21.0997 (hm=0.3760, re=4.0437, fe=16.6800) | Val MRE(mm): 1.156 | SDR%(2/2.5/3/4): 86.1/91.9/95.5/98.2 | 63.8s
Epoch 24/128 | Train loss: 9.6875 (hm=0.3747, re=3.8391, fe=5.4737) | Val loss: 22.5080 (hm=0.3759, re=3.8493, fe=18.2828) | Val MRE(mm): 1.170 | SDR%(2/2.5/3/4): 86.0/92.3/95.5/98.3 | 63.8s
Epoch 25/128 | Train loss: 9.7664 (hm=0.3748, re=3.8142, fe=5.5775) | Val loss: 22.5658 (hm=0.3761, re=4.0033, fe=18.1865) | Val MRE(mm): 1.178 | SDR%(2/2.5/3/4): 85.5/92.0/95.3/98.1 | 63.6s
Epoch 26/128 | Train loss: 9.7032 (hm=0.3743, re=3.8662, fe=5.4627) | Val loss: 23.1751 (hm=0.3760, re=4.2067, fe=18.5924) | Val MRE(mm): 1.162 | SDR%(2/2.5/3/4): 86.1/91.9/95.4/98.2 | 63.3s
Epoch 27/128 | Train loss: 9.7028 (hm=0.3744, re=3.7883, fe=5.5402) | Val loss: 21.7678 (hm=0.3760, re=3.9037, fe=17.4881) | Val MRE(mm): 1.172 | SDR%(2/2.5/3/4): 85.9/92.2/95.3/98.2 | 63.4s
Epoch 28/128 | Train loss: 9.9046 (hm=0.3747, re=3.8092, fe=5.7207) | Val loss: 22.7329 (hm=0.3759, re=3.8721, fe=18.4849) | Val MRE(mm): 1.167 | SDR%(2/2.5/3/4): 86.5/92.6/95.5/98.1 | 63.6s
Epoch 29/128 | Train loss: 9.8623 (hm=0.3744, re=3.8709, fe=5.6169) | Val loss: 22.4932 (hm=0.3759, re=3.9742, fe=18.1431) | Val MRE(mm): 1.164 | SDR%(2/2.5/3/4): 85.9/92.2/95.3/98.2 | 63.3s
Epoch 30/128 | Train loss: 9.5695 (hm=0.3745, re=3.8084, fe=5.3865) | Val loss: 23.0328 (hm=0.3757, re=3.8666, fe=18.7905) | Val MRE(mm): 1.151 | SDR%(2/2.5/3/4): 86.5/92.0/95.5/98.3 | 63.3s
Epoch 31/128 | Train loss: 9.7863 (hm=0.3744, re=3.8118, fe=5.6001) | Val loss: 22.4227 (hm=0.3758, re=3.6964, fe=18.3505) | Val MRE(mm): 1.153 | SDR%(2/2.5/3/4): 86.4/92.4/95.5/98.3 | 63.3s
Epoch 32/128 | Train loss: 9.5958 (hm=0.3742, re=3.7899, fe=5.4317) | Val loss: 22.8933 (hm=0.3758, re=3.8136, fe=18.7040) | Val MRE(mm): 1.157 | SDR%(2/2.5/3/4): 86.0/92.0/95.4/98.3 | 63.4s
Epoch 33/128 | Train loss: 9.8048 (hm=0.3744, re=3.7819, fe=5.6485) | Val loss: 22.6969 (hm=0.3756, re=3.8215, fe=18.4998) | Val MRE(mm): 1.178 | SDR%(2/2.5/3/4): 85.8/91.9/95.2/98.2 | 63.3s
Epoch 34/128 | Train loss: 9.9243 (hm=0.3743, re=3.8008, fe=5.7492) | Val loss: 21.9972 (hm=0.3757, re=3.7962, fe=17.8253) | Val MRE(mm): 1.162 | SDR%(2/2.5/3/4): 86.1/92.4/95.6/98.3 | 63.1s
Epoch 35/128 | Train loss: 9.5553 (hm=0.3743, re=3.8217, fe=5.3594) | Val loss: 23.1901 (hm=0.3758, re=3.7185, fe=19.0958) | Val MRE(mm): 1.152 | SDR%(2/2.5/3/4): 85.8/92.1/95.3/98.2 | 63.5s
Epoch 36/128 | Train loss: 9.5710 (hm=0.3745, re=3.8154, fe=5.3811) | Val loss: 23.6869 (hm=0.3759, re=3.7900, fe=19.5210) | Val MRE(mm): 1.225 | SDR%(2/2.5/3/4): 85.8/91.8/95.2/97.8 | 63.4s
Epoch 37/128 | Train loss: 9.5278 (hm=0.3744, re=3.7812, fe=5.3721) | Val loss: 22.9144 (hm=0.3759, re=3.8242, fe=18.7142) | Val MRE(mm): 1.163 | SDR%(2/2.5/3/4): 85.9/92.4/95.5/98.1 | 63.3s
Epoch 38/128 | Train loss: 9.5166 (hm=0.3738, re=3.7816, fe=5.3611) | Val loss: 23.8204 (hm=0.3758, re=3.7142, fe=19.7303) | Val MRE(mm): 1.147 | SDR%(2/2.5/3/4): 86.6/92.5/95.4/98.1 | 63.3s
Epoch 39/128 | Train loss: 9.5032 (hm=0.3742, re=3.8085, fe=5.3205) | Val loss: 22.9845 (hm=0.3759, re=3.8149, fe=18.7938) | Val MRE(mm): 1.147 | SDR%(2/2.5/3/4): 86.7/92.4/95.5/98.2 | 63.3s
Epoch 40/128 | Train loss: 9.5046 (hm=0.3741, re=3.7820, fe=5.3485) | Val loss: 23.4788 (hm=0.3757, re=3.8538, fe=19.2492) | Val MRE(mm): 1.152 | SDR%(2/2.5/3/4): 86.4/92.4/95.5/98.2 | 63.3s
Epoch 41/128 | Train loss: 9.4383 (hm=0.3740, re=3.7940, fe=5.2703) | Val loss: 23.3629 (hm=0.3757, re=3.7222, fe=19.2650) | Val MRE(mm): 1.166 | SDR%(2/2.5/3/4): 86.1/91.9/95.1/98.2 | 63.4s
Epoch 42/128 | Train loss: 9.6734 (hm=0.3741, re=3.8231, fe=5.4762) | Val loss: 23.2510 (hm=0.3757, re=3.8360, fe=19.0394) | Val MRE(mm): 1.153 | SDR%(2/2.5/3/4): 86.4/92.1/95.3/98.4 | 63.4s
Epoch 43/128 | Train loss: 9.3929 (hm=0.3739, re=3.7658, fe=5.2532) | Val loss: 23.5751 (hm=0.3757, re=3.7839, fe=19.4155) | Val MRE(mm): 1.151 | SDR%(2/2.5/3/4): 86.2/92.1/95.2/98.2 | 63.5s
Epoch 44/128 | Train loss: 9.2708 (hm=0.3742, re=3.7163, fe=5.1803) | Val loss: 23.0952 (hm=0.3757, re=3.6837, fe=19.0359) | Val MRE(mm): 1.145 | SDR%(2/2.5/3/4): 86.5/92.3/95.6/98.2 | 63.2s
Epoch 45/128 | Train loss: 9.3112 (hm=0.3742, re=3.7555, fe=5.1814) | Val loss: 23.7521 (hm=0.3758, re=3.8183, fe=19.5580) | Val MRE(mm): 1.151 | SDR%(2/2.5/3/4): 85.9/92.1/95.4/98.3 | 63.3s
Epoch 46/128 | Train loss: 9.1133 (hm=0.3741, re=3.7520, fe=4.9872) | Val loss: 24.0284 (hm=0.3757, re=3.7762, fe=19.8765) | Val MRE(mm): 1.153 | SDR%(2/2.5/3/4): 86.1/92.1/95.3/98.3 | 63.2s
Epoch 47/128 | Train loss: 9.2067 (hm=0.3741, re=3.7465, fe=5.0861) | Val loss: 24.2559 (hm=0.3757, re=3.8940, fe=19.9862) | Val MRE(mm): 1.151 | SDR%(2/2.5/3/4): 86.3/92.2/95.6/98.3 | 63.5s
Epoch 48/128 | Train loss: 9.2855 (hm=0.3744, re=3.7358, fe=5.1754) | Val loss: 23.9636 (hm=0.3757, re=3.6667, fe=19.9212) | Val MRE(mm): 1.137 | SDR%(2/2.5/3/4): 86.2/92.6/95.7/98.4 | 65.1s
Epoch 49/128 | Train loss: 9.2840 (hm=0.3745, re=3.7523, fe=5.1572) | Val loss: 23.3701 (hm=0.3758, re=3.8123, fe=19.1819) | Val MRE(mm): 1.157 | SDR%(2/2.5/3/4): 86.3/92.1/95.4/98.4 | 63.6s
Epoch 50/128 | Train loss: 9.3069 (hm=0.3744, re=3.7574, fe=5.1751) | Val loss: 23.0109 (hm=0.3757, re=3.7596, fe=18.8756) | Val MRE(mm): 1.143 | SDR%(2/2.5/3/4): 86.8/92.1/95.6/98.3 | 63.4s
Epoch 51/128 | Train loss: 9.1343 (hm=0.3744, re=3.7136, fe=5.0464) | Val loss: 23.8401 (hm=0.3757, re=3.6644, fe=19.8000) | Val MRE(mm): 1.155 | SDR%(2/2.5/3/4): 86.4/92.1/95.6/98.3 | 63.4s
Epoch 52/128 | Train loss: 9.1415 (hm=0.3743, re=3.7593, fe=5.0079) | Val loss: 24.1264 (hm=0.3756, re=3.8263, fe=19.9245) | Val MRE(mm): 1.159 | SDR%(2/2.5/3/4): 86.1/92.2/95.6/98.2 | 63.3s
Epoch 53/128 | Train loss: 9.0215 (hm=0.3743, re=3.7242, fe=4.9230) | Val loss: 24.8367 (hm=0.3757, re=3.7519, fe=20.7092) | Val MRE(mm): 1.166 | SDR%(2/2.5/3/4): 85.8/92.0/95.4/98.2 | 63.4s
Epoch 54/128 | Train loss: 8.8584 (hm=0.3742, re=3.6950, fe=4.7893) | Val loss: 24.1691 (hm=0.3756, re=3.8072, fe=19.9863) | Val MRE(mm): 1.147 | SDR%(2/2.5/3/4): 86.5/92.1/95.4/98.2 | 63.4s
Epoch 55/128 | Train loss: 9.0836 (hm=0.3741, re=3.7229, fe=4.9866) | Val loss: 24.7499 (hm=0.3757, re=3.8523, fe=20.5220) | Val MRE(mm): 1.141 | SDR%(2/2.5/3/4): 86.4/92.4/95.4/98.3 | 63.5s
Epoch 56/128 | Train loss: 9.1665 (hm=0.3740, re=3.7309, fe=5.0616) | Val loss: 24.7913 (hm=0.3757, re=3.7184, fe=20.6972) | Val MRE(mm): 1.165 | SDR%(2/2.5/3/4): 86.5/92.2/95.5/98.2 | 63.5s
Epoch 57/128 | Train loss: 9.1471 (hm=0.3739, re=3.7618, fe=5.0114) | Val loss: 25.0408 (hm=0.3757, re=3.8207, fe=20.8444) | Val MRE(mm): 1.162 | SDR%(2/2.5/3/4): 86.4/92.2/95.5/98.2 | 63.3s
Epoch 58/128 | Train loss: 8.9923 (hm=0.3741, re=3.7546, fe=4.8637) | Val loss: 25.2704 (hm=0.3756, re=3.8289, fe=21.0659) | Val MRE(mm): 1.150 | SDR%(2/2.5/3/4): 85.8/92.1/95.4/98.4 | 63.4s
Epoch 59/128 | Train loss: 8.9776 (hm=0.3740, re=3.7570, fe=4.8467) | Val loss: 24.9273 (hm=0.3756, re=3.6880, fe=20.8638) | Val MRE(mm): 1.155 | SDR%(2/2.5/3/4): 86.4/92.2/95.7/98.3 | 63.3s
Epoch 60/128 | Train loss: 8.6720 (hm=0.3742, re=3.6624, fe=4.6354) | Val loss: 25.7724 (hm=0.3756, re=3.7496, fe=21.6472) | Val MRE(mm): 1.173 | SDR%(2/2.5/3/4): 85.7/91.9/95.2/98.2 | 63.4s
Epoch 61/128 | Train loss: 8.8116 (hm=0.3738, re=3.6742, fe=4.7636) | Val loss: 24.7461 (hm=0.3756, re=3.8182, fe=20.5523) | Val MRE(mm): 1.160 | SDR%(2/2.5/3/4): 86.4/92.1/95.5/98.2 | 63.5s
Epoch 62/128 | Train loss: 8.7402 (hm=0.3742, re=3.6900, fe=4.6760) | Val loss: 25.0744 (hm=0.3756, re=3.7823, fe=20.9164) | Val MRE(mm): 1.142 | SDR%(2/2.5/3/4): 86.0/91.9/95.4/98.3 | 63.4s
Epoch 63/128 | Train loss: 8.6921 (hm=0.3735, re=3.6730, fe=4.6457) | Val loss: 25.8009 (hm=0.3755, re=3.8214, fe=21.6040) | Val MRE(mm): 1.156 | SDR%(2/2.5/3/4): 85.6/91.7/95.1/98.2 | 63.4s
Epoch 64/128 | Train loss: 8.8183 (hm=0.3739, re=3.6914, fe=4.7530) | Val loss: 25.3273 (hm=0.3757, re=3.7157, fe=21.2360) | Val MRE(mm): 1.141 | SDR%(2/2.5/3/4): 86.0/92.0/95.5/98.2 | 63.4s
Epoch 65/128 | Train loss: 8.9976 (hm=0.3737, re=3.6717, fe=4.9521) | Val loss: 25.2334 (hm=0.3756, re=3.7590, fe=21.0988) | Val MRE(mm): 1.150 | SDR%(2/2.5/3/4): 86.2/92.2/95.2/98.1 | 63.5s
Epoch 66/128 | Train loss: 8.9109 (hm=0.3743, re=3.6670, fe=4.8696) | Val loss: 25.0318 (hm=0.3757, re=3.6357, fe=21.0204) | Val MRE(mm): 1.127 | SDR%(2/2.5/3/4): 86.5/92.3/95.4/98.3 | 63.5s
Epoch 67/128 | Train loss: 8.6934 (hm=0.3738, re=3.6822, fe=4.6374) | Val loss: 25.4290 (hm=0.3757, re=3.7421, fe=21.3112) | Val MRE(mm): 1.133 | SDR%(2/2.5/3/4): 86.8/92.6/95.6/98.3 | 63.4s
Epoch 68/128 | Train loss: 8.5680 (hm=0.3742, re=3.6574, fe=4.5365) | Val loss: 25.4335 (hm=0.3756, re=3.6632, fe=21.3947) | Val MRE(mm): 1.125 | SDR%(2/2.5/3/4): 86.5/92.4/95.5/98.4 | 63.4s
Epoch 69/128 | Train loss: 8.5078 (hm=0.3740, re=3.6386, fe=4.4952) | Val loss: 25.8940 (hm=0.3757, re=3.8098, fe=21.7085) | Val MRE(mm): 1.122 | SDR%(2/2.5/3/4): 87.1/92.5/95.6/98.3 | 63.4s
Epoch 70/128 | Train loss: 8.6116 (hm=0.3737, re=3.6426, fe=4.5953) | Val loss: 26.0005 (hm=0.3757, re=3.7737, fe=21.8510) | Val MRE(mm): 1.142 | SDR%(2/2.5/3/4): 86.2/92.4/95.4/98.3 | 63.4s
Epoch 71/128 | Train loss: 8.6615 (hm=0.3739, re=3.6583, fe=4.6293) | Val loss: 25.9189 (hm=0.3757, re=3.6532, fe=21.8901) | Val MRE(mm): 1.135 | SDR%(2/2.5/3/4): 86.1/92.4/95.6/98.3 | 63.3s
Epoch 72/128 | Train loss: 8.5282 (hm=0.3739, re=3.6815, fe=4.4729) | Val loss: 26.0567 (hm=0.3757, re=3.7159, fe=21.9651) | Val MRE(mm): 1.147 | SDR%(2/2.5/3/4): 86.0/92.4/95.6/98.4 | 63.6s
Epoch 73/128 | Train loss: 8.6157 (hm=0.3739, re=3.6335, fe=4.6082) | Val loss: 26.3280 (hm=0.3755, re=3.7311, fe=22.2213) | Val MRE(mm): 1.136 | SDR%(2/2.5/3/4): 86.2/92.5/95.5/98.4 | 63.3s
Epoch 74/128 | Train loss: 8.9299 (hm=0.3740, re=3.6566, fe=4.8992) | Val loss: 26.1513 (hm=0.3755, re=3.7063, fe=22.0695) | Val MRE(mm): 1.135 | SDR%(2/2.5/3/4): 86.5/92.3/95.5/98.2 | 63.3s
Epoch 75/128 | Train loss: 8.3582 (hm=0.3741, re=3.6258, fe=4.3583) | Val loss: 26.1529 (hm=0.3754, re=3.7659, fe=22.0116) | Val MRE(mm): 1.143 | SDR%(2/2.5/3/4): 86.1/92.4/95.5/98.3 | 63.4s
Epoch 76/128 | Train loss: 8.4899 (hm=0.3741, re=3.6317, fe=4.4842) | Val loss: 26.6012 (hm=0.3755, re=3.7539, fe=22.4718) | Val MRE(mm): 1.147 | SDR%(2/2.5/3/4): 86.2/92.2/95.5/98.2 | 68.5s
Epoch 77/128 | Train loss: 8.3023 (hm=0.3739, re=3.6355, fe=4.2930) | Val loss: 27.0007 (hm=0.3755, re=3.7347, fe=22.8905) | Val MRE(mm): 1.145 | SDR%(2/2.5/3/4): 86.3/92.2/95.5/98.2 | 63.5s
Epoch 78/128 | Train loss: 8.3604 (hm=0.3742, re=3.6285, fe=4.3577) | Val loss: 26.1092 (hm=0.3755, re=3.7292, fe=22.0045) | Val MRE(mm): 1.133 | SDR%(2/2.5/3/4): 86.7/92.3/95.6/98.3 | 63.5s
Epoch 79/128 | Train loss: 8.5027 (hm=0.3740, re=3.6231, fe=4.5055) | Val loss: 26.0446 (hm=0.3756, re=3.8368, fe=21.8323) | Val MRE(mm): 1.139 | SDR%(2/2.5/3/4): 86.5/92.4/95.5/98.3 | 63.4s
Epoch 80/128 | Train loss: 8.2970 (hm=0.3738, re=3.5954, fe=4.3278) | Val loss: 27.5337 (hm=0.3757, re=3.6682, fe=23.4899) | Val MRE(mm): 1.149 | SDR%(2/2.5/3/4): 86.1/92.4/95.4/98.4 | 63.3s
Epoch 81/128 | Train loss: 8.3019 (hm=0.3739, re=3.6279, fe=4.3001) | Val loss: 27.4443 (hm=0.3755, re=3.6853, fe=23.3835) | Val MRE(mm): 1.156 | SDR%(2/2.5/3/4): 85.8/92.1/95.4/98.2 | 63.5s
Epoch 82/128 | Train loss: 8.0593 (hm=0.3740, re=3.5981, fe=4.0871) | Val loss: 27.4980 (hm=0.3755, re=3.7506, fe=23.3720) | Val MRE(mm): 1.135 | SDR%(2/2.5/3/4): 86.5/92.4/95.6/98.2 | 63.4s
Epoch 83/128 | Train loss: 8.1054 (hm=0.3740, re=3.5775, fe=4.1539) | Val loss: 27.2415 (hm=0.3755, re=3.6688, fe=23.1972) | Val MRE(mm): 1.147 | SDR%(2/2.5/3/4): 86.2/92.4/95.4/98.4 | 63.5s
Epoch 84/128 | Train loss: 8.0540 (hm=0.3742, re=3.5877, fe=4.0921) | Val loss: 27.4383 (hm=0.3755, re=3.7887, fe=23.2740) | Val MRE(mm): 1.149 | SDR%(2/2.5/3/4): 86.2/92.5/95.5/98.3 | 63.5s
Epoch 85/128 | Train loss: 8.0911 (hm=0.3739, re=3.5801, fe=4.1370) | Val loss: 27.4061 (hm=0.3756, re=3.6143, fe=23.4162) | Val MRE(mm): 1.150 | SDR%(2/2.5/3/4): 86.1/92.4/95.5/98.3 | 63.4s
Epoch 86/128 | Train loss: 8.1305 (hm=0.3737, re=3.6091, fe=4.1477) | Val loss: 27.2589 (hm=0.3755, re=3.7276, fe=23.1557) | Val MRE(mm): 1.137 | SDR%(2/2.5/3/4): 86.1/92.2/95.5/98.4 | 63.4s
Epoch 87/128 | Train loss: 8.1040 (hm=0.3739, re=3.6133, fe=4.1167) | Val loss: 27.3364 (hm=0.3755, re=3.7078, fe=23.2531) | Val MRE(mm): 1.136 | SDR%(2/2.5/3/4): 86.2/92.2/95.5/98.3 | 63.4s
Epoch 88/128 | Train loss: 7.9662 (hm=0.3742, re=3.5838, fe=4.0083) | Val loss: 27.9240 (hm=0.3756, re=3.7426, fe=23.8058) | Val MRE(mm): 1.143 | SDR%(2/2.5/3/4): 86.2/92.4/95.6/98.4 | 63.3s
Epoch 89/128 | Train loss: 7.9654 (hm=0.3737, re=3.5982, fe=3.9936) | Val loss: 28.4572 (hm=0.3757, re=3.7236, fe=24.3579) | Val MRE(mm): 1.153 | SDR%(2/2.5/3/4): 86.2/92.1/95.4/98.2 | 63.2s
Epoch 90/128 | Train loss: 8.0575 (hm=0.3740, re=3.6001, fe=4.0835) | Val loss: 28.1259 (hm=0.3756, re=3.6449, fe=24.1054) | Val MRE(mm): 1.146 | SDR%(2/2.5/3/4): 86.5/92.4/95.5/98.2 | 63.5s
Epoch 91/128 | Train loss: 7.8956 (hm=0.3740, re=3.5847, fe=3.9369) | Val loss: 28.8652 (hm=0.3756, re=3.7669, fe=24.7227) | Val MRE(mm): 1.155 | SDR%(2/2.5/3/4): 85.9/92.4/95.6/98.3 | 63.4s
Epoch 92/128 | Train loss: 7.9545 (hm=0.3736, re=3.5903, fe=3.9907) | Val loss: 28.1144 (hm=0.3756, re=3.7283, fe=24.0104) | Val MRE(mm): 1.144 | SDR%(2/2.5/3/4): 86.1/92.2/95.5/98.3 | 63.3s
Epoch 93/128 | Train loss: 7.9721 (hm=0.3736, re=3.6005, fe=3.9980) | Val loss: 27.9613 (hm=0.3755, re=3.7951, fe=23.7907) | Val MRE(mm): 1.140 | SDR%(2/2.5/3/4): 86.5/92.2/95.5/98.3 | 63.3s
Epoch 94/128 | Train loss: 7.8480 (hm=0.3740, re=3.5603, fe=3.9137) | Val loss: 28.3415 (hm=0.3755, re=3.7386, fe=24.2274) | Val MRE(mm): 1.144 | SDR%(2/2.5/3/4): 86.2/92.4/95.5/98.3 | 63.4s
Epoch 95/128 | Train loss: 7.7541 (hm=0.3739, re=3.5424, fe=3.8377) | Val loss: 28.7679 (hm=0.3755, re=3.7520, fe=24.6404) | Val MRE(mm): 1.139 | SDR%(2/2.5/3/4): 86.2/92.4/95.6/98.4 | 63.4s
Epoch 96/128 | Train loss: 7.8407 (hm=0.3736, re=3.5785, fe=3.8885) | Val loss: 28.7309 (hm=0.3754, re=3.6383, fe=24.7171) | Val MRE(mm): 1.138 | SDR%(2/2.5/3/4): 86.6/92.4/95.6/98.4 | 63.5s
Epoch 97/128 | Train loss: 7.7348 (hm=0.3736, re=3.5555, fe=3.8057) | Val loss: 28.7765 (hm=0.3755, re=3.7089, fe=24.6921) | Val MRE(mm): 1.143 | SDR%(2/2.5/3/4): 86.3/92.1/95.5/98.4 | 63.4s
Epoch 98/128 | Train loss: 7.8597 (hm=0.3735, re=3.5744, fe=3.9118) | Val loss: 29.0649 (hm=0.3754, re=3.7545, fe=24.9350) | Val MRE(mm): 1.142 | SDR%(2/2.5/3/4): 86.2/92.4/95.5/98.3 | 63.6s
Epoch 99/128 | Train loss: 7.8038 (hm=0.3739, re=3.5655, fe=3.8644) | Val loss: 28.5872 (hm=0.3754, re=3.7520, fe=24.4598) | Val MRE(mm): 1.131 | SDR%(2/2.5/3/4): 86.6/92.5/95.5/98.3 | 63.4s
Epoch 100/128 | Train loss: 7.7176 (hm=0.3738, re=3.5434, fe=3.8003) | Val loss: 28.8837 (hm=0.3754, re=3.6747, fe=24.8337) | Val MRE(mm): 1.144 | SDR%(2/2.5/3/4): 86.5/92.4/95.5/98.4 | 63.6s
Epoch 101/128 | Train loss: 8.1540 (hm=0.3736, re=3.5869, fe=4.1935) | Val loss: 28.8004 (hm=0.3754, re=3.8464, fe=24.5787) | Val MRE(mm): 1.134 | SDR%(2/2.5/3/4): 86.6/92.4/95.6/98.4 | 63.6s
Epoch 102/128 | Train loss: 7.7409 (hm=0.3738, re=3.5795, fe=3.7876) | Val loss: 29.1092 (hm=0.3753, re=3.7436, fe=24.9903) | Val MRE(mm): 1.138 | SDR%(2/2.5/3/4): 86.3/92.5/95.5/98.3 | 63.2s
Epoch 103/128 | Train loss: 7.5954 (hm=0.3734, re=3.5693, fe=3.6526) | Val loss: 29.5366 (hm=0.3753, re=3.6574, fe=25.5038) | Val MRE(mm): 1.139 | SDR%(2/2.5/3/4): 86.5/92.6/95.6/98.3 | 63.4s
Epoch 104/128 | Train loss: 7.7862 (hm=0.3736, re=3.5747, fe=3.8379) | Val loss: 29.0886 (hm=0.3753, re=3.7924, fe=24.9209) | Val MRE(mm): 1.135 | SDR%(2/2.5/3/4): 86.6/92.5/95.6/98.4 | 64.3s
Epoch 105/128 | Train loss: 7.6800 (hm=0.3735, re=3.5586, fe=3.7479) | Val loss: 29.3158 (hm=0.3753, re=3.6887, fe=25.2518) | Val MRE(mm): 1.144 | SDR%(2/2.5/3/4): 86.5/92.5/95.5/98.4 | 66.4s
Epoch 106/128 | Train loss: 7.5980 (hm=0.3736, re=3.5468, fe=3.6776) | Val loss: 29.4785 (hm=0.3753, re=3.7233, fe=25.3799) | Val MRE(mm): 1.141 | SDR%(2/2.5/3/4): 86.7/92.4/95.6/98.4 | 63.3s
Epoch 107/128 | Train loss: 7.6713 (hm=0.3738, re=3.5374, fe=3.7601) | Val loss: 29.3891 (hm=0.3753, re=3.7596, fe=25.2541) | Val MRE(mm): 1.138 | SDR%(2/2.5/3/4): 86.7/92.5/95.6/98.4 | 63.4s
Epoch 108/128 | Train loss: 7.6089 (hm=0.3736, re=3.5257, fe=3.7097) | Val loss: 29.5188 (hm=0.3753, re=3.7334, fe=25.4101) | Val MRE(mm): 1.144 | SDR%(2/2.5/3/4): 86.6/92.3/95.5/98.4 | 63.4s
Epoch 109/128 | Train loss: 7.5742 (hm=0.3736, re=3.5063, fe=3.6943) | Val loss: 29.3223 (hm=0.3753, re=3.7188, fe=25.2282) | Val MRE(mm): 1.140 | SDR%(2/2.5/3/4): 86.6/92.5/95.5/98.4 | 63.6s
Epoch 110/128 | Train loss: 7.5877 (hm=0.3739, re=3.5383, fe=3.6755) | Val loss: 29.5541 (hm=0.3753, re=3.7273, fe=25.4515) | Val MRE(mm): 1.137 | SDR%(2/2.5/3/4): 86.7/92.6/95.6/98.4 | 63.5s
Epoch 111/128 | Train loss: 7.5318 (hm=0.3732, re=3.5474, fe=3.6112) | Val loss: 29.8775 (hm=0.3753, re=3.7608, fe=25.7414) | Val MRE(mm): 1.143 | SDR%(2/2.5/3/4): 86.5/92.6/95.6/98.4 | 63.4s
Epoch 112/128 | Train loss: 7.4866 (hm=0.3735, re=3.5258, fe=3.5873) | Val loss: 29.8320 (hm=0.3753, re=3.6677, fe=25.7891) | Val MRE(mm): 1.138 | SDR%(2/2.5/3/4): 86.5/92.5/95.6/98.4 | 63.8s
Epoch 113/128 | Train loss: 7.5774 (hm=0.3733, re=3.5382, fe=3.6659) | Val loss: 29.8304 (hm=0.3753, re=3.6922, fe=25.7629) | Val MRE(mm): 1.142 | SDR%(2/2.5/3/4): 86.5/92.4/95.6/98.4 | 63.5s
Epoch 114/128 | Train loss: 7.5365 (hm=0.3741, re=3.5253, fe=3.6372) | Val loss: 29.8814 (hm=0.3753, re=3.7190, fe=25.7872) | Val MRE(mm): 1.141 | SDR%(2/2.5/3/4): 86.4/92.5/95.5/98.4 | 63.5s
Epoch 115/128 | Train loss: 7.4668 (hm=0.3737, re=3.5545, fe=3.5386) | Val loss: 30.2167 (hm=0.3753, re=3.7326, fe=26.1089) | Val MRE(mm): 1.144 | SDR%(2/2.5/3/4): 86.3/92.5/95.5/98.4 | 63.5s
Epoch 116/128 | Train loss: 7.5443 (hm=0.3735, re=3.5283, fe=3.6424) | Val loss: 30.0364 (hm=0.3753, re=3.8045, fe=25.8565) | Val MRE(mm): 1.141 | SDR%(2/2.5/3/4): 86.6/92.4/95.5/98.4 | 63.5s
Epoch 117/128 | Train loss: 7.3354 (hm=0.3734, re=3.5116, fe=3.4504) | Val loss: 30.2754 (hm=0.3753, re=3.7113, fe=26.1887) | Val MRE(mm): 1.140 | SDR%(2/2.5/3/4): 86.5/92.5/95.5/98.4 | 63.3s
Epoch 118/128 | Train loss: 7.3665 (hm=0.3737, re=3.5193, fe=3.4736) | Val loss: 30.3282 (hm=0.3753, re=3.7184, fe=26.2345) | Val MRE(mm): 1.142 | SDR%(2/2.5/3/4): 86.4/92.4/95.6/98.4 | 63.4s
Epoch 119/128 | Train loss: 7.4221 (hm=0.3738, re=3.5129, fe=3.5354) | Val loss: 30.5253 (hm=0.3753, re=3.7613, fe=26.3887) | Val MRE(mm): 1.144 | SDR%(2/2.5/3/4): 86.4/92.4/95.5/98.3 | 63.5s
Epoch 120/128 | Train loss: 7.4180 (hm=0.3738, re=3.4996, fe=3.5446) | Val loss: 30.3042 (hm=0.3753, re=3.7334, fe=26.1954) | Val MRE(mm): 1.141 | SDR%(2/2.5/3/4): 86.4/92.4/95.5/98.4 | 63.3s
Epoch 121/128 | Train loss: 7.4619 (hm=0.3737, re=3.5472, fe=3.5410) | Val loss: 30.3570 (hm=0.3753, re=3.7860, fe=26.1957) | Val MRE(mm): 1.141 | SDR%(2/2.5/3/4): 86.3/92.5/95.5/98.4 | 63.4s
Epoch 122/128 | Train loss: 7.4024 (hm=0.3738, re=3.5017, fe=3.5269) | Val loss: 30.4649 (hm=0.3753, re=3.7560, fe=26.3336) | Val MRE(mm): 1.143 | SDR%(2/2.5/3/4): 86.5/92.4/95.5/98.4 | 63.5s
Epoch 123/128 | Train loss: 7.4167 (hm=0.3732, re=3.5221, fe=3.5214) | Val loss: 30.5586 (hm=0.3753, re=3.7526, fe=26.4307) | Val MRE(mm): 1.142 | SDR%(2/2.5/3/4): 86.4/92.4/95.4/98.4 | 63.4s
Epoch 124/128 | Train loss: 7.2673 (hm=0.3736, re=3.4895, fe=3.4043) | Val loss: 30.6406 (hm=0.3753, re=3.7191, fe=26.5462) | Val MRE(mm): 1.146 | SDR%(2/2.5/3/4): 86.2/92.4/95.5/98.3 | 63.3s
Epoch 125/128 | Train loss: 7.7608 (hm=0.3738, re=3.5159, fe=3.8711) | Val loss: 30.5463 (hm=0.3753, re=3.7383, fe=26.4327) | Val MRE(mm): 1.145 | SDR%(2/2.5/3/4): 86.2/92.4/95.5/98.4 | 63.5s
Epoch 126/128 | Train loss: 7.5248 (hm=0.3736, re=3.5093, fe=3.6419) | Val loss: 30.2693 (hm=0.3753, re=3.7041, fe=26.1899) | Val MRE(mm): 1.140 | SDR%(2/2.5/3/4): 86.4/92.5/95.5/98.4 | 63.3s
Epoch 127/128 | Train loss: 7.4431 (hm=0.3736, re=3.5201, fe=3.5494) | Val loss: 30.3871 (hm=0.3753, re=3.6995, fe=26.3123) | Val MRE(mm): 1.142 | SDR%(2/2.5/3/4): 86.5/92.4/95.5/98.4 | 63.4s
Epoch 128/128 | Train loss: 7.4095 (hm=0.3737, re=3.4984, fe=3.5374) | Val loss: 30.3114 (hm=0.3753, re=3.7613, fe=26.1747) | Val MRE(mm): 1.141 | SDR%(2/2.5/3/4): 86.4/92.4/95.5/98.4 | 63.5s
