/kaggle/working/DeLR-Cephalometric-ConvNeXtV2/delr/model.py:411: UserWarning: enable_nested_tensor is True, but self.use_nested_tensor is False because encoder_layer.self_attn.batch_first was not True(use batch_first for better inference performance)
  self.reference_encoder = nn.TransformerEncoder(enc_layer_ref, num_layers=num_layers_ref)
seed=2 backbone_amp=True
Resumed weights from outputs/isbi3p_seed2/phase1/best_model.pt (missing=0, unexpected=0, skipped_shape_mismatch=0).
Checkpoint val_metrics: {'loss': 18.435065600077312, 'loss_hm': 0.3781280545393626, 'loss_re': 4.248882013956706, 'loss_fe': 13.808055585225423, 'mre_mm': 1.1714094945004112, 'mre_px': 11.7140947817083, 'sdr_2_0mm': 85.54385964912281, 'sdr_2_5mm': 91.75438596491227, 'sdr_3_0mm': 95.50877192982456, 'sdr_4_0mm': 98.14035087719299}
Epoch 01/200 | Train loss: 13.5661 (hm=0.3776, re=4.4604, fe=8.7281) | Val loss: 18.5123 (hm=0.3783, re=4.3868, fe=13.7472) | Val MRE(mm): 1.228 | SDR%(2/2.5/3/4): 84.5/91.3/94.7/97.9 | 72.1s
Epoch 02/200 | Train loss: 14.1809 (hm=0.3781, re=4.5374, fe=9.2655) | Val loss: 18.1427 (hm=0.3783, re=4.3481, fe=13.4163) | Val MRE(mm): 1.247 | SDR%(2/2.5/3/4): 84.1/91.2/94.8/98.3 | 60.4s
Epoch 03/200 | Train loss: 13.6108 (hm=0.3774, re=4.4633, fe=8.7702) | Val loss: 18.2896 (hm=0.3783, re=4.3987, fe=13.5127) | Val MRE(mm): 1.287 | SDR%(2/2.5/3/4): 83.2/90.2/94.3/97.4 | 60.9s
Epoch 04/200 | Train loss: 13.6014 (hm=0.3774, re=4.4717, fe=8.7524) | Val loss: 17.9754 (hm=0.3782, re=4.4084, fe=13.1888) | Val MRE(mm): 1.364 | SDR%(2/2.5/3/4): 85.2/91.5/95.2/97.9 | 60.7s
Epoch 05/200 | Train loss: 13.7768 (hm=0.3778, re=4.4686, fe=8.9304) | Val loss: 18.2347 (hm=0.3782, re=4.4388, fe=13.4178) | Val MRE(mm): 1.274 | SDR%(2/2.5/3/4): 83.1/90.5/94.2/98.0 | 60.9s
Epoch 06/200 | Train loss: 13.7115 (hm=0.3774, re=4.5090, fe=8.8251) | Val loss: 18.8276 (hm=0.3783, re=4.4620, fe=13.9872) | Val MRE(mm): 1.275 | SDR%(2/2.5/3/4): 83.9/90.4/94.2/97.7 | 60.9s
Epoch 07/200 | Train loss: 13.4501 (hm=0.3775, re=4.4479, fe=8.6247) | Val loss: 17.7853 (hm=0.3778, re=4.3045, fe=13.1030) | Val MRE(mm): 1.219 | SDR%(2/2.5/3/4): 84.9/91.9/94.8/98.1 | 60.8s
Epoch 08/200 | Train loss: 13.4737 (hm=0.3775, re=4.4558, fe=8.6404) | Val loss: 18.2803 (hm=0.3781, re=4.3627, fe=13.5396) | Val MRE(mm): 1.197 | SDR%(2/2.5/3/4): 85.4/91.3/95.2/98.1 | 60.9s
Epoch 09/200 | Train loss: 13.6098 (hm=0.3778, re=4.4901, fe=8.7419) | Val loss: 17.8498 (hm=0.3780, re=4.2859, fe=13.1859) | Val MRE(mm): 1.233 | SDR%(2/2.5/3/4): 84.6/91.3/95.4/98.0 | 61.1s
Epoch 10/200 | Train loss: 13.5559 (hm=0.3772, re=4.4824, fe=8.6963) | Val loss: 18.3176 (hm=0.3780, re=4.3218, fe=13.6178) | Val MRE(mm): 1.237 | SDR%(2/2.5/3/4): 84.4/91.3/95.2/98.0 | 61.0s
Epoch 11/200 | Train loss: 13.7483 (hm=0.3773, re=4.4511, fe=8.9198) | Val loss: 18.5442 (hm=0.3779, re=4.5264, fe=13.6399) | Val MRE(mm): 1.254 | SDR%(2/2.5/3/4): 84.1/90.7/94.4/97.7 | 60.9s
Epoch 12/200 | Train loss: 13.4244 (hm=0.3775, re=4.4659, fe=8.5809) | Val loss: 17.6390 (hm=0.3780, re=4.3003, fe=12.9607) | Val MRE(mm): 1.221 | SDR%(2/2.5/3/4): 84.8/91.7/95.1/98.0 | 62.3s
Epoch 13/200 | Train loss: 13.2430 (hm=0.3769, re=4.4507, fe=8.4154) | Val loss: 18.4336 (hm=0.3778, re=4.2836, fe=13.7722) | Val MRE(mm): 1.212 | SDR%(2/2.5/3/4): 85.5/91.6/95.4/97.9 | 61.1s
Epoch 14/200 | Train loss: 13.6529 (hm=0.3773, re=4.4239, fe=8.8517) | Val loss: 18.2398 (hm=0.3779, re=4.2798, fe=13.5821) | Val MRE(mm): 1.219 | SDR%(2/2.5/3/4): 84.7/90.9/95.0/97.9 | 60.8s
Epoch 15/200 | Train loss: 13.6724 (hm=0.3775, re=4.4095, fe=8.8854) | Val loss: 18.2194 (hm=0.3782, re=4.2779, fe=13.5633) | Val MRE(mm): 1.225 | SDR%(2/2.5/3/4): 84.6/90.7/94.7/97.9 | 61.2s
Epoch 16/200 | Train loss: 13.5373 (hm=0.3770, re=4.4216, fe=8.7388) | Val loss: 17.7683 (hm=0.3779, re=4.2325, fe=13.1580) | Val MRE(mm): 1.246 | SDR%(2/2.5/3/4): 84.6/90.8/94.8/97.8 | 60.9s
Epoch 17/200 | Train loss: 13.4446 (hm=0.3768, re=4.4346, fe=8.6332) | Val loss: 18.1107 (hm=0.3780, re=4.2072, fe=13.5254) | Val MRE(mm): 1.203 | SDR%(2/2.5/3/4): 85.4/91.9/95.2/98.1 | 60.9s
Epoch 18/200 | Train loss: 13.2334 (hm=0.3769, re=4.4301, fe=8.4264) | Val loss: 18.3617 (hm=0.3786, re=4.2683, fe=13.7148) | Val MRE(mm): 1.251 | SDR%(2/2.5/3/4): 83.9/90.6/94.6/97.9 | 61.0s
Epoch 19/200 | Train loss: 13.4227 (hm=0.3774, re=4.4675, fe=8.5779) | Val loss: 18.2439 (hm=0.3783, re=4.3721, fe=13.4936) | Val MRE(mm): 1.190 | SDR%(2/2.5/3/4): 85.9/92.0/95.3/98.2 | 60.8s
Epoch 20/200 | Train loss: 13.2013 (hm=0.3776, re=4.4598, fe=8.3639) | Val loss: 18.4839 (hm=0.3791, re=4.2239, fe=13.8810) | Val MRE(mm): 1.288 | SDR%(2/2.5/3/4): 84.3/90.2/94.3/97.8 | 61.0s
Epoch 21/200 | Train loss: 13.6546 (hm=0.3777, re=4.4706, fe=8.8062) | Val loss: 18.5431 (hm=0.3783, re=4.3387, fe=13.8261) | Val MRE(mm): 1.211 | SDR%(2/2.5/3/4): 85.2/90.9/95.0/98.1 | 60.9s
Epoch 22/200 | Train loss: 13.3510 (hm=0.3776, re=4.4507, fe=8.5226) | Val loss: 18.4520 (hm=0.3784, re=4.3592, fe=13.7144) | Val MRE(mm): 1.236 | SDR%(2/2.5/3/4): 85.0/90.8/94.4/97.6 | 61.0s
Epoch 23/200 | Train loss: 13.2509 (hm=0.3776, re=4.4488, fe=8.4245) | Val loss: 18.1293 (hm=0.3793, re=4.5327, fe=13.2173) | Val MRE(mm): 1.203 | SDR%(2/2.5/3/4): 85.0/91.3/95.0/97.9 | 61.3s
Epoch 24/200 | Train loss: 13.0841 (hm=0.3782, re=4.3977, fe=8.3083) | Val loss: 18.2907 (hm=0.3784, re=4.3050, fe=13.6073) | Val MRE(mm): 1.196 | SDR%(2/2.5/3/4): 85.6/92.3/95.2/98.3 | 61.1s
Epoch 25/200 | Train loss: 13.2458 (hm=0.3781, re=4.3865, fe=8.4812) | Val loss: 18.4842 (hm=0.3783, re=4.3335, fe=13.7724) | Val MRE(mm): 1.204 | SDR%(2/2.5/3/4): 85.6/91.5/95.1/97.9 | 61.1s
Epoch 26/200 | Train loss: 12.8463 (hm=0.3769, re=4.3544, fe=8.1150) | Val loss: 18.8391 (hm=0.3778, re=4.4601, fe=14.0012) | Val MRE(mm): 1.203 | SDR%(2/2.5/3/4): 85.2/91.4/95.0/98.0 | 61.0s
Epoch 27/200 | Train loss: 12.9724 (hm=0.3773, re=4.3960, fe=8.1992) | Val loss: 18.4495 (hm=0.3781, re=4.3595, fe=13.7120) | Val MRE(mm): 1.224 | SDR%(2/2.5/3/4): 84.5/90.9/95.2/98.0 | 61.1s
Epoch 28/200 | Train loss: 13.1943 (hm=0.3769, re=4.4113, fe=8.4061) | Val loss: 18.6614 (hm=0.3782, re=4.1959, fe=14.0873) | Val MRE(mm): 1.238 | SDR%(2/2.5/3/4): 84.1/91.2/94.9/97.9 | 61.4s
Epoch 29/200 | Train loss: 13.0977 (hm=0.3771, re=4.4306, fe=8.2900) | Val loss: 18.7619 (hm=0.3781, re=4.3302, fe=14.0535) | Val MRE(mm): 1.253 | SDR%(2/2.5/3/4): 84.4/90.4/94.7/97.6 | 61.0s
Epoch 30/200 | Train loss: 13.3719 (hm=0.3770, re=4.5425, fe=8.4524) | Val loss: 18.9260 (hm=0.3776, re=4.3422, fe=14.2062) | Val MRE(mm): 1.259 | SDR%(2/2.5/3/4): 84.3/90.6/94.5/97.6 | 61.0s
Epoch 31/200 | Train loss: 13.0709 (hm=0.3769, re=4.4032, fe=8.2908) | Val loss: 18.5040 (hm=0.3777, re=4.2247, fe=13.9016) | Val MRE(mm): 1.199 | SDR%(2/2.5/3/4): 84.8/91.4/95.1/98.3 | 61.0s
Epoch 32/200 | Train loss: 12.8532 (hm=0.3766, re=4.3578, fe=8.1188) | Val loss: 18.8708 (hm=0.3778, re=4.3344, fe=14.1586) | Val MRE(mm): 1.209 | SDR%(2/2.5/3/4): 85.2/91.4/94.8/98.2 | 61.0s
Epoch 33/200 | Train loss: 13.5374 (hm=0.3768, re=4.4246, fe=8.7359) | Val loss: 18.9680 (hm=0.3777, re=4.2573, fe=14.3330) | Val MRE(mm): 1.265 | SDR%(2/2.5/3/4): 84.2/91.0/94.6/97.8 | 61.0s
Epoch 34/200 | Train loss: 13.3954 (hm=0.3769, re=4.4154, fe=8.6031) | Val loss: 18.0631 (hm=0.3778, re=4.3778, fe=13.3076) | Val MRE(mm): 1.215 | SDR%(2/2.5/3/4): 84.8/91.3/95.1/98.0 | 60.9s
Epoch 35/200 | Train loss: 12.9600 (hm=0.3768, re=4.4026, fe=8.1806) | Val loss: 18.3981 (hm=0.3778, re=4.1962, fe=13.8242) | Val MRE(mm): 1.206 | SDR%(2/2.5/3/4): 85.3/91.6/95.1/97.9 | 61.1s
Epoch 36/200 | Train loss: 13.3588 (hm=0.3768, re=4.3847, fe=8.5972) | Val loss: 18.7389 (hm=0.3778, re=4.3947, fe=13.9663) | Val MRE(mm): 1.198 | SDR%(2/2.5/3/4): 85.3/91.4/95.1/98.1 | 61.1s
Epoch 37/200 | Train loss: 13.0605 (hm=0.3769, re=4.4122, fe=8.2715) | Val loss: 18.3893 (hm=0.3783, re=4.2075, fe=13.8035) | Val MRE(mm): 1.201 | SDR%(2/2.5/3/4): 85.7/91.9/95.4/98.1 | 60.9s
Epoch 38/200 | Train loss: 12.9690 (hm=0.3764, re=4.3320, fe=8.2606) | Val loss: 18.6211 (hm=0.3778, re=4.2250, fe=14.0183) | Val MRE(mm): 1.204 | SDR%(2/2.5/3/4): 85.6/91.7/95.4/97.9 | 60.8s
Epoch 39/200 | Train loss: 12.7130 (hm=0.3768, re=4.3535, fe=7.9827) | Val loss: 18.8955 (hm=0.3779, re=4.2325, fe=14.2851) | Val MRE(mm): 1.226 | SDR%(2/2.5/3/4): 84.8/90.7/94.8/97.9 | 61.0s
Epoch 40/200 | Train loss: 13.1337 (hm=0.3767, re=4.3678, fe=8.3893) | Val loss: 19.1904 (hm=0.3774, re=4.3690, fe=14.4441) | Val MRE(mm): 1.209 | SDR%(2/2.5/3/4): 85.0/91.5/95.2/98.1 | 61.0s
Epoch 41/200 | Train loss: 12.7208 (hm=0.3764, re=4.3542, fe=7.9902) | Val loss: 18.5359 (hm=0.3780, re=4.2152, fe=13.9428) | Val MRE(mm): 1.178 | SDR%(2/2.5/3/4): 85.8/92.2/95.6/98.1 | 61.6s
Epoch 42/200 | Train loss: 12.5683 (hm=0.3769, re=4.3402, fe=7.8512) | Val loss: 19.1258 (hm=0.3775, re=4.1674, fe=14.5810) | Val MRE(mm): 1.166 | SDR%(2/2.5/3/4): 85.9/92.1/95.2/98.1 | 62.5s
Epoch 43/200 | Train loss: 12.8198 (hm=0.3775, re=4.3557, fe=8.0867) | Val loss: 19.0009 (hm=0.3781, re=4.2886, fe=14.3341) | Val MRE(mm): 1.209 | SDR%(2/2.5/3/4): 85.1/91.9/95.3/98.0 | 61.3s
Epoch 44/200 | Train loss: 12.5721 (hm=0.3772, re=4.3244, fe=7.8706) | Val loss: 18.7676 (hm=0.3779, re=4.3192, fe=14.0704) | Val MRE(mm): 1.191 | SDR%(2/2.5/3/4): 85.4/91.5/95.2/98.1 | 61.1s
Epoch 45/200 | Train loss: 12.9223 (hm=0.3771, re=4.3213, fe=8.2239) | Val loss: 18.5770 (hm=0.3785, re=4.2145, fe=13.9840) | Val MRE(mm): 1.234 | SDR%(2/2.5/3/4): 84.5/90.8/94.5/97.9 | 61.0s
Epoch 46/200 | Train loss: 12.6234 (hm=0.3770, re=4.2913, fe=7.9551) | Val loss: 19.1548 (hm=0.3781, re=4.2932, fe=14.4835) | Val MRE(mm): 1.238 | SDR%(2/2.5/3/4): 84.2/90.9/94.8/97.9 | 61.1s
Epoch 47/200 | Train loss: 12.6006 (hm=0.3768, re=4.3057, fe=7.9181) | Val loss: 18.6489 (hm=0.3778, re=4.4496, fe=13.8215) | Val MRE(mm): 1.184 | SDR%(2/2.5/3/4): 85.9/92.0/95.3/98.0 | 61.2s
Epoch 48/200 | Train loss: 12.4604 (hm=0.3765, re=4.2780, fe=7.8058) | Val loss: 18.8165 (hm=0.3774, re=4.1666, fe=14.2725) | Val MRE(mm): 1.229 | SDR%(2/2.5/3/4): 84.6/91.4/95.1/97.9 | 61.4s
Epoch 49/200 | Train loss: 12.6079 (hm=0.3768, re=4.3069, fe=7.9243) | Val loss: 18.5158 (hm=0.3776, re=4.1357, fe=14.0025) | Val MRE(mm): 1.229 | SDR%(2/2.5/3/4): 85.3/91.4/95.2/98.0 | 61.2s
Epoch 50/200 | Train loss: 12.5149 (hm=0.3767, re=4.3014, fe=7.8368) | Val loss: 18.6246 (hm=0.3773, re=4.1031, fe=14.1441) | Val MRE(mm): 1.219 | SDR%(2/2.5/3/4): 85.4/91.4/94.9/97.7 | 61.0s
Epoch 51/200 | Train loss: 12.3274 (hm=0.3765, re=4.2267, fe=7.7242) | Val loss: 18.8998 (hm=0.3775, re=4.1217, fe=14.4006) | Val MRE(mm): 1.218 | SDR%(2/2.5/3/4): 85.7/91.8/95.1/97.9 | 61.0s
Epoch 52/200 | Train loss: 12.3028 (hm=0.3765, re=4.2651, fe=7.6613) | Val loss: 18.9518 (hm=0.3773, re=4.1134, fe=14.4611) | Val MRE(mm): 1.216 | SDR%(2/2.5/3/4): 85.1/92.0/95.3/97.9 | 61.1s
Epoch 53/200 | Train loss: 12.2814 (hm=0.3766, re=4.2900, fe=7.6147) | Val loss: 19.5677 (hm=0.3774, re=4.2808, fe=14.9096) | Val MRE(mm): 1.221 | SDR%(2/2.5/3/4): 85.3/91.0/94.9/98.1 | 60.8s
Epoch 54/200 | Train loss: 12.5350 (hm=0.3764, re=4.3164, fe=7.8423) | Val loss: 18.8613 (hm=0.3772, re=4.2091, fe=14.2751) | Val MRE(mm): 1.235 | SDR%(2/2.5/3/4): 85.9/91.4/95.1/98.0 | 61.0s
Epoch 55/200 | Train loss: 12.3234 (hm=0.3762, re=4.2930, fe=7.6542) | Val loss: 18.6922 (hm=0.3775, re=4.1548, fe=14.1600) | Val MRE(mm): 1.201 | SDR%(2/2.5/3/4): 85.4/91.6/94.9/98.0 | 61.2s
Epoch 56/200 | Train loss: 12.4834 (hm=0.3766, re=4.3454, fe=7.7614) | Val loss: 18.9724 (hm=0.3775, re=4.1578, fe=14.4371) | Val MRE(mm): 1.187 | SDR%(2/2.5/3/4): 86.1/92.1/95.5/98.2 | 60.9s
Epoch 57/200 | Train loss: 12.3657 (hm=0.3761, re=4.3246, fe=7.6651) | Val loss: 19.5160 (hm=0.3775, re=4.1944, fe=14.9441) | Val MRE(mm): 1.220 | SDR%(2/2.5/3/4): 85.2/91.3/95.2/97.9 | 61.0s
Epoch 58/200 | Train loss: 12.5346 (hm=0.3764, re=4.3385, fe=7.8197) | Val loss: 19.1679 (hm=0.3774, re=4.2536, fe=14.5369) | Val MRE(mm): 1.216 | SDR%(2/2.5/3/4): 86.0/92.3/95.4/98.1 | 60.9s
Epoch 59/200 | Train loss: 12.4165 (hm=0.3763, re=4.3519, fe=7.6884) | Val loss: 19.0508 (hm=0.3774, re=4.1990, fe=14.4744) | Val MRE(mm): 1.187 | SDR%(2/2.5/3/4): 85.6/91.4/95.3/97.9 | 61.1s
Epoch 60/200 | Train loss: 12.2914 (hm=0.3766, re=4.3189, fe=7.5960) | Val loss: 19.1109 (hm=0.3775, re=4.2471, fe=14.4864) | Val MRE(mm): 1.220 | SDR%(2/2.5/3/4): 84.9/91.3/94.9/98.1 | 61.1s
Epoch 61/200 | Train loss: 12.2982 (hm=0.3763, re=4.3387, fe=7.5832) | Val loss: 19.5484 (hm=0.3777, re=4.4070, fe=14.7637) | Val MRE(mm): 1.277 | SDR%(2/2.5/3/4): 84.6/91.7/94.9/97.7 | 61.4s
Epoch 62/200 | Train loss: 12.4451 (hm=0.3767, re=4.3508, fe=7.7176) | Val loss: 19.0607 (hm=0.3775, re=4.2137, fe=14.4696) | Val MRE(mm): 1.199 | SDR%(2/2.5/3/4): 84.7/91.3/95.0/98.1 | 61.2s
Epoch 63/200 | Train loss: 12.2437 (hm=0.3761, re=4.3219, fe=7.5457) | Val loss: 19.7554 (hm=0.3776, re=4.2704, fe=15.1073) | Val MRE(mm): 1.201 | SDR%(2/2.5/3/4): 85.0/91.0/95.1/97.8 | 61.0s
Epoch 64/200 | Train loss: 12.3158 (hm=0.3763, re=4.3359, fe=7.6036) | Val loss: 19.1505 (hm=0.3778, re=4.1412, fe=14.6315) | Val MRE(mm): 1.193 | SDR%(2/2.5/3/4): 85.2/91.5/95.3/98.1 | 61.2s
Epoch 65/200 | Train loss: 12.3850 (hm=0.3760, re=4.3744, fe=7.6345) | Val loss: 19.0565 (hm=0.3774, re=4.3420, fe=14.3371) | Val MRE(mm): 1.169 | SDR%(2/2.5/3/4): 85.7/91.7/95.3/98.1 | 61.1s
Epoch 66/200 | Train loss: 12.5521 (hm=0.3767, re=4.3940, fe=7.7814) | Val loss: 18.7775 (hm=0.3771, re=4.2607, fe=14.1397) | Val MRE(mm): 1.159 | SDR%(2/2.5/3/4): 86.4/92.1/95.4/98.2 | 61.2s
Epoch 67/200 | Train loss: 12.4526 (hm=0.3761, re=4.3251, fe=7.7514) | Val loss: 19.0191 (hm=0.3774, re=4.1779, fe=14.4638) | Val MRE(mm): 1.201 | SDR%(2/2.5/3/4): 85.9/92.0/95.7/98.1 | 61.1s
Epoch 68/200 | Train loss: 12.4587 (hm=0.3764, re=4.3510, fe=7.7313) | Val loss: 19.3660 (hm=0.3773, re=4.2904, fe=14.6983) | Val MRE(mm): 1.215 | SDR%(2/2.5/3/4): 85.1/91.4/95.2/98.0 | 60.8s
Epoch 69/200 | Train loss: 12.2452 (hm=0.3763, re=4.3529, fe=7.5160) | Val loss: 19.1359 (hm=0.3774, re=4.1871, fe=14.5714) | Val MRE(mm): 1.213 | SDR%(2/2.5/3/4): 85.1/92.0/95.2/97.9 | 61.1s
Epoch 70/200 | Train loss: 12.3335 (hm=0.3757, re=4.3147, fe=7.6431) | Val loss: 18.7711 (hm=0.3772, re=4.1669, fe=14.2270) | Val MRE(mm): 1.211 | SDR%(2/2.5/3/4): 85.5/91.6/95.3/98.1 | 60.9s
Epoch 71/200 | Train loss: 12.3159 (hm=0.3759, re=4.3567, fe=7.5834) | Val loss: 19.8013 (hm=0.3770, re=4.2064, fe=15.2180) | Val MRE(mm): 1.230 | SDR%(2/2.5/3/4): 85.4/91.4/95.1/98.0 | 62.7s
Epoch 72/200 | Train loss: 12.4063 (hm=0.3761, re=4.3058, fe=7.7244) | Val loss: 19.5772 (hm=0.3774, re=4.2480, fe=14.9518) | Val MRE(mm): 1.261 | SDR%(2/2.5/3/4): 85.0/91.5/95.1/97.7 | 61.0s
Epoch 73/200 | Train loss: 12.0685 (hm=0.3760, re=4.2621, fe=7.4303) | Val loss: 20.2613 (hm=0.3770, re=4.5810, fe=15.3033) | Val MRE(mm): 1.285 | SDR%(2/2.5/3/4): 84.3/91.2/94.3/97.5 | 61.1s
Epoch 74/200 | Train loss: 12.0607 (hm=0.3761, re=4.2756, fe=7.4090) | Val loss: 19.0505 (hm=0.3771, re=4.0825, fe=14.5909) | Val MRE(mm): 1.197 | SDR%(2/2.5/3/4): 85.5/91.4/94.9/98.1 | 61.0s
Epoch 75/200 | Train loss: 12.0408 (hm=0.3764, re=4.2758, fe=7.3886) | Val loss: 19.0065 (hm=0.3772, re=4.1424, fe=14.4869) | Val MRE(mm): 1.217 | SDR%(2/2.5/3/4): 84.9/91.4/94.9/98.0 | 61.2s
Epoch 76/200 | Train loss: 12.3373 (hm=0.3762, re=4.2882, fe=7.6730) | Val loss: 19.0995 (hm=0.3770, re=4.2263, fe=14.4963) | Val MRE(mm): 1.199 | SDR%(2/2.5/3/4): 86.1/92.1/95.3/97.9 | 60.8s
Epoch 77/200 | Train loss: 12.3540 (hm=0.3759, re=4.3007, fe=7.6774) | Val loss: 19.2468 (hm=0.3769, re=4.1887, fe=14.6812) | Val MRE(mm): 1.189 | SDR%(2/2.5/3/4): 85.3/92.1/95.2/98.1 | 61.1s
Epoch 78/200 | Train loss: 11.8902 (hm=0.3761, re=4.2178, fe=7.2963) | Val loss: 19.4175 (hm=0.3772, re=4.3672, fe=14.6731) | Val MRE(mm): 1.201 | SDR%(2/2.5/3/4): 86.2/92.1/95.3/98.1 | 61.2s
Epoch 79/200 | Train loss: 12.3103 (hm=0.3761, re=4.3233, fe=7.6109) | Val loss: 19.6766 (hm=0.3771, re=4.1138, fe=15.1858) | Val MRE(mm): 1.243 | SDR%(2/2.5/3/4): 84.8/91.4/94.9/98.0 | 61.0s
Epoch 80/200 | Train loss: 12.4975 (hm=0.3757, re=4.2767, fe=7.8450) | Val loss: 18.6624 (hm=0.3773, re=4.1539, fe=14.1312) | Val MRE(mm): 1.176 | SDR%(2/2.5/3/4): 86.1/92.0/95.4/98.2 | 61.1s
Epoch 81/200 | Train loss: 12.3203 (hm=0.3758, re=4.3041, fe=7.6404) | Val loss: 18.8332 (hm=0.3770, re=4.2538, fe=14.2024) | Val MRE(mm): 1.180 | SDR%(2/2.5/3/4): 85.9/92.1/95.3/98.0 | 61.3s
Epoch 82/200 | Train loss: 12.1251 (hm=0.3757, re=4.2307, fe=7.5187) | Val loss: 19.6045 (hm=0.3770, re=4.4416, fe=14.7859) | Val MRE(mm): 1.192 | SDR%(2/2.5/3/4): 85.6/92.0/95.2/98.1 | 61.0s
Epoch 83/200 | Train loss: 11.9785 (hm=0.3758, re=4.2201, fe=7.3826) | Val loss: 19.5540 (hm=0.3770, re=4.2624, fe=14.9145) | Val MRE(mm): 1.188 | SDR%(2/2.5/3/4): 85.5/91.5/95.1/98.1 | 61.0s
Epoch 84/200 | Train loss: 12.0595 (hm=0.3761, re=4.2292, fe=7.4541) | Val loss: 18.7238 (hm=0.3774, re=4.2208, fe=14.1257) | Val MRE(mm): 1.165 | SDR%(2/2.5/3/4): 86.5/92.1/95.1/98.2 | 61.1s
Epoch 85/200 | Train loss: 11.9217 (hm=0.3761, re=4.2501, fe=7.2955) | Val loss: 20.1943 (hm=0.3770, re=4.1039, fe=15.7135) | Val MRE(mm): 1.204 | SDR%(2/2.5/3/4): 85.4/91.7/95.1/98.1 | 61.0s
Epoch 86/200 | Train loss: 11.8800 (hm=0.3754, re=4.2093, fe=7.2953) | Val loss: 20.3166 (hm=0.3769, re=4.3756, fe=15.5641) | Val MRE(mm): 1.206 | SDR%(2/2.5/3/4): 85.5/91.8/94.8/98.1 | 61.0s
Epoch 87/200 | Train loss: 11.8311 (hm=0.3757, re=4.2203, fe=7.2351) | Val loss: 19.8850 (hm=0.3770, re=4.2385, fe=15.2694) | Val MRE(mm): 1.224 | SDR%(2/2.5/3/4): 85.2/91.0/94.9/98.1 | 61.1s
Epoch 88/200 | Train loss: 11.6097 (hm=0.3763, re=4.1541, fe=7.0793) | Val loss: 20.0212 (hm=0.3771, re=4.2987, fe=15.3454) | Val MRE(mm): 1.248 | SDR%(2/2.5/3/4): 84.3/90.7/94.4/97.7 | 60.9s
Epoch 89/200 | Train loss: 11.6697 (hm=0.3753, re=4.2157, fe=7.0786) | Val loss: 20.1882 (hm=0.3768, re=4.3110, fe=15.5004) | Val MRE(mm): 1.193 | SDR%(2/2.5/3/4): 85.8/91.0/94.9/98.0 | 61.1s
Epoch 90/200 | Train loss: 11.8872 (hm=0.3754, re=4.2219, fe=7.2899) | Val loss: 18.5851 (hm=0.3764, re=4.0998, fe=14.1089) | Val MRE(mm): 1.169 | SDR%(2/2.5/3/4): 86.2/91.8/95.6/98.1 | 61.2s
Epoch 91/200 | Train loss: 11.9454 (hm=0.3756, re=4.2098, fe=7.3601) | Val loss: 19.5427 (hm=0.3766, re=4.1142, fe=15.0519) | Val MRE(mm): 1.195 | SDR%(2/2.5/3/4): 85.7/91.8/95.3/98.1 | 61.0s
Epoch 92/200 | Train loss: 11.7089 (hm=0.3752, re=4.2116, fe=7.1220) | Val loss: 19.2853 (hm=0.3770, re=4.1035, fe=14.8048) | Val MRE(mm): 1.176 | SDR%(2/2.5/3/4): 85.9/92.1/95.5/98.1 | 61.2s
Epoch 93/200 | Train loss: 11.9447 (hm=0.3754, re=4.2126, fe=7.3567) | Val loss: 19.1772 (hm=0.3767, re=4.1293, fe=14.6712) | Val MRE(mm): 1.175 | SDR%(2/2.5/3/4): 85.2/91.7/95.0/98.0 | 61.1s
Epoch 94/200 | Train loss: 11.7976 (hm=0.3759, re=4.1463, fe=7.2754) | Val loss: 19.4035 (hm=0.3766, re=4.0934, fe=14.9336) | Val MRE(mm): 1.167 | SDR%(2/2.5/3/4): 86.3/92.4/95.7/98.4 | 61.1s
Epoch 95/200 | Train loss: 11.6224 (hm=0.3756, re=4.1664, fe=7.0804) | Val loss: 20.8093 (hm=0.3766, re=4.2742, fe=16.1586) | Val MRE(mm): 1.177 | SDR%(2/2.5/3/4): 85.8/91.8/95.2/98.0 | 61.0s
Epoch 96/200 | Train loss: 11.7226 (hm=0.3753, re=4.2071, fe=7.1402) | Val loss: 20.4477 (hm=0.3764, re=4.2955, fe=15.7758) | Val MRE(mm): 1.183 | SDR%(2/2.5/3/4): 86.1/92.2/95.4/98.1 | 61.1s
Epoch 97/200 | Train loss: 12.3141 (hm=0.3752, re=4.2157, fe=7.7232) | Val loss: 20.1686 (hm=0.3766, re=4.2415, fe=15.5505) | Val MRE(mm): 1.204 | SDR%(2/2.5/3/4): 84.6/90.4/94.1/97.6 | 61.0s
Epoch 98/200 | Train loss: 12.3337 (hm=0.3752, re=4.2170, fe=7.7415) | Val loss: 18.8950 (hm=0.3765, re=4.1601, fe=14.3584) | Val MRE(mm): 1.184 | SDR%(2/2.5/3/4): 85.8/91.6/95.2/98.1 | 61.3s
Epoch 99/200 | Train loss: 11.6617 (hm=0.3757, re=4.2188, fe=7.0672) | Val loss: 19.8375 (hm=0.3766, re=4.0912, fe=15.3698) | Val MRE(mm): 1.185 | SDR%(2/2.5/3/4): 85.4/91.4/95.2/98.1 | 60.9s
Epoch 100/200 | Train loss: 11.5993 (hm=0.3755, re=4.1552, fe=7.0685) | Val loss: 20.0179 (hm=0.3765, re=4.2915, fe=15.3499) | Val MRE(mm): 1.178 | SDR%(2/2.5/3/4): 85.5/92.0/95.6/98.2 | 65.1s
Epoch 101/200 | Train loss: 11.9650 (hm=0.3753, re=4.1855, fe=7.4042) | Val loss: 19.5773 (hm=0.3765, re=4.0701, fe=15.1307) | Val MRE(mm): 1.167 | SDR%(2/2.5/3/4): 85.7/91.6/95.1/98.0 | 62.9s
Epoch 102/200 | Train loss: 11.6167 (hm=0.3754, re=4.1834, fe=7.0579) | Val loss: 19.5269 (hm=0.3765, re=4.0299, fe=15.1204) | Val MRE(mm): 1.196 | SDR%(2/2.5/3/4): 85.5/91.9/95.2/98.1 | 60.9s
Epoch 103/200 | Train loss: 11.5410 (hm=0.3755, re=4.1093, fe=7.0563) | Val loss: 20.2354 (hm=0.3772, re=4.2458, fe=15.6125) | Val MRE(mm): 1.168 | SDR%(2/2.5/3/4): 85.4/92.0/95.1/98.1 | 61.0s
Epoch 104/200 | Train loss: 11.6573 (hm=0.3760, re=4.1653, fe=7.1160) | Val loss: 19.5341 (hm=0.3768, re=4.4712, fe=14.6862) | Val MRE(mm): 1.159 | SDR%(2/2.5/3/4): 86.1/91.9/95.6/98.2 | 61.0s
Epoch 105/200 | Train loss: 11.3947 (hm=0.3755, re=4.1148, fe=6.9045) | Val loss: 20.1277 (hm=0.3766, re=4.1677, fe=15.5835) | Val MRE(mm): 1.204 | SDR%(2/2.5/3/4): 85.3/91.4/95.1/98.1 | 61.3s
Epoch 106/200 | Train loss: 11.2297 (hm=0.3752, re=4.0980, fe=6.7565) | Val loss: 20.2421 (hm=0.3765, re=3.9810, fe=15.8846) | Val MRE(mm): 1.154 | SDR%(2/2.5/3/4): 86.6/92.2/95.5/98.2 | 61.0s
Epoch 107/200 | Train loss: 11.2824 (hm=0.3753, re=4.0886, fe=6.8185) | Val loss: 19.8526 (hm=0.3764, re=4.1397, fe=15.3365) | Val MRE(mm): 1.175 | SDR%(2/2.5/3/4): 86.0/91.9/95.3/98.0 | 61.3s
Epoch 108/200 | Train loss: 11.6473 (hm=0.3750, re=4.0153, fe=7.2569) | Val loss: 19.9225 (hm=0.3763, re=4.0959, fe=15.4504) | Val MRE(mm): 1.203 | SDR%(2/2.5/3/4): 85.1/91.2/94.8/98.1 | 61.0s
Epoch 109/200 | Train loss: 11.3750 (hm=0.3751, re=4.0628, fe=6.9371) | Val loss: 19.2684 (hm=0.3762, re=4.2853, fe=14.6069) | Val MRE(mm): 1.181 | SDR%(2/2.5/3/4): 85.4/91.3/94.9/98.1 | 61.2s
Epoch 110/200 | Train loss: 11.2716 (hm=0.3755, re=4.0331, fe=6.8631) | Val loss: 20.0823 (hm=0.3763, re=3.9713, fe=15.7347) | Val MRE(mm): 1.169 | SDR%(2/2.5/3/4): 85.7/91.9/95.2/98.2 | 61.2s
Epoch 111/200 | Train loss: 11.1046 (hm=0.3748, re=4.0735, fe=6.6563) | Val loss: 20.4433 (hm=0.3766, re=4.0014, fe=16.0653) | Val MRE(mm): 1.172 | SDR%(2/2.5/3/4): 85.3/91.7/95.1/98.1 | 61.1s
Epoch 112/200 | Train loss: 11.1157 (hm=0.3752, re=4.0422, fe=6.6983) | Val loss: 19.9149 (hm=0.3763, re=3.9479, fe=15.5907) | Val MRE(mm): 1.169 | SDR%(2/2.5/3/4): 86.2/92.1/95.3/98.3 | 61.1s
Epoch 113/200 | Train loss: 11.1793 (hm=0.3751, re=4.0759, fe=6.7282) | Val loss: 20.2439 (hm=0.3764, re=4.0913, fe=15.7762) | Val MRE(mm): 1.166 | SDR%(2/2.5/3/4): 86.3/91.8/95.4/98.1 | 61.0s
Epoch 114/200 | Train loss: 11.1232 (hm=0.3758, re=4.0420, fe=6.7054) | Val loss: 19.6773 (hm=0.3764, re=4.0436, fe=15.2574) | Val MRE(mm): 1.163 | SDR%(2/2.5/3/4): 86.2/91.8/95.4/98.0 | 61.0s
Epoch 115/200 | Train loss: 11.0515 (hm=0.3753, re=4.0741, fe=6.6020) | Val loss: 20.2099 (hm=0.3762, re=3.9460, fe=15.8876) | Val MRE(mm): 1.182 | SDR%(2/2.5/3/4): 85.8/91.7/95.1/98.0 | 61.0s
Epoch 116/200 | Train loss: 11.7245 (hm=0.3750, re=4.1037, fe=7.2458) | Val loss: 19.9071 (hm=0.3763, re=4.0689, fe=15.4619) | Val MRE(mm): 1.165 | SDR%(2/2.5/3/4): 86.0/91.7/95.2/98.2 | 61.1s
Epoch 117/200 | Train loss: 11.3924 (hm=0.3750, re=4.0515, fe=6.9659) | Val loss: 19.2464 (hm=0.3762, re=4.0105, fe=14.8597) | Val MRE(mm): 1.177 | SDR%(2/2.5/3/4): 85.5/91.7/95.0/98.2 | 61.0s
Epoch 118/200 | Train loss: 11.2396 (hm=0.3752, re=4.1093, fe=6.7551) | Val loss: 19.8077 (hm=0.3763, re=3.9238, fe=15.5076) | Val MRE(mm): 1.170 | SDR%(2/2.5/3/4): 85.8/91.7/95.2/98.1 | 61.0s
Epoch 119/200 | Train loss: 11.2545 (hm=0.3754, re=4.0419, fe=6.8371) | Val loss: 19.7546 (hm=0.3763, re=4.0823, fe=15.2960) | Val MRE(mm): 1.193 | SDR%(2/2.5/3/4): 85.5/91.3/95.2/98.0 | 60.9s
Epoch 120/200 | Train loss: 11.3135 (hm=0.3752, re=4.0195, fe=6.9187) | Val loss: 20.3098 (hm=0.3764, re=4.0832, fe=15.8501) | Val MRE(mm): 1.183 | SDR%(2/2.5/3/4): 85.7/91.8/95.2/98.1 | 61.0s
Epoch 121/200 | Train loss: 11.5551 (hm=0.3753, re=4.1175, fe=7.0622) | Val loss: 19.9555 (hm=0.3765, re=3.9481, fe=15.6310) | Val MRE(mm): 1.193 | SDR%(2/2.5/3/4): 85.7/92.0/95.4/98.2 | 61.0s
Epoch 122/200 | Train loss: 11.7072 (hm=0.3754, re=4.0566, fe=7.2752) | Val loss: 20.0517 (hm=0.3766, re=4.1208, fe=15.5543) | Val MRE(mm): 1.201 | SDR%(2/2.5/3/4): 85.3/91.3/95.0/98.0 | 60.9s
Epoch 123/200 | Train loss: 11.8409 (hm=0.3747, re=4.1073, fe=7.3590) | Val loss: 18.8035 (hm=0.3765, re=4.1057, fe=14.3212) | Val MRE(mm): 1.182 | SDR%(2/2.5/3/4): 86.3/92.1/95.5/98.3 | 61.1s
Epoch 124/200 | Train loss: 11.4301 (hm=0.3753, re=4.0917, fe=6.9631) | Val loss: 20.4820 (hm=0.3767, re=4.3624, fe=15.7428) | Val MRE(mm): 1.192 | SDR%(2/2.5/3/4): 86.2/91.9/95.3/98.1 | 61.0s
Epoch 125/200 | Train loss: 11.5056 (hm=0.3755, re=4.1163, fe=7.0138) | Val loss: 19.9416 (hm=0.3767, re=4.0937, fe=15.4712) | Val MRE(mm): 1.168 | SDR%(2/2.5/3/4): 85.9/91.8/95.3/98.2 | 61.2s
Epoch 126/200 | Train loss: 11.1880 (hm=0.3753, re=4.0759, fe=6.7368) | Val loss: 20.5513 (hm=0.3767, re=4.1279, fe=16.0468) | Val MRE(mm): 1.186 | SDR%(2/2.5/3/4): 85.5/91.9/95.3/98.0 | 61.0s
Epoch 127/200 | Train loss: 11.4303 (hm=0.3753, re=4.0918, fe=6.9633) | Val loss: 20.6151 (hm=0.3768, re=4.1204, fe=16.1179) | Val MRE(mm): 1.230 | SDR%(2/2.5/3/4): 85.6/91.6/95.5/98.0 | 60.9s
Epoch 128/200 | Train loss: 11.1025 (hm=0.3756, re=4.0511, fe=6.6758) | Val loss: 19.4979 (hm=0.3767, re=3.9514, fe=15.1698) | Val MRE(mm): 1.165 | SDR%(2/2.5/3/4): 86.0/92.1/95.4/98.0 | 61.2s
Epoch 129/200 | Train loss: 11.1926 (hm=0.3753, re=4.0653, fe=6.7521) | Val loss: 20.4459 (hm=0.3779, re=4.0202, fe=16.0478) | Val MRE(mm): 1.181 | SDR%(2/2.5/3/4): 85.9/91.8/95.4/98.1 | 61.2s
Epoch 130/200 | Train loss: 11.2818 (hm=0.3758, re=4.0627, fe=6.8434) | Val loss: 19.8797 (hm=0.3768, re=4.0912, fe=15.4117) | Val MRE(mm): 1.155 | SDR%(2/2.5/3/4): 86.4/92.0/95.3/98.1 | 62.2s
Epoch 131/200 | Train loss: 10.9865 (hm=0.3753, re=4.0972, fe=6.5139) | Val loss: 20.6310 (hm=0.3771, re=3.9777, fe=16.2762) | Val MRE(mm): 1.172 | SDR%(2/2.5/3/4): 85.7/91.8/95.3/98.2 | 61.0s
Epoch 132/200 | Train loss: 11.3659 (hm=0.3756, re=4.1657, fe=6.8246) | Val loss: 20.9151 (hm=0.3767, re=4.1316, fe=16.4068) | Val MRE(mm): 1.153 | SDR%(2/2.5/3/4): 86.6/92.7/95.4/98.2 | 61.2s
Epoch 133/200 | Train loss: 11.0860 (hm=0.3758, re=4.0436, fe=6.6666) | Val loss: 20.2581 (hm=0.3772, re=4.1671, fe=15.7137) | Val MRE(mm): 1.180 | SDR%(2/2.5/3/4): 85.6/91.7/95.1/98.0 | 61.3s
Epoch 134/200 | Train loss: 11.3014 (hm=0.3753, re=4.1231, fe=6.8030) | Val loss: 20.3778 (hm=0.3767, re=4.1073, fe=15.8937) | Val MRE(mm): 1.165 | SDR%(2/2.5/3/4): 86.0/92.0/95.3/98.1 | 61.0s
Epoch 135/200 | Train loss: 11.1930 (hm=0.3758, re=4.0366, fe=6.7806) | Val loss: 21.4650 (hm=0.3771, re=4.2100, fe=16.8779) | Val MRE(mm): 1.167 | SDR%(2/2.5/3/4): 86.3/92.4/95.4/98.3 | 67.2s
Epoch 136/200 | Train loss: 10.9002 (hm=0.3759, re=4.0083, fe=6.5160) | Val loss: 20.0869 (hm=0.3766, re=4.1341, fe=15.5762) | Val MRE(mm): 1.171 | SDR%(2/2.5/3/4): 86.2/92.1/95.4/98.1 | 61.1s
Epoch 137/200 | Train loss: 10.8807 (hm=0.3754, re=4.0448, fe=6.4604) | Val loss: 20.6757 (hm=0.3766, re=4.3725, fe=15.9266) | Val MRE(mm): 1.176 | SDR%(2/2.5/3/4): 86.1/91.7/95.4/98.1 | 61.0s
Epoch 138/200 | Train loss: 10.9346 (hm=0.3754, re=4.0487, fe=6.5104) | Val loss: 20.4171 (hm=0.3763, re=3.9185, fe=16.1223) | Val MRE(mm): 1.138 | SDR%(2/2.5/3/4): 86.6/92.2/95.5/98.2 | 61.0s
Epoch 139/200 | Train loss: 10.5371 (hm=0.3752, re=4.0007, fe=6.1612) | Val loss: 21.2257 (hm=0.3766, re=3.9200, fe=16.9291) | Val MRE(mm): 1.171 | SDR%(2/2.5/3/4): 85.8/92.1/95.3/98.3 | 61.4s
Epoch 140/200 | Train loss: 10.9809 (hm=0.3754, re=4.1024, fe=6.5030) | Val loss: 20.7743 (hm=0.3767, re=3.9032, fe=16.4944) | Val MRE(mm): 1.204 | SDR%(2/2.5/3/4): 85.1/91.5/95.1/97.9 | 61.1s
Epoch 141/200 | Train loss: 10.6571 (hm=0.3752, re=3.9927, fe=6.2892) | Val loss: 20.7878 (hm=0.3764, re=4.0777, fe=16.3337) | Val MRE(mm): 1.180 | SDR%(2/2.5/3/4): 86.3/91.7/94.9/98.1 | 61.0s
Epoch 142/200 | Train loss: 10.6533 (hm=0.3754, re=3.9589, fe=6.3190) | Val loss: 21.5271 (hm=0.3765, re=4.1456, fe=17.0050) | Val MRE(mm): 1.193 | SDR%(2/2.5/3/4): 85.6/91.5/95.2/98.1 | 61.1s
Epoch 143/200 | Train loss: 10.8849 (hm=0.3751, re=3.9817, fe=6.5281) | Val loss: 20.7985 (hm=0.3762, re=4.0477, fe=16.3746) | Val MRE(mm): 1.204 | SDR%(2/2.5/3/4): 85.2/91.5/95.2/98.1 | 61.3s
Epoch 144/200 | Train loss: 10.6651 (hm=0.3752, re=3.9253, fe=6.3646) | Val loss: 20.7156 (hm=0.3765, re=3.9367, fe=16.4024) | Val MRE(mm): 1.181 | SDR%(2/2.5/3/4): 85.8/91.6/95.3/98.2 | 61.0s
Epoch 145/200 | Train loss: 10.5490 (hm=0.3747, re=3.9747, fe=6.1995) | Val loss: 21.7959 (hm=0.3763, re=4.1049, fe=17.3146) | Val MRE(mm): 1.180 | SDR%(2/2.5/3/4): 86.1/91.9/95.2/98.4 | 61.1s
Epoch 146/200 | Train loss: 10.5830 (hm=0.3747, re=3.9778, fe=6.2306) | Val loss: 20.8633 (hm=0.3762, re=3.8860, fe=16.6010) | Val MRE(mm): 1.199 | SDR%(2/2.5/3/4): 85.7/91.8/95.2/98.1 | 61.1s
Epoch 147/200 | Train loss: 10.5795 (hm=0.3746, re=3.9387, fe=6.2662) | Val loss: 21.1919 (hm=0.3762, re=3.8964, fe=16.9192) | Val MRE(mm): 1.178 | SDR%(2/2.5/3/4): 85.9/92.1/95.1/98.2 | 61.1s
Epoch 148/200 | Train loss: 10.4909 (hm=0.3747, re=3.9634, fe=6.1528) | Val loss: 21.1706 (hm=0.3763, re=3.9064, fe=16.8879) | Val MRE(mm): 1.190 | SDR%(2/2.5/3/4): 85.6/91.7/95.2/98.1 | 61.2s
Epoch 149/200 | Train loss: 10.4230 (hm=0.3749, re=3.9447, fe=6.1033) | Val loss: 21.0006 (hm=0.3763, re=3.8502, fe=16.7742) | Val MRE(mm): 1.173 | SDR%(2/2.5/3/4): 85.5/91.8/95.5/98.2 | 61.1s
Epoch 150/200 | Train loss: 10.4790 (hm=0.3749, re=3.9416, fe=6.1625) | Val loss: 20.7713 (hm=0.3762, re=3.9105, fe=16.4846) | Val MRE(mm): 1.184 | SDR%(2/2.5/3/4): 85.9/92.0/95.3/98.0 | 61.0s
Epoch 151/200 | Train loss: 10.7236 (hm=0.3748, re=3.9400, fe=6.4088) | Val loss: 21.2904 (hm=0.3763, re=4.0505, fe=16.8636) | Val MRE(mm): 1.187 | SDR%(2/2.5/3/4): 85.5/91.9/95.4/98.2 | 61.0s
Epoch 152/200 | Train loss: 10.3701 (hm=0.3749, re=3.9062, fe=6.0889) | Val loss: 21.3856 (hm=0.3762, re=3.9264, fe=17.0830) | Val MRE(mm): 1.156 | SDR%(2/2.5/3/4): 86.5/92.3/95.6/98.1 | 61.1s
Epoch 153/200 | Train loss: 10.9857 (hm=0.3746, re=3.9142, fe=6.6968) | Val loss: 20.7527 (hm=0.3761, re=3.9451, fe=16.4314) | Val MRE(mm): 1.191 | SDR%(2/2.5/3/4): 85.8/92.1/95.3/98.3 | 61.1s
Epoch 154/200 | Train loss: 10.6125 (hm=0.3750, re=3.9287, fe=6.3089) | Val loss: 20.5816 (hm=0.3764, re=3.9237, fe=16.2815) | Val MRE(mm): 1.170 | SDR%(2/2.5/3/4): 86.4/92.2/95.4/98.2 | 61.2s
Epoch 155/200 | Train loss: 10.7794 (hm=0.3748, re=3.9104, fe=6.4942) | Val loss: 20.5446 (hm=0.3762, re=3.8053, fe=16.3630) | Val MRE(mm): 1.194 | SDR%(2/2.5/3/4): 85.5/91.9/95.3/98.2 | 60.9s
Epoch 156/200 | Train loss: 10.3175 (hm=0.3747, re=3.8827, fe=6.0601) | Val loss: 21.6439 (hm=0.3762, re=4.0454, fe=17.2223) | Val MRE(mm): 1.188 | SDR%(2/2.5/3/4): 86.2/91.9/95.3/98.2 | 61.1s
Epoch 157/200 | Train loss: 10.5816 (hm=0.3747, re=3.9214, fe=6.2855) | Val loss: 21.1267 (hm=0.3765, re=4.0648, fe=16.6854) | Val MRE(mm): 1.180 | SDR%(2/2.5/3/4): 85.6/92.1/95.1/98.1 | 61.0s
Epoch 158/200 | Train loss: 10.9576 (hm=0.3751, re=3.9907, fe=6.5917) | Val loss: 20.8056 (hm=0.3762, re=4.1120, fe=16.3173) | Val MRE(mm): 1.176 | SDR%(2/2.5/3/4): 85.8/92.2/95.5/98.2 | 61.0s
Warning: You are sending unauthenticated requests to the HF Hub. Please set a HF_TOKEN to enable higher rate limits and faster downloads.
/kaggle/working/DeLR-Cephalometric-ConvNeXtV2/delr/model.py:411: UserWarning: enable_nested_tensor is True, but self.use_nested_tensor is False because encoder_layer.self_attn.batch_first was not True(use batch_first for better inference performance)
  self.reference_encoder = nn.TransformerEncoder(enc_layer_ref, num_layers=num_layers_ref)
seed=2 backbone_amp=True
Resumed weights from outputs/isbi3p_seed2/phase1/best_model.pt (missing=0, unexpected=0, skipped_shape_mismatch=0).
Checkpoint val_metrics: {'loss': 18.435065600077312, 'loss_hm': 0.3781280545393626, 'loss_re': 4.248882013956706, 'loss_fe': 13.808055585225423, 'mre_mm': 1.1714094945004112, 'mre_px': 11.7140947817083, 'sdr_2_0mm': 85.54385964912281, 'sdr_2_5mm': 91.75438596491227, 'sdr_3_0mm': 95.50877192982456, 'sdr_4_0mm': 98.14035087719299}
Restored training state from outputs/isbi3p_seed2/phase2/last.pt: epoch 158 done, best val MRE 1.138, lr 5.000e-05
Epoch 159/200 | Train loss: 10.5809 (hm=0.3745, re=3.9177, fe=6.2887) | Val loss: 21.3579 (hm=0.3760, re=3.8256, fe=17.1562) | Val MRE(mm): 1.178 | SDR%(2/2.5/3/4): 85.7/92.0/95.4/98.3 | 70.6s
Epoch 160/200 | Train loss: 10.4235 (hm=0.3746, re=3.9505, fe=6.0984) | Val loss: 21.7891 (hm=0.3762, re=4.0422, fe=17.3708) | Val MRE(mm): 1.206 | SDR%(2/2.5/3/4): 84.9/91.7/95.2/98.1 | 62.6s
Epoch 161/200 | Train loss: 10.3567 (hm=0.3747, re=3.9531, fe=6.0290) | Val loss: 21.4251 (hm=0.3762, re=3.8938, fe=17.1551) | Val MRE(mm): 1.175 | SDR%(2/2.5/3/4): 85.2/91.8/95.2/98.1 | 62.9s
Epoch 162/200 | Train loss: 10.1714 (hm=0.3744, re=3.9092, fe=5.8878) | Val loss: 21.8334 (hm=0.3761, re=4.0221, fe=17.4352) | Val MRE(mm): 1.197 | SDR%(2/2.5/3/4): 85.1/91.4/95.2/98.1 | 63.5s
Epoch 163/200 | Train loss: 10.4205 (hm=0.3753, re=3.9210, fe=6.1242) | Val loss: 21.1185 (hm=0.3762, re=4.2190, fe=16.5233) | Val MRE(mm): 1.166 | SDR%(2/2.5/3/4): 86.0/92.2/95.1/98.1 | 63.5s
Epoch 164/200 | Train loss: 10.6950 (hm=0.3747, re=3.9315, fe=6.3888) | Val loss: 21.0341 (hm=0.3761, re=3.9123, fe=16.7457) | Val MRE(mm): 1.171 | SDR%(2/2.5/3/4): 86.0/92.2/95.4/98.3 | 63.7s
Epoch 165/200 | Train loss: 10.3549 (hm=0.3748, re=3.9296, fe=6.0505) | Val loss: 21.5647 (hm=0.3760, re=4.0583, fe=17.1305) | Val MRE(mm): 1.178 | SDR%(2/2.5/3/4): 85.3/91.5/95.4/98.0 | 63.7s
Epoch 166/200 | Train loss: 10.5604 (hm=0.3752, re=3.9235, fe=6.2617) | Val loss: 21.4670 (hm=0.3763, re=3.7798, fe=17.3110) | Val MRE(mm): 1.177 | SDR%(2/2.5/3/4): 85.6/91.9/95.3/98.2 | 63.8s
Epoch 167/200 | Train loss: 11.2982 (hm=0.3747, re=3.9737, fe=6.9498) | Val loss: 21.1449 (hm=0.3761, re=3.9929, fe=16.7758) | Val MRE(mm): 1.170 | SDR%(2/2.5/3/4): 86.5/92.3/95.5/98.1 | 63.8s
Epoch 168/200 | Train loss: 10.3297 (hm=0.3746, re=3.9085, fe=6.0466) | Val loss: 20.5743 (hm=0.3759, re=3.7723, fe=16.4261) | Val MRE(mm): 1.164 | SDR%(2/2.5/3/4): 86.4/92.2/95.7/98.3 | 63.9s
Epoch 169/200 | Train loss: 10.4390 (hm=0.3745, re=3.9339, fe=6.1307) | Val loss: 21.0658 (hm=0.3760, re=3.9575, fe=16.7322) | Val MRE(mm): 1.152 | SDR%(2/2.5/3/4): 86.8/92.3/95.6/98.2 | 63.9s
Epoch 170/200 | Train loss: 10.4431 (hm=0.3744, re=3.8917, fe=6.1770) | Val loss: 21.8037 (hm=0.3761, re=4.0599, fe=17.3676) | Val MRE(mm): 1.186 | SDR%(2/2.5/3/4): 85.6/91.6/95.1/98.2 | 63.8s
Epoch 171/200 | Train loss: 10.5689 (hm=0.3744, re=3.8950, fe=6.2995) | Val loss: 20.1637 (hm=0.3763, re=3.9750, fe=15.8124) | Val MRE(mm): 1.166 | SDR%(2/2.5/3/4): 85.5/91.9/95.2/98.2 | 63.6s
Epoch 172/200 | Train loss: 10.1129 (hm=0.3745, re=3.8655, fe=5.8729) | Val loss: 21.2168 (hm=0.3761, re=3.7557, fe=17.0851) | Val MRE(mm): 1.153 | SDR%(2/2.5/3/4): 86.4/92.2/95.4/98.1 | 63.7s
Epoch 173/200 | Train loss: 10.1889 (hm=0.3746, re=3.8821, fe=5.9321) | Val loss: 20.6127 (hm=0.3759, re=4.0220, fe=16.2148) | Val MRE(mm): 1.122 | SDR%(2/2.5/3/4): 86.9/92.9/95.6/98.4 | 64.0s
Epoch 174/200 | Train loss: 10.1532 (hm=0.3745, re=3.8497, fe=5.9291) | Val loss: 22.1546 (hm=0.3760, re=4.0465, fe=17.7321) | Val MRE(mm): 1.205 | SDR%(2/2.5/3/4): 85.3/91.3/94.9/97.9 | 63.7s
Epoch 175/200 | Train loss: 10.1526 (hm=0.3747, re=3.8504, fe=5.9276) | Val loss: 22.0813 (hm=0.3762, re=3.8787, fe=17.8264) | Val MRE(mm): 1.187 | SDR%(2/2.5/3/4): 85.5/91.7/95.1/98.2 | 63.6s
Epoch 176/200 | Train loss: 10.3352 (hm=0.3744, re=3.8879, fe=6.0728) | Val loss: 21.9797 (hm=0.3761, re=3.8228, fe=17.7808) | Val MRE(mm): 1.141 | SDR%(2/2.5/3/4): 86.7/92.0/95.7/98.3 | 63.7s
Epoch 177/200 | Train loss: 10.0701 (hm=0.3744, re=3.8499, fe=5.8458) | Val loss: 21.4911 (hm=0.3760, re=4.2427, fe=16.8724) | Val MRE(mm): 1.177 | SDR%(2/2.5/3/4): 86.1/92.3/95.2/98.2 | 63.6s
Epoch 178/200 | Train loss: 10.3455 (hm=0.3743, re=3.8604, fe=6.1108) | Val loss: 21.7608 (hm=0.3761, re=3.9967, fe=17.3880) | Val MRE(mm): 1.173 | SDR%(2/2.5/3/4): 86.1/92.2/95.4/98.2 | 63.6s
Epoch 179/200 | Train loss: 10.0999 (hm=0.3747, re=3.8810, fe=5.8442) | Val loss: 21.6244 (hm=0.3760, re=3.9157, fe=17.3328) | Val MRE(mm): 1.155 | SDR%(2/2.5/3/4): 86.2/92.3/95.5/98.2 | 63.8s
Epoch 180/200 | Train loss: 10.7460 (hm=0.3747, re=3.9035, fe=6.4679) | Val loss: 20.5644 (hm=0.3759, re=3.7102, fe=16.4783) | Val MRE(mm): 1.153 | SDR%(2/2.5/3/4): 86.5/92.6/95.7/98.3 | 63.7s
Epoch 181/200 | Train loss: 10.3430 (hm=0.3748, re=3.8642, fe=6.1040) | Val loss: 21.8961 (hm=0.3760, re=3.8841, fe=17.6360) | Val MRE(mm): 1.182 | SDR%(2/2.5/3/4): 86.1/92.0/95.2/98.1 | 63.8s
Epoch 182/200 | Train loss: 10.0788 (hm=0.3748, re=3.8914, fe=5.8126) | Val loss: 21.8432 (hm=0.3761, re=3.9056, fe=17.5615) | Val MRE(mm): 1.158 | SDR%(2/2.5/3/4): 86.4/92.0/95.3/98.2 | 63.9s
Epoch 183/200 | Train loss: 10.0611 (hm=0.3746, re=3.8503, fe=5.8361) | Val loss: 21.2072 (hm=0.3760, re=3.7106, fe=17.1206) | Val MRE(mm): 1.130 | SDR%(2/2.5/3/4): 87.1/92.8/95.6/98.2 | 63.9s
Epoch 184/200 | Train loss: 9.9059 (hm=0.3747, re=3.8113, fe=5.7199) | Val loss: 21.8616 (hm=0.3759, re=3.7132, fe=17.7725) | Val MRE(mm): 1.155 | SDR%(2/2.5/3/4): 86.7/92.0/95.5/98.1 | 63.8s
Epoch 185/200 | Train loss: 10.0465 (hm=0.3746, re=3.8666, fe=5.8053) | Val loss: 21.5307 (hm=0.3759, re=3.9300, fe=17.2248) | Val MRE(mm): 1.178 | SDR%(2/2.5/3/4): 85.7/91.6/95.6/98.2 | 63.9s
Epoch 186/200 | Train loss: 10.0525 (hm=0.3740, re=3.8518, fe=5.8267) | Val loss: 21.8170 (hm=0.3757, re=4.1002, fe=17.3410) | Val MRE(mm): 1.144 | SDR%(2/2.5/3/4): 86.9/92.4/95.6/98.2 | 68.7s
Epoch 187/200 | Train loss: 9.9884 (hm=0.3742, re=3.8685, fe=5.7457) | Val loss: 21.4523 (hm=0.3761, re=3.8583, fe=17.2179) | Val MRE(mm): 1.159 | SDR%(2/2.5/3/4): 86.5/92.1/95.4/98.2 | 63.8s
Epoch 188/200 | Train loss: 10.1151 (hm=0.3741, re=3.8791, fe=5.8619) | Val loss: 21.1024 (hm=0.3758, re=3.8910, fe=16.8356) | Val MRE(mm): 1.144 | SDR%(2/2.5/3/4): 86.1/92.3/95.6/98.2 | 63.9s
Epoch 189/200 | Train loss: 9.9372 (hm=0.3746, re=3.7756, fe=5.7870) | Val loss: 21.7514 (hm=0.3759, re=3.7286, fe=17.6469) | Val MRE(mm): 1.168 | SDR%(2/2.5/3/4): 86.1/92.2/95.6/98.3 | 63.8s
Epoch 190/200 | Train loss: 10.2818 (hm=0.3740, re=3.8362, fe=6.0715) | Val loss: 20.4634 (hm=0.3759, re=3.7327, fe=16.3548) | Val MRE(mm): 1.139 | SDR%(2/2.5/3/4): 86.6/92.3/95.3/98.2 | 63.7s
Epoch 191/200 | Train loss: 10.1747 (hm=0.3745, re=3.8766, fe=5.9237) | Val loss: 22.2974 (hm=0.3759, re=3.9647, fe=17.9569) | Val MRE(mm): 1.142 | SDR%(2/2.5/3/4): 86.7/92.6/95.3/98.3 | 63.7s
Epoch 192/200 | Train loss: 10.3344 (hm=0.3742, re=3.8864, fe=6.0738) | Val loss: 22.2143 (hm=0.3759, re=4.0562, fe=17.7823) | Val MRE(mm): 1.149 | SDR%(2/2.5/3/4): 86.5/92.1/95.3/98.2 | 63.8s
Epoch 193/200 | Train loss: 9.9615 (hm=0.3744, re=3.8345, fe=5.7526) | Val loss: 21.8734 (hm=0.3759, re=3.8870, fe=17.6106) | Val MRE(mm): 1.178 | SDR%(2/2.5/3/4): 85.6/91.9/95.2/98.2 | 63.9s
Epoch 194/200 | Train loss: 9.9532 (hm=0.3744, re=3.8282, fe=5.7506) | Val loss: 21.6763 (hm=0.3760, re=3.8901, fe=17.4102) | Val MRE(mm): 1.146 | SDR%(2/2.5/3/4): 85.7/92.1/95.4/98.3 | 63.8s
Epoch 195/200 | Train loss: 9.9802 (hm=0.3749, re=3.8405, fe=5.7648) | Val loss: 21.9288 (hm=0.3761, re=3.9119, fe=17.6408) | Val MRE(mm): 1.160 | SDR%(2/2.5/3/4): 85.8/92.3/95.5/98.2 | 63.9s
Epoch 196/200 | Train loss: 10.0475 (hm=0.3751, re=3.8795, fe=5.7930) | Val loss: 21.6606 (hm=0.3760, re=3.7193, fe=17.5653) | Val MRE(mm): 1.143 | SDR%(2/2.5/3/4): 86.8/92.6/95.6/98.2 | 63.8s
Epoch 197/200 | Train loss: 9.9742 (hm=0.3747, re=3.8498, fe=5.7498) | Val loss: 22.3407 (hm=0.3760, re=3.8741, fe=18.0906) | Val MRE(mm): 1.133 | SDR%(2/2.5/3/4): 86.2/92.3/95.6/98.2 | 63.8s
Epoch 198/200 | Train loss: 10.0214 (hm=0.3746, re=3.8274, fe=5.8195) | Val loss: 22.2696 (hm=0.3760, re=3.6885, fe=18.2052) | Val MRE(mm): 1.154 | SDR%(2/2.5/3/4): 86.4/92.1/95.5/98.1 | 63.7s
Epoch 199/200 | Train loss: 9.7884 (hm=0.3747, re=3.8102, fe=5.6035) | Val loss: 22.2877 (hm=0.3760, re=3.7643, fe=18.1475) | Val MRE(mm): 1.186 | SDR%(2/2.5/3/4): 85.2/91.4/95.3/98.2 | 63.9s
Epoch 200/200 | Train loss: 9.8670 (hm=0.3748, re=3.8192, fe=5.6731) | Val loss: 22.8796 (hm=0.3759, re=3.7331, fe=18.7707) | Val MRE(mm): 1.155 | SDR%(2/2.5/3/4): 85.8/91.8/95.1/98.2 | 63.8s
