/kaggle/working/DeLR-Cephalometric-ConvNeXtV2/delr/model.py:411: UserWarning: enable_nested_tensor is True, but self.use_nested_tensor is False because encoder_layer.self_attn.batch_first was not True(use batch_first for better inference performance)
  self.reference_encoder = nn.TransformerEncoder(enc_layer_ref, num_layers=num_layers_ref)
seed=2 backbone_amp=True
Epoch 01/200 | Train loss: 553.1669 (hm=1.1992, re=25.2108, fe=526.7569) | Val loss: 40.6747 (hm=1.1378, re=7.8502, fe=31.6867) | Val MRE(mm): 203.090 | SDR%(2/2.5/3/4): 0.0/0.0/0.0/0.0 | 71.1s
Epoch 02/200 | Train loss: 40.3574 (hm=1.0113, re=7.8429, fe=31.5031) | Val loss: 40.1458 (hm=0.8688, re=7.8398, fe=31.4372) | Val MRE(mm): 202.137 | SDR%(2/2.5/3/4): 0.0/0.0/0.0/0.0 | 62.7s
Epoch 03/200 | Train loss: 39.9222 (hm=0.6646, re=7.8442, fe=31.4133) | Val loss: 39.7525 (hm=0.4968, re=7.8472, fe=31.4086) | Val MRE(mm): 200.732 | SDR%(2/2.5/3/4): 0.0/0.0/0.0/0.0 | 62.6s
Epoch 04/200 | Train loss: 39.6637 (hm=0.4503, re=7.8364, fe=31.3769) | Val loss: 39.6580 (hm=0.4186, re=7.8550, fe=31.3845) | Val MRE(mm): 199.205 | SDR%(2/2.5/3/4): 0.0/0.0/0.0/0.0 | 62.7s
Epoch 05/200 | Train loss: 39.6064 (hm=0.4100, re=7.8371, fe=31.3593) | Val loss: 39.6377 (hm=0.4013, re=7.8565, fe=31.3798) | Val MRE(mm): 197.374 | SDR%(2/2.5/3/4): 0.0/0.0/0.0/0.0 | 62.7s
Epoch 06/200 | Train loss: 39.5681 (hm=0.3996, re=7.8344, fe=31.3341) | Val loss: 39.5651 (hm=0.3946, re=7.8380, fe=31.3325) | Val MRE(mm): 195.665 | SDR%(2/2.5/3/4): 0.0/0.0/0.0/0.0 | 62.7s
Epoch 07/200 | Train loss: 39.5156 (hm=0.3930, re=7.8298, fe=31.2927) | Val loss: 39.5380 (hm=0.3889, re=7.8351, fe=31.3140) | Val MRE(mm): 193.883 | SDR%(2/2.5/3/4): 0.0/0.0/0.0/0.0 | 62.7s
Epoch 08/200 | Train loss: 39.4833 (hm=0.3871, re=7.8293, fe=31.2669) | Val loss: 39.4961 (hm=0.3860, re=7.8287, fe=31.2813) | Val MRE(mm): 191.983 | SDR%(2/2.5/3/4): 0.0/0.0/0.0/0.0 | 62.7s
Epoch 09/200 | Train loss: 39.4462 (hm=0.3846, re=7.8256, fe=31.2360) | Val loss: 39.4786 (hm=0.3829, re=7.8371, fe=31.2585) | Val MRE(mm): 190.101 | SDR%(2/2.5/3/4): 0.0/0.0/0.0/0.0 | 62.9s
Epoch 10/200 | Train loss: 39.4196 (hm=0.3816, re=7.8265, fe=31.2115) | Val loss: 39.4229 (hm=0.3830, re=7.8250, fe=31.2149) | Val MRE(mm): 188.258 | SDR%(2/2.5/3/4): 0.0/0.0/0.0/0.0 | 62.9s
Epoch 11/200 | Train loss: 39.3785 (hm=0.3809, re=7.8201, fe=31.1775) | Val loss: 39.3933 (hm=0.3809, re=7.8267, fe=31.1858) | Val MRE(mm): 186.571 | SDR%(2/2.5/3/4): 0.0/0.0/0.0/0.0 | 62.6s
Epoch 12/200 | Train loss: 39.3652 (hm=0.3801, re=7.8205, fe=31.1645) | Val loss: 39.4404 (hm=0.3803, re=7.8214, fe=31.2387) | Val MRE(mm): 185.053 | SDR%(2/2.5/3/4): 0.0/0.0/0.0/0.0 | 62.6s
Epoch 13/200 | Train loss: 39.3348 (hm=0.3784, re=7.8203, fe=31.1361) | Val loss: 39.3447 (hm=0.3793, re=7.8192, fe=31.1462) | Val MRE(mm): 182.738 | SDR%(2/2.5/3/4): 0.0/0.0/0.0/0.0 | 62.6s
Epoch 14/200 | Train loss: 39.2985 (hm=0.3786, re=7.8170, fe=31.1028) | Val loss: 39.2849 (hm=0.3793, re=7.8220, fe=31.0836) | Val MRE(mm): 180.524 | SDR%(2/2.5/3/4): 0.0/0.0/0.0/0.0 | 62.7s
Epoch 15/200 | Train loss: 39.2655 (hm=0.3773, re=7.8168, fe=31.0714) | Val loss: 39.2739 (hm=0.3771, re=7.8190, fe=31.0779) | Val MRE(mm): 177.693 | SDR%(2/2.5/3/4): 0.0/0.0/0.0/0.0 | 62.9s
Epoch 16/200 | Train loss: 39.1811 (hm=0.3763, re=7.8076, fe=30.9972) | Val loss: 39.2170 (hm=0.3765, re=7.8246, fe=31.0159) | Val MRE(mm): 174.817 | SDR%(2/2.5/3/4): 0.0/0.0/0.0/0.0 | 62.7s
Epoch 17/200 | Train loss: 39.1502 (hm=0.3754, re=7.8091, fe=30.9657) | Val loss: 39.1632 (hm=0.3762, re=7.8154, fe=30.9717) | Val MRE(mm): 171.803 | SDR%(2/2.5/3/4): 0.0/0.0/0.0/0.0 | 62.6s
Epoch 18/200 | Train loss: 39.0986 (hm=0.3755, re=7.8065, fe=30.9165) | Val loss: 39.1077 (hm=0.3772, re=7.8113, fe=30.9192) | Val MRE(mm): 168.486 | SDR%(2/2.5/3/4): 0.0/0.0/0.0/0.0 | 62.8s
Epoch 19/200 | Train loss: 39.0447 (hm=0.3750, re=7.8041, fe=30.8656) | Val loss: 39.0747 (hm=0.3762, re=7.8053, fe=30.8933) | Val MRE(mm): 164.983 | SDR%(2/2.5/3/4): 0.0/0.0/0.0/0.0 | 62.7s
Epoch 20/200 | Train loss: 38.9718 (hm=0.3749, re=7.7968, fe=30.8001) | Val loss: 38.9732 (hm=0.3759, re=7.8018, fe=30.7955) | Val MRE(mm): 161.491 | SDR%(2/2.5/3/4): 0.0/0.0/0.0/0.0 | 62.7s
Epoch 21/200 | Train loss: 38.8904 (hm=0.3745, re=7.7935, fe=30.7225) | Val loss: 38.9400 (hm=0.3751, re=7.7988, fe=30.7661) | Val MRE(mm): 157.209 | SDR%(2/2.5/3/4): 0.0/0.0/0.0/0.0 | 62.7s
Epoch 22/200 | Train loss: 38.8140 (hm=0.3742, re=7.7853, fe=30.6544) | Val loss: 38.7821 (hm=0.3763, re=7.7898, fe=30.6160) | Val MRE(mm): 153.557 | SDR%(2/2.5/3/4): 0.0/0.0/0.0/0.0 | 62.7s
Epoch 23/200 | Train loss: 38.7430 (hm=0.3740, re=7.7842, fe=30.5849) | Val loss: 38.7031 (hm=0.3749, re=7.7847, fe=30.5435) | Val MRE(mm): 149.776 | SDR%(2/2.5/3/4): 0.0/0.0/0.0/0.0 | 62.8s
Epoch 24/200 | Train loss: 38.6589 (hm=0.3741, re=7.7795, fe=30.5054) | Val loss: 38.6599 (hm=0.3748, re=7.7880, fe=30.4971) | Val MRE(mm): 146.068 | SDR%(2/2.5/3/4): 0.0/0.0/0.0/0.0 | 62.9s
Epoch 25/200 | Train loss: 38.5450 (hm=0.3755, re=7.7739, fe=30.3956) | Val loss: 38.5619 (hm=0.3760, re=7.7832, fe=30.4027) | Val MRE(mm): 141.658 | SDR%(2/2.5/3/4): 0.0/0.0/0.0/0.0 | 63.0s
Epoch 26/200 | Train loss: 38.4804 (hm=0.3736, re=7.7713, fe=30.3355) | Val loss: 38.4607 (hm=0.3780, re=7.7730, fe=30.3097) | Val MRE(mm): 137.257 | SDR%(2/2.5/3/4): 0.0/0.0/0.0/0.0 | 62.7s
Epoch 27/200 | Train loss: 38.3884 (hm=0.3747, re=7.7691, fe=30.2446) | Val loss: 38.3567 (hm=0.3749, re=7.7661, fe=30.2158) | Val MRE(mm): 132.113 | SDR%(2/2.5/3/4): 0.0/0.0/0.0/0.0 | 62.7s
Epoch 28/200 | Train loss: 38.2618 (hm=0.3738, re=7.7622, fe=30.1259) | Val loss: 38.2263 (hm=0.3748, re=7.7770, fe=30.0745) | Val MRE(mm): 126.545 | SDR%(2/2.5/3/4): 0.0/0.0/0.0/0.0 | 67.7s
Epoch 29/200 | Train loss: 38.1504 (hm=0.3735, re=7.7567, fe=30.0202) | Val loss: 38.1076 (hm=0.3750, re=7.7549, fe=29.9777) | Val MRE(mm): 120.887 | SDR%(2/2.5/3/4): 0.0/0.0/0.0/0.0 | 62.8s
Epoch 30/200 | Train loss: 38.0240 (hm=0.3733, re=7.7480, fe=29.9027) | Val loss: 38.0328 (hm=0.3749, re=7.7559, fe=29.9020) | Val MRE(mm): 115.349 | SDR%(2/2.5/3/4): 0.0/0.0/0.0/0.0 | 62.7s
Epoch 31/200 | Train loss: 37.9080 (hm=0.3729, re=7.7431, fe=29.7919) | Val loss: 37.8090 (hm=0.3743, re=7.7435, fe=29.6913) | Val MRE(mm): 109.622 | SDR%(2/2.5/3/4): 0.0/0.0/0.0/0.0 | 62.6s
Epoch 32/200 | Train loss: 37.7775 (hm=0.3731, re=7.7372, fe=29.6672) | Val loss: 37.8822 (hm=0.3758, re=7.7357, fe=29.7706) | Val MRE(mm): 103.756 | SDR%(2/2.5/3/4): 0.0/0.0/0.0/0.0 | 62.7s
Epoch 33/200 | Train loss: 37.6351 (hm=0.3730, re=7.7290, fe=29.5331) | Val loss: 37.6867 (hm=0.3745, re=7.7359, fe=29.5763) | Val MRE(mm): 97.677 | SDR%(2/2.5/3/4): 0.0/0.0/0.0/0.0 | 62.6s
Epoch 34/200 | Train loss: 37.4733 (hm=0.3727, re=7.7244, fe=29.3762) | Val loss: 37.4093 (hm=0.3738, re=7.7206, fe=29.3149) | Val MRE(mm): 91.387 | SDR%(2/2.5/3/4): 0.0/0.0/0.0/0.0 | 62.6s
Epoch 35/200 | Train loss: 37.2709 (hm=0.3730, re=7.7153, fe=29.1826) | Val loss: 37.1845 (hm=0.3755, re=7.7187, fe=29.0904) | Val MRE(mm): 84.342 | SDR%(2/2.5/3/4): 0.0/0.0/0.0/0.0 | 62.9s
Epoch 36/200 | Train loss: 37.0400 (hm=0.3747, re=7.7006, fe=28.9647) | Val loss: 36.9371 (hm=0.3752, re=7.7082, fe=28.8538) | Val MRE(mm): 77.874 | SDR%(2/2.5/3/4): 0.0/0.0/0.0/0.0 | 62.8s
Epoch 37/200 | Train loss: 36.8560 (hm=0.3742, re=7.6954, fe=28.7864) | Val loss: 36.8671 (hm=0.3744, re=7.6966, fe=28.7960) | Val MRE(mm): 71.848 | SDR%(2/2.5/3/4): 0.0/0.0/0.0/0.1 | 62.8s
Epoch 38/200 | Train loss: 36.6662 (hm=0.3725, re=7.6882, fe=28.6056) | Val loss: 36.5926 (hm=0.3751, re=7.6842, fe=28.5333) | Val MRE(mm): 66.609 | SDR%(2/2.5/3/4): 0.0/0.0/0.0/0.1 | 62.7s
Epoch 39/200 | Train loss: 36.5010 (hm=0.3739, re=7.6773, fe=28.4499) | Val loss: 36.3004 (hm=0.3743, re=7.6731, fe=28.2530) | Val MRE(mm): 61.657 | SDR%(2/2.5/3/4): 0.1/0.2/0.3/0.6 | 62.7s
Epoch 40/200 | Train loss: 36.2923 (hm=0.3739, re=7.6707, fe=28.2477) | Val loss: 36.1624 (hm=0.3752, re=7.6598, fe=28.1274) | Val MRE(mm): 57.096 | SDR%(2/2.5/3/4): 0.2/0.4/0.7/1.3 | 62.9s
Epoch 41/200 | Train loss: 36.0460 (hm=0.3754, re=7.6524, fe=28.0181) | Val loss: 35.8264 (hm=0.3751, re=7.6521, fe=27.7992) | Val MRE(mm): 52.210 | SDR%(2/2.5/3/4): 1.7/2.4/3.2/4.9 | 62.9s
Epoch 42/200 | Train loss: 35.8543 (hm=0.3784, re=7.6491, fe=27.8268) | Val loss: 35.7331 (hm=0.3793, re=7.6387, fe=27.7151) | Val MRE(mm): 49.182 | SDR%(2/2.5/3/4): 0.0/0.0/0.0/0.2 | 62.9s
Epoch 43/200 | Train loss: 35.6211 (hm=0.3770, re=7.6338, fe=27.6103) | Val loss: 35.3088 (hm=0.3771, re=7.6226, fe=27.3091) | Val MRE(mm): 43.974 | SDR%(2/2.5/3/4): 0.6/1.1/1.4/3.3 | 63.0s
Epoch 44/200 | Train loss: 35.3085 (hm=0.3763, re=7.6101, fe=27.3221) | Val loss: 35.2831 (hm=0.3775, re=7.6142, fe=27.2915) | Val MRE(mm): 40.227 | SDR%(2/2.5/3/4): 1.8/2.5/3.2/5.4 | 62.8s
Epoch 45/200 | Train loss: 35.0613 (hm=0.3764, re=7.5912, fe=27.0936) | Val loss: 34.9228 (hm=0.3757, re=7.5901, fe=26.9569) | Val MRE(mm): 39.145 | SDR%(2/2.5/3/4): 0.1/0.3/0.5/1.1 | 63.0s
Epoch 46/200 | Train loss: 34.8807 (hm=0.3770, re=7.5745, fe=26.9292) | Val loss: 34.7272 (hm=0.3766, re=7.5708, fe=26.7797) | Val MRE(mm): 34.253 | SDR%(2/2.5/3/4): 1.8/2.7/3.7/5.7 | 62.8s
Epoch 47/200 | Train loss: 34.5717 (hm=0.3785, re=7.5635, fe=26.6296) | Val loss: 34.3989 (hm=0.3825, re=7.5607, fe=26.4558) | Val MRE(mm): 29.574 | SDR%(2/2.5/3/4): 0.6/1.2/2.2/4.2 | 62.9s
Epoch 48/200 | Train loss: 34.1726 (hm=0.3811, re=7.5406, fe=26.2510) | Val loss: 33.9500 (hm=0.3783, re=7.5410, fe=26.0307) | Val MRE(mm): 28.728 | SDR%(2/2.5/3/4): 1.0/1.8/2.5/4.5 | 63.2s
Epoch 49/200 | Train loss: 34.0294 (hm=0.3829, re=7.5181, fe=26.1284) | Val loss: 33.5092 (hm=0.3795, re=7.5260, fe=25.6038) | Val MRE(mm): 23.995 | SDR%(2/2.5/3/4): 2.6/4.0/5.2/8.1 | 63.0s
Epoch 50/200 | Train loss: 33.9005 (hm=0.4012, re=7.5038, fe=25.9956) | Val loss: 33.5103 (hm=0.3859, re=7.5163, fe=25.6081) | Val MRE(mm): 23.583 | SDR%(2/2.5/3/4): 3.4/5.2/6.8/10.7 | 63.1s
Epoch 51/200 | Train loss: 33.3429 (hm=0.3824, re=7.4871, fe=25.4734) | Val loss: 32.8775 (hm=0.3788, re=7.4789, fe=25.0199) | Val MRE(mm): 17.762 | SDR%(2/2.5/3/4): 3.3/5.5/7.8/11.6 | 62.6s
Epoch 52/200 | Train loss: 33.0354 (hm=0.3841, re=7.4590, fe=25.1923) | Val loss: 32.7581 (hm=0.3815, re=7.4604, fe=24.9163) | Val MRE(mm): 16.628 | SDR%(2/2.5/3/4): 0.9/1.8/2.5/3.9 | 62.7s
Epoch 53/200 | Train loss: 32.6653 (hm=0.3824, re=7.4404, fe=24.8425) | Val loss: 32.1427 (hm=0.3804, re=7.4363, fe=24.3260) | Val MRE(mm): 13.527 | SDR%(2/2.5/3/4): 6.1/8.4/11.1/17.8 | 62.8s
Epoch 54/200 | Train loss: 32.5412 (hm=0.3851, re=7.4231, fe=24.7330) | Val loss: 32.0551 (hm=0.3829, re=7.4135, fe=24.2587) | Val MRE(mm): 12.253 | SDR%(2/2.5/3/4): 4.7/7.0/10.0/15.8 | 62.9s
Epoch 55/200 | Train loss: 32.1101 (hm=0.3830, re=7.3970, fe=24.3302) | Val loss: 31.5577 (hm=0.3830, re=7.3869, fe=23.7878) | Val MRE(mm): 12.209 | SDR%(2/2.5/3/4): 7.0/9.8/12.6/18.2 | 62.9s
Warning: You are sending unauthenticated requests to the HF Hub. Please set a HF_TOKEN to enable higher rate limits and faster downloads.
/kaggle/working/DeLR-Cephalometric-ConvNeXtV2/delr/model.py:411: UserWarning: enable_nested_tensor is True, but self.use_nested_tensor is False because encoder_layer.self_attn.batch_first was not True(use batch_first for better inference performance)
  self.reference_encoder = nn.TransformerEncoder(enc_layer_ref, num_layers=num_layers_ref)
seed=2 backbone_amp=True
Restored training state from outputs/isbi3p_seed2/phase1/last.pt: epoch 55 done, best val MRE 12.209, lr 1.967e-04
Epoch 56/200 | Train loss: 31.7457 (hm=0.3823, re=7.3700, fe=23.9935) | Val loss: 31.4849 (hm=0.3813, re=7.3548, fe=23.7487) | Val MRE(mm): 11.944 | SDR%(2/2.5/3/4): 1.8/2.9/4.4/8.6 | 69.9s
Epoch 57/200 | Train loss: 31.3826 (hm=0.3833, re=7.3452, fe=23.6541) | Val loss: 31.1048 (hm=0.3813, re=7.3209, fe=23.4026) | Val MRE(mm): 11.238 | SDR%(2/2.5/3/4): 5.4/6.6/7.9/11.4 | 60.5s
Epoch 58/200 | Train loss: 30.9105 (hm=0.3853, re=7.3060, fe=23.2191) | Val loss: 30.4019 (hm=0.3844, re=7.3185, fe=22.6990) | Val MRE(mm): 10.875 | SDR%(2/2.5/3/4): 8.1/11.8/15.0/21.1 | 61.6s
Epoch 59/200 | Train loss: 30.5070 (hm=0.3866, re=7.2751, fe=22.8453) | Val loss: 30.4336 (hm=0.3866, re=7.2579, fe=22.7891) | Val MRE(mm): 11.842 | SDR%(2/2.5/3/4): 6.8/9.5/13.2/19.9 | 61.7s
Epoch 60/200 | Train loss: 30.8073 (hm=0.3886, re=7.2383, fe=23.1804) | Val loss: 33.9715 (hm=0.3886, re=7.2220, fe=26.3608) | Val MRE(mm): 35.499 | SDR%(2/2.5/3/4): 3.1/5.2/7.3/10.8 | 61.6s
Epoch 61/200 | Train loss: 30.5105 (hm=0.3857, re=7.1965, fe=22.9284) | Val loss: 31.2186 (hm=0.3822, re=7.1773, fe=23.6591) | Val MRE(mm): 12.947 | SDR%(2/2.5/3/4): 4.5/7.1/10.7/19.9 | 61.9s
Epoch 62/200 | Train loss: 29.4327 (hm=0.3839, re=7.1572, fe=21.8915) | Val loss: 28.7164 (hm=0.3811, re=7.1373, fe=21.1980) | Val MRE(mm): 6.648 | SDR%(2/2.5/3/4): 14.4/21.1/27.1/36.0 | 61.6s
Epoch 63/200 | Train loss: 28.8432 (hm=0.3829, re=7.1208, fe=21.3395) | Val loss: 28.1820 (hm=0.3825, re=7.0889, fe=20.7107) | Val MRE(mm): 5.814 | SDR%(2/2.5/3/4): 21.8/28.3/34.9/44.5 | 61.7s
Epoch 64/200 | Train loss: 28.5103 (hm=0.3833, re=7.0707, fe=21.0563) | Val loss: 27.7944 (hm=0.3810, re=7.0572, fe=20.3562) | Val MRE(mm): 5.724 | SDR%(2/2.5/3/4): 21.4/28.4/35.3/47.8 | 61.6s
Epoch 65/200 | Train loss: 28.1126 (hm=0.3827, re=7.0229, fe=20.7070) | Val loss: 27.5542 (hm=0.3832, re=7.0191, fe=20.1519) | Val MRE(mm): 5.357 | SDR%(2/2.5/3/4): 20.0/28.4/36.1/48.2 | 61.8s
Epoch 66/200 | Train loss: 27.5636 (hm=0.3852, re=6.9494, fe=20.2290) | Val loss: 26.7424 (hm=0.3829, re=6.9349, fe=19.4246) | Val MRE(mm): 4.444 | SDR%(2/2.5/3/4): 30.2/39.9/46.5/57.6 | 61.8s
Epoch 67/200 | Train loss: 26.9640 (hm=0.3840, re=6.9097, fe=19.6702) | Val loss: 26.3777 (hm=0.3825, re=6.8860, fe=19.1092) | Val MRE(mm): 4.423 | SDR%(2/2.5/3/4): 29.6/39.0/46.7/59.1 | 61.6s
Epoch 68/200 | Train loss: 27.2119 (hm=0.3869, re=6.8621, fe=19.9629) | Val loss: 25.8932 (hm=0.3884, re=6.8231, fe=18.6817) | Val MRE(mm): 4.268 | SDR%(2/2.5/3/4): 31.3/41.1/49.2/61.8 | 61.7s
Epoch 69/200 | Train loss: 26.4850 (hm=0.3876, re=6.8149, fe=19.2825) | Val loss: 25.5726 (hm=0.3851, re=6.7774, fe=18.4100) | Val MRE(mm): 4.179 | SDR%(2/2.5/3/4): 36.6/44.8/51.5/62.0 | 61.6s
Epoch 70/200 | Train loss: 26.1944 (hm=0.3851, re=6.7707, fe=19.0387) | Val loss: 26.5219 (hm=0.3828, re=6.7223, fe=19.4167) | Val MRE(mm): 5.308 | SDR%(2/2.5/3/4): 21.5/31.0/40.3/53.9 | 61.7s
Epoch 71/200 | Train loss: 26.6736 (hm=0.3869, re=6.7325, fe=19.5542) | Val loss: 25.6092 (hm=0.3847, re=6.7119, fe=18.5126) | Val MRE(mm): 4.558 | SDR%(2/2.5/3/4): 34.7/45.0/52.6/64.2 | 61.7s
Epoch 72/200 | Train loss: 25.9615 (hm=0.3877, re=6.6942, fe=18.8795) | Val loss: 25.4931 (hm=0.3846, re=6.6467, fe=18.4618) | Val MRE(mm): 4.848 | SDR%(2/2.5/3/4): 36.0/46.0/53.1/63.2 | 61.6s
Epoch 73/200 | Train loss: 25.0541 (hm=0.3850, re=6.6450, fe=18.0241) | Val loss: 24.9406 (hm=0.3839, re=6.6142, fe=17.9425) | Val MRE(mm): 3.865 | SDR%(2/2.5/3/4): 40.4/49.5/56.9/68.4 | 61.6s
Epoch 74/200 | Train loss: 25.0981 (hm=0.3852, re=6.6236, fe=18.0893) | Val loss: 24.1536 (hm=0.3826, re=6.5596, fe=17.2114) | Val MRE(mm): 3.457 | SDR%(2/2.5/3/4): 43.3/52.1/59.4/71.0 | 61.6s
Epoch 75/200 | Train loss: 25.1779 (hm=0.3864, re=6.5621, fe=18.2294) | Val loss: 24.5106 (hm=0.3831, re=6.5113, fe=17.6163) | Val MRE(mm): 5.142 | SDR%(2/2.5/3/4): 35.2/43.8/50.6/60.2 | 61.7s
Epoch 76/200 | Train loss: 25.1149 (hm=0.3867, re=6.5056, fe=18.2226) | Val loss: 25.2696 (hm=0.3853, re=6.4819, fe=18.4025) | Val MRE(mm): 6.867 | SDR%(2/2.5/3/4): 36.7/42.7/46.8/53.3 | 61.6s
Epoch 77/200 | Train loss: 30.7826 (hm=0.4023, re=6.4821, fe=23.8981) | Val loss: 25.0598 (hm=0.3879, re=6.4408, fe=18.2311) | Val MRE(mm): 6.456 | SDR%(2/2.5/3/4): 29.5/36.6/41.6/50.6 | 61.4s
Epoch 78/200 | Train loss: 24.6659 (hm=0.3889, re=6.4210, fe=17.8560) | Val loss: 23.7437 (hm=0.3845, re=6.4168, fe=16.9424) | Val MRE(mm): 4.135 | SDR%(2/2.5/3/4): 27.3/37.5/47.1/61.3 | 61.8s
Epoch 79/200 | Train loss: 23.8156 (hm=0.3856, re=6.3515, fe=17.0785) | Val loss: 23.8717 (hm=0.3862, re=6.3331, fe=17.1524) | Val MRE(mm): 5.453 | SDR%(2/2.5/3/4): 35.8/44.5/50.5/59.9 | 61.6s
Epoch 80/200 | Train loss: 23.6485 (hm=0.3858, re=6.3500, fe=16.9127) | Val loss: 22.8218 (hm=0.3855, re=6.3223, fe=16.1139) | Val MRE(mm): 3.401 | SDR%(2/2.5/3/4): 47.9/56.7/63.6/73.5 | 61.6s
Epoch 81/200 | Train loss: 23.6016 (hm=0.3901, re=6.3083, fe=16.9032) | Val loss: 22.8032 (hm=0.3872, re=6.2363, fe=16.1797) | Val MRE(mm): 3.510 | SDR%(2/2.5/3/4): 43.4/52.8/60.0/70.9 | 61.8s
Epoch 82/200 | Train loss: 23.5122 (hm=0.3883, re=6.2399, fe=16.8839) | Val loss: 22.2785 (hm=0.3898, re=6.2031, fe=15.6856) | Val MRE(mm): 3.044 | SDR%(2/2.5/3/4): 51.9/62.5/70.0/79.6 | 61.6s
Epoch 83/200 | Train loss: 22.8755 (hm=0.3916, re=6.2092, fe=16.2747) | Val loss: 22.4553 (hm=0.3877, re=6.1414, fe=15.9262) | Val MRE(mm): 2.891 | SDR%(2/2.5/3/4): 52.5/62.6/70.9/81.5 | 61.5s
Epoch 84/200 | Train loss: 22.6244 (hm=0.3900, re=6.1576, fe=16.0767) | Val loss: 23.5235 (hm=0.3878, re=6.1276, fe=17.0081) | Val MRE(mm): 4.759 | SDR%(2/2.5/3/4): 49.0/57.2/63.4/72.9 | 63.3s
Epoch 85/200 | Train loss: 22.5201 (hm=0.3900, re=6.1252, fe=16.0048) | Val loss: 21.1857 (hm=0.3889, re=6.0473, fe=14.7495) | Val MRE(mm): 2.309 | SDR%(2/2.5/3/4): 58.5/69.8/77.1/86.4 | 61.5s
Epoch 86/200 | Train loss: 22.9010 (hm=0.3915, re=6.0669, fe=16.4426) | Val loss: 22.1612 (hm=0.3883, re=5.9990, fe=15.7739) | Val MRE(mm): 3.093 | SDR%(2/2.5/3/4): 56.8/66.8/73.9/82.6 | 61.7s
Epoch 87/200 | Train loss: 22.0613 (hm=0.3923, re=6.0103, fe=15.6587) | Val loss: 20.7246 (hm=0.3860, re=5.9238, fe=14.4147) | Val MRE(mm): 1.913 | SDR%(2/2.5/3/4): 66.4/77.3/84.8/93.5 | 61.5s
Epoch 88/200 | Train loss: 21.8558 (hm=0.3920, re=5.9396, fe=15.5241) | Val loss: 20.4013 (hm=0.3942, re=5.8885, fe=14.1187) | Val MRE(mm): 2.052 | SDR%(2/2.5/3/4): 67.1/77.7/85.3/93.1 | 61.7s
Epoch 89/200 | Train loss: 22.0117 (hm=0.3921, re=5.9254, fe=15.6943) | Val loss: 21.0150 (hm=0.3957, re=5.8371, fe=14.7822) | Val MRE(mm): 2.529 | SDR%(2/2.5/3/4): 58.2/69.7/77.6/87.1 | 61.6s
Epoch 90/200 | Train loss: 22.3049 (hm=0.3960, re=5.8961, fe=16.0128) | Val loss: 21.8258 (hm=0.3891, re=5.8084, fe=15.6283) | Val MRE(mm): 3.385 | SDR%(2/2.5/3/4): 51.1/61.6/69.0/79.9 | 61.8s
Epoch 91/200 | Train loss: 21.9508 (hm=0.3967, re=5.8229, fe=15.7312) | Val loss: 20.3677 (hm=0.4022, re=5.7158, fe=14.2497) | Val MRE(mm): 1.848 | SDR%(2/2.5/3/4): 65.5/75.9/83.7/92.5 | 61.6s
Epoch 92/200 | Train loss: 21.4526 (hm=0.3952, re=5.7770, fe=15.2805) | Val loss: 20.5806 (hm=0.4063, re=5.6485, fe=14.5258) | Val MRE(mm): 2.022 | SDR%(2/2.5/3/4): 63.3/74.6/82.2/92.0 | 61.7s
Epoch 93/200 | Train loss: 22.3757 (hm=0.3952, re=5.7649, fe=16.2156) | Val loss: 19.9728 (hm=0.3895, re=5.5688, fe=14.0145) | Val MRE(mm): 1.939 | SDR%(2/2.5/3/4): 68.7/78.8/85.4/92.4 | 61.8s
Epoch 94/200 | Train loss: 21.6500 (hm=0.3941, re=5.6836, fe=15.5722) | Val loss: 20.1134 (hm=0.3911, re=5.5656, fe=14.1566) | Val MRE(mm): 1.874 | SDR%(2/2.5/3/4): 66.4/78.3/85.9/93.4 | 61.7s
Epoch 95/200 | Train loss: 23.3892 (hm=0.3980, re=5.7734, fe=17.2178) | Val loss: 20.9311 (hm=0.3939, re=5.6451, fe=14.8922) | Val MRE(mm): 2.496 | SDR%(2/2.5/3/4): 64.2/76.1/83.3/90.9 | 61.6s
Epoch 96/200 | Train loss: 21.8302 (hm=0.4064, re=5.7022, fe=15.7216) | Val loss: 21.4569 (hm=0.3915, re=5.5503, fe=15.5152) | Val MRE(mm): 3.070 | SDR%(2/2.5/3/4): 60.0/70.8/77.9/85.8 | 61.6s
Epoch 97/200 | Train loss: 20.8975 (hm=0.3923, re=5.6369, fe=14.8684) | Val loss: 20.1846 (hm=0.3870, re=5.4630, fe=14.3346) | Val MRE(mm): 2.086 | SDR%(2/2.5/3/4): 63.2/74.1/81.6/89.9 | 61.6s
Epoch 98/200 | Train loss: 21.2737 (hm=0.3931, re=5.6196, fe=15.2610) | Val loss: 20.3109 (hm=0.3917, re=5.5537, fe=14.3656) | Val MRE(mm): 2.222 | SDR%(2/2.5/3/4): 64.9/74.9/81.8/90.0 | 61.8s
Epoch 99/200 | Train loss: 20.9485 (hm=0.3997, re=5.6172, fe=14.9316) | Val loss: 19.5971 (hm=0.3896, re=5.3727, fe=13.8348) | Val MRE(mm): 1.887 | SDR%(2/2.5/3/4): 65.3/79.9/87.8/94.5 | 61.5s
Epoch 100/200 | Train loss: 21.1321 (hm=0.3960, re=5.5797, fe=15.1563) | Val loss: 20.1940 (hm=0.3945, re=5.4198, fe=14.3797) | Val MRE(mm): 2.129 | SDR%(2/2.5/3/4): 63.1/74.7/81.2/89.1 | 62.0s
Epoch 101/200 | Train loss: 20.5103 (hm=0.3942, re=5.5546, fe=14.5614) | Val loss: 19.9764 (hm=0.3912, re=5.5126, fe=14.0726) | Val MRE(mm): 1.938 | SDR%(2/2.5/3/4): 65.8/76.5/83.8/91.9 | 61.6s
Epoch 102/200 | Train loss: 20.6431 (hm=0.3937, re=5.5387, fe=14.7107) | Val loss: 19.6123 (hm=0.3932, re=5.3745, fe=13.8446) | Val MRE(mm): 1.900 | SDR%(2/2.5/3/4): 67.6/77.4/84.7/92.7 | 61.5s
Epoch 103/200 | Train loss: 20.3961 (hm=0.3916, re=5.4951, fe=14.5094) | Val loss: 19.4128 (hm=0.3915, re=5.3265, fe=13.6948) | Val MRE(mm): 1.828 | SDR%(2/2.5/3/4): 69.6/80.8/87.1/93.7 | 61.6s
Epoch 104/200 | Train loss: 20.6760 (hm=0.3933, re=5.5261, fe=14.7566) | Val loss: 19.5815 (hm=0.3932, re=5.2946, fe=13.8938) | Val MRE(mm): 2.366 | SDR%(2/2.5/3/4): 72.0/81.2/87.5/93.8 | 61.6s
Epoch 105/200 | Train loss: 20.2360 (hm=0.3976, re=5.5215, fe=14.3170) | Val loss: 19.3397 (hm=0.3922, re=5.4088, fe=13.5386) | Val MRE(mm): 1.754 | SDR%(2/2.5/3/4): 71.6/81.6/87.9/95.1 | 61.8s
Epoch 106/200 | Train loss: 19.9126 (hm=0.3939, re=5.4949, fe=14.0237) | Val loss: 19.4291 (hm=0.3891, re=5.3322, fe=13.7077) | Val MRE(mm): 2.037 | SDR%(2/2.5/3/4): 70.8/80.7/86.5/92.6 | 61.6s
Epoch 107/200 | Train loss: 20.0543 (hm=0.3933, re=5.4716, fe=14.1894) | Val loss: 19.1636 (hm=0.3878, re=5.2234, fe=13.5524) | Val MRE(mm): 1.694 | SDR%(2/2.5/3/4): 73.6/83.1/88.5/94.3 | 61.6s
Epoch 108/200 | Train loss: 19.8282 (hm=0.3910, re=5.4001, fe=14.0372) | Val loss: 19.2748 (hm=0.3868, re=5.1656, fe=13.7223) | Val MRE(mm): 2.198 | SDR%(2/2.5/3/4): 69.1/79.5/85.1/91.6 | 61.7s
Epoch 109/200 | Train loss: 19.6339 (hm=0.3891, re=5.3612, fe=13.8836) | Val loss: 18.6615 (hm=0.3896, re=5.1711, fe=13.1008) | Val MRE(mm): 1.627 | SDR%(2/2.5/3/4): 74.7/84.4/89.8/95.6 | 61.7s
Epoch 110/200 | Train loss: 19.5676 (hm=0.3932, re=5.3572, fe=13.8173) | Val loss: 18.7864 (hm=0.3909, re=5.1370, fe=13.2585) | Val MRE(mm): 1.701 | SDR%(2/2.5/3/4): 71.5/82.6/89.2/95.4 | 61.8s
Epoch 111/200 | Train loss: 19.7205 (hm=0.3923, re=5.4218, fe=13.9064) | Val loss: 18.6883 (hm=0.3894, re=5.1834, fe=13.1154) | Val MRE(mm): 1.603 | SDR%(2/2.5/3/4): 73.8/83.7/90.1/95.6 | 61.6s
Epoch 112/200 | Train loss: 19.1832 (hm=0.3916, re=5.3464, fe=13.4452) | Val loss: 19.0469 (hm=0.3903, re=5.3036, fe=13.3530) | Val MRE(mm): 1.910 | SDR%(2/2.5/3/4): 70.4/81.0/87.5/94.0 | 61.9s
Epoch 113/200 | Train loss: 19.1118 (hm=0.3890, re=5.3778, fe=13.3450) | Val loss: 18.5384 (hm=0.3871, re=5.1777, fe=12.9736) | Val MRE(mm): 1.624 | SDR%(2/2.5/3/4): 74.2/84.5/90.2/95.8 | 62.4s
Epoch 114/200 | Train loss: 18.9693 (hm=0.3898, re=5.2958, fe=13.2837) | Val loss: 18.8474 (hm=0.3902, re=5.1693, fe=13.2879) | Val MRE(mm): 1.864 | SDR%(2/2.5/3/4): 70.0/80.4/86.3/93.4 | 61.7s
Epoch 115/200 | Train loss: 18.6424 (hm=0.3876, re=5.2289, fe=13.0259) | Val loss: 18.3381 (hm=0.3865, re=5.0901, fe=12.8615) | Val MRE(mm): 1.613 | SDR%(2/2.5/3/4): 74.9/84.3/89.6/95.3 | 61.6s
Epoch 116/200 | Train loss: 18.7850 (hm=0.3864, re=5.2240, fe=13.1746) | Val loss: 18.4077 (hm=0.3853, re=5.0793, fe=12.9432) | Val MRE(mm): 1.635 | SDR%(2/2.5/3/4): 75.0/84.5/90.7/95.4 | 61.5s
Epoch 117/200 | Train loss: 18.2985 (hm=0.3862, re=5.2135, fe=12.6988) | Val loss: 17.9702 (hm=0.3861, re=4.9661, fe=12.6180) | Val MRE(mm): 1.441 | SDR%(2/2.5/3/4): 78.4/88.0/92.9/97.3 | 61.6s
Epoch 118/200 | Train loss: 18.4055 (hm=0.3855, re=5.1915, fe=12.8285) | Val loss: 18.4816 (hm=0.3849, re=5.0650, fe=13.0318) | Val MRE(mm): 1.622 | SDR%(2/2.5/3/4): 74.3/84.5/89.5/95.8 | 61.6s
Epoch 119/200 | Train loss: 17.9410 (hm=0.3845, re=5.1001, fe=12.4565) | Val loss: 18.7408 (hm=0.3833, re=4.9492, fe=13.4084) | Val MRE(mm): 1.904 | SDR%(2/2.5/3/4): 75.2/83.5/88.4/92.8 | 61.5s
Epoch 120/200 | Train loss: 17.9507 (hm=0.3849, re=5.0998, fe=12.4660) | Val loss: 18.5480 (hm=0.3837, re=5.0925, fe=13.0718) | Val MRE(mm): 1.612 | SDR%(2/2.5/3/4): 75.8/84.7/90.0/95.4 | 61.6s
Epoch 121/200 | Train loss: 17.8908 (hm=0.3890, re=5.1194, fe=12.3824) | Val loss: 20.3068 (hm=0.3909, re=5.2634, fe=14.6526) | Val MRE(mm): 2.507 | SDR%(2/2.5/3/4): 72.6/80.7/86.6/91.9 | 61.7s
Epoch 122/200 | Train loss: 18.1989 (hm=0.3871, re=5.1265, fe=12.6853) | Val loss: 18.0497 (hm=0.3841, re=4.9812, fe=12.6844) | Val MRE(mm): 1.529 | SDR%(2/2.5/3/4): 75.9/84.7/90.3/96.0 | 61.7s
Epoch 123/200 | Train loss: 17.7821 (hm=0.3855, re=5.1261, fe=12.2704) | Val loss: 17.3546 (hm=0.3837, re=4.8286, fe=12.1423) | Val MRE(mm): 1.356 | SDR%(2/2.5/3/4): 80.9/88.6/93.5/97.5 | 61.7s
Epoch 124/200 | Train loss: 17.7810 (hm=0.3851, re=5.0985, fe=12.2974) | Val loss: 18.1962 (hm=0.3872, re=5.0158, fe=12.7932) | Val MRE(mm): 1.436 | SDR%(2/2.5/3/4): 79.5/88.8/93.2/97.0 | 61.6s
Epoch 125/200 | Train loss: 17.6736 (hm=0.3861, re=5.0967, fe=12.1908) | Val loss: 17.8915 (hm=0.3851, re=4.9835, fe=12.5229) | Val MRE(mm): 1.414 | SDR%(2/2.5/3/4): 80.5/87.4/92.6/96.5 | 61.8s
Epoch 126/200 | Train loss: 17.8301 (hm=0.3870, re=5.0728, fe=12.3703) | Val loss: 17.6780 (hm=0.3846, re=4.8552, fe=12.4381) | Val MRE(mm): 1.485 | SDR%(2/2.5/3/4): 76.1/85.9/91.4/96.4 | 61.6s
Epoch 127/200 | Train loss: 17.2595 (hm=0.3883, re=5.0565, fe=11.8147) | Val loss: 17.8208 (hm=0.3874, re=4.7997, fe=12.6337) | Val MRE(mm): 1.552 | SDR%(2/2.5/3/4): 76.8/86.4/92.0/97.2 | 61.5s
Epoch 128/200 | Train loss: 17.3805 (hm=0.3863, re=5.0285, fe=11.9657) | Val loss: 18.0006 (hm=0.3852, re=4.9099, fe=12.7056) | Val MRE(mm): 1.544 | SDR%(2/2.5/3/4): 78.9/87.0/91.7/96.3 | 61.8s
Epoch 129/200 | Train loss: 17.8131 (hm=0.3851, re=5.0598, fe=12.3682) | Val loss: 17.4567 (hm=0.3844, re=4.7540, fe=12.3184) | Val MRE(mm): 1.597 | SDR%(2/2.5/3/4): 77.2/85.9/91.8/96.2 | 61.9s
Epoch 130/200 | Train loss: 17.2351 (hm=0.3846, re=4.9994, fe=11.8511) | Val loss: 17.7688 (hm=0.3829, re=4.7948, fe=12.5911) | Val MRE(mm): 1.591 | SDR%(2/2.5/3/4): 77.9/86.2/90.5/95.3 | 61.4s
Epoch 131/200 | Train loss: 17.3938 (hm=0.3834, re=5.0468, fe=11.9636) | Val loss: 17.3143 (hm=0.3820, re=4.7410, fe=12.1913) | Val MRE(mm): 1.367 | SDR%(2/2.5/3/4): 81.5/88.9/93.1/96.8 | 61.6s
Epoch 132/200 | Train loss: 16.7957 (hm=0.3812, re=4.9448, fe=11.4697) | Val loss: 17.8612 (hm=0.3827, re=4.7891, fe=12.6894) | Val MRE(mm): 1.445 | SDR%(2/2.5/3/4): 77.8/86.9/92.5/97.3 | 61.7s
Epoch 133/200 | Train loss: 16.8843 (hm=0.3828, re=4.9563, fe=11.5452) | Val loss: 17.2397 (hm=0.3815, re=4.7057, fe=12.1526) | Val MRE(mm): 1.358 | SDR%(2/2.5/3/4): 82.1/89.8/93.4/97.7 | 61.6s
Epoch 134/200 | Train loss: 16.8466 (hm=0.3823, re=4.9945, fe=11.4698) | Val loss: 17.2242 (hm=0.3817, re=4.7428, fe=12.0998) | Val MRE(mm): 1.346 | SDR%(2/2.5/3/4): 82.3/89.3/93.1/97.5 | 61.6s
Epoch 135/200 | Train loss: 16.9907 (hm=0.3822, re=5.0363, fe=11.5722) | Val loss: 17.4423 (hm=0.3809, re=4.7538, fe=12.3076) | Val MRE(mm): 1.372 | SDR%(2/2.5/3/4): 82.0/89.8/94.3/97.9 | 61.6s
Epoch 136/200 | Train loss: 16.3702 (hm=0.3818, re=4.9034, fe=11.0850) | Val loss: 17.1097 (hm=0.3805, re=4.6555, fe=12.0737) | Val MRE(mm): 1.315 | SDR%(2/2.5/3/4): 83.5/90.2/94.2/98.1 | 61.6s
Epoch 137/200 | Train loss: 16.5409 (hm=0.3801, re=4.9702, fe=11.1906) | Val loss: 17.6262 (hm=0.3800, re=4.7397, fe=12.5066) | Val MRE(mm): 1.337 | SDR%(2/2.5/3/4): 81.1/89.1/93.9/97.8 | 61.7s
Epoch 138/200 | Train loss: 16.4276 (hm=0.3811, re=4.9206, fe=11.1260) | Val loss: 17.1603 (hm=0.3818, re=4.6573, fe=12.1212) | Val MRE(mm): 1.343 | SDR%(2/2.5/3/4): 82.4/90.1/94.4/97.9 | 61.4s
Epoch 139/200 | Train loss: 15.9252 (hm=0.3810, re=4.8564, fe=10.6878) | Val loss: 17.1426 (hm=0.3808, re=4.6190, fe=12.1428) | Val MRE(mm): 1.314 | SDR%(2/2.5/3/4): 82.6/90.2/94.0/97.6 | 61.9s
Epoch 140/200 | Train loss: 15.9781 (hm=0.3813, re=4.8577, fe=10.7391) | Val loss: 17.5289 (hm=0.3814, re=4.7249, fe=12.4227) | Val MRE(mm): 1.410 | SDR%(2/2.5/3/4): 79.1/87.3/92.9/97.3 | 61.8s
Epoch 141/200 | Train loss: 15.9792 (hm=0.3815, re=4.8639, fe=10.7338) | Val loss: 17.3598 (hm=0.3814, re=4.6685, fe=12.3099) | Val MRE(mm): 1.315 | SDR%(2/2.5/3/4): 83.1/90.5/94.4/97.8 | 61.4s
Epoch 142/200 | Train loss: 15.5674 (hm=0.3804, re=4.8096, fe=10.3774) | Val loss: 17.2498 (hm=0.3810, re=4.6558, fe=12.2129) | Val MRE(mm): 1.267 | SDR%(2/2.5/3/4): 84.6/91.1/94.8/98.0 | 62.7s
Epoch 143/200 | Train loss: 16.0091 (hm=0.3813, re=4.8569, fe=10.7710) | Val loss: 17.7127 (hm=0.3810, re=4.6422, fe=12.6895) | Val MRE(mm): 2.063 | SDR%(2/2.5/3/4): 80.1/87.3/90.9/94.2 | 61.9s
Epoch 144/200 | Train loss: 15.7606 (hm=0.3824, re=4.8142, fe=10.5640) | Val loss: 17.4908 (hm=0.3817, re=4.6931, fe=12.4160) | Val MRE(mm): 1.339 | SDR%(2/2.5/3/4): 81.7/89.5/94.1/97.6 | 61.5s
Epoch 145/200 | Train loss: 15.5709 (hm=0.3801, re=4.7909, fe=10.3998) | Val loss: 17.3922 (hm=0.3801, re=4.5848, fe=12.4272) | Val MRE(mm): 1.348 | SDR%(2/2.5/3/4): 82.1/89.5/93.3/97.7 | 61.6s
Epoch 146/200 | Train loss: 15.4732 (hm=0.3802, re=4.7333, fe=10.3597) | Val loss: 17.2344 (hm=0.3800, re=4.5230, fe=12.3314) | Val MRE(mm): 1.278 | SDR%(2/2.5/3/4): 84.2/91.0/94.6/98.2 | 61.7s
Epoch 147/200 | Train loss: 15.5379 (hm=0.3796, re=4.7799, fe=10.3784) | Val loss: 17.4623 (hm=0.3799, re=4.8148, fe=12.2675) | Val MRE(mm): 1.262 | SDR%(2/2.5/3/4): 84.2/91.2/94.9/98.3 | 61.7s
Epoch 148/200 | Train loss: 15.2218 (hm=0.3798, re=4.7482, fe=10.0939) | Val loss: 17.2986 (hm=0.3803, re=4.5696, fe=12.3486) | Val MRE(mm): 1.275 | SDR%(2/2.5/3/4): 83.5/90.3/94.6/97.9 | 61.7s
Epoch 149/200 | Train loss: 14.8963 (hm=0.3803, re=4.6740, fe=9.8419) | Val loss: 16.9958 (hm=0.3803, re=4.4771, fe=12.1384) | Val MRE(mm): 1.281 | SDR%(2/2.5/3/4): 84.0/91.2/94.5/98.1 | 61.5s
Epoch 150/200 | Train loss: 15.1934 (hm=0.3800, re=4.7240, fe=10.0893) | Val loss: 17.6601 (hm=0.3802, re=4.5237, fe=12.7563) | Val MRE(mm): 1.356 | SDR%(2/2.5/3/4): 80.8/88.7/92.9/97.3 | 61.7s
Epoch 151/200 | Train loss: 15.0271 (hm=0.3794, re=4.6850, fe=9.9626) | Val loss: 17.6287 (hm=0.3798, re=4.5084, fe=12.7404) | Val MRE(mm): 1.325 | SDR%(2/2.5/3/4): 83.3/90.7/94.2/97.9 | 61.5s
Epoch 152/200 | Train loss: 14.8952 (hm=0.3794, re=4.6969, fe=9.8188) | Val loss: 17.4071 (hm=0.3800, re=4.4664, fe=12.5608) | Val MRE(mm): 1.221 | SDR%(2/2.5/3/4): 84.5/90.9/94.9/98.0 | 61.6s
Epoch 153/200 | Train loss: 14.7458 (hm=0.3792, re=4.6460, fe=9.7206) | Val loss: 17.1637 (hm=0.3805, re=4.4349, fe=12.3482) | Val MRE(mm): 1.271 | SDR%(2/2.5/3/4): 83.5/90.6/94.4/98.0 | 61.8s
Epoch 154/200 | Train loss: 14.5943 (hm=0.3798, re=4.6479, fe=9.5666) | Val loss: 17.6072 (hm=0.3800, re=4.5060, fe=12.7212) | Val MRE(mm): 1.297 | SDR%(2/2.5/3/4): 83.4/90.1/94.1/97.9 | 61.5s
Epoch 155/200 | Train loss: 14.5120 (hm=0.3792, re=4.6158, fe=9.5170) | Val loss: 17.2355 (hm=0.3792, re=4.4537, fe=12.4026) | Val MRE(mm): 1.228 | SDR%(2/2.5/3/4): 84.9/91.3/95.0/98.4 | 61.6s
Epoch 156/200 | Train loss: 14.5661 (hm=0.3787, re=4.6180, fe=9.5694) | Val loss: 17.6265 (hm=0.3791, re=4.3877, fe=12.8597) | Val MRE(mm): 1.267 | SDR%(2/2.5/3/4): 83.7/90.9/94.4/98.0 | 61.7s
Epoch 157/200 | Train loss: 14.3612 (hm=0.3785, re=4.5867, fe=9.3960) | Val loss: 17.8996 (hm=0.3795, re=4.7263, fe=12.7938) | Val MRE(mm): 1.224 | SDR%(2/2.5/3/4): 85.5/91.6/94.9/98.1 | 61.7s
Epoch 158/200 | Train loss: 14.3612 (hm=0.3787, re=4.6143, fe=9.3682) | Val loss: 17.5740 (hm=0.3792, re=4.4744, fe=12.7205) | Val MRE(mm): 1.242 | SDR%(2/2.5/3/4): 83.6/90.7/94.6/97.8 | 61.6s
Epoch 159/200 | Train loss: 14.4484 (hm=0.3784, re=4.6322, fe=9.4378) | Val loss: 17.5527 (hm=0.3791, re=4.4988, fe=12.6748) | Val MRE(mm): 1.221 | SDR%(2/2.5/3/4): 85.4/91.3/95.0/98.0 | 61.7s
Epoch 160/200 | Train loss: 14.2493 (hm=0.3782, re=4.5999, fe=9.2711) | Val loss: 17.4757 (hm=0.3792, re=4.3756, fe=12.7210) | Val MRE(mm): 1.229 | SDR%(2/2.5/3/4): 84.4/90.9/94.8/98.1 | 61.8s
Epoch 161/200 | Train loss: 14.2033 (hm=0.3785, re=4.6077, fe=9.2172) | Val loss: 17.4272 (hm=0.3789, re=4.4385, fe=12.6098) | Val MRE(mm): 1.225 | SDR%(2/2.5/3/4): 85.0/91.8/95.2/98.1 | 61.4s
Epoch 162/200 | Train loss: 14.0974 (hm=0.3780, re=4.6399, fe=9.0796) | Val loss: 17.5779 (hm=0.3789, re=4.3837, fe=12.8153) | Val MRE(mm): 1.207 | SDR%(2/2.5/3/4): 84.9/91.5/94.8/98.0 | 61.7s
Epoch 163/200 | Train loss: 13.9737 (hm=0.3790, re=4.6055, fe=8.9892) | Val loss: 17.5740 (hm=0.3787, re=4.4785, fe=12.7168) | Val MRE(mm): 1.209 | SDR%(2/2.5/3/4): 85.4/91.7/94.9/97.9 | 61.7s
Epoch 164/200 | Train loss: 13.9986 (hm=0.3781, re=4.5769, fe=9.0437) | Val loss: 18.2782 (hm=0.3787, re=4.3914, fe=13.5081) | Val MRE(mm): 1.287 | SDR%(2/2.5/3/4): 83.1/90.8/94.4/98.0 | 61.6s
Epoch 165/200 | Train loss: 13.9402 (hm=0.3781, re=4.5315, fe=9.0305) | Val loss: 17.9111 (hm=0.3787, re=4.4106, fe=13.1218) | Val MRE(mm): 1.201 | SDR%(2/2.5/3/4): 85.3/91.6/95.0/97.9 | 61.7s
Epoch 166/200 | Train loss: 13.6009 (hm=0.3783, re=4.4993, fe=8.7233) | Val loss: 17.9913 (hm=0.3786, re=4.3743, fe=13.2383) | Val MRE(mm): 1.198 | SDR%(2/2.5/3/4): 84.8/91.1/95.2/98.0 | 61.6s
Epoch 167/200 | Train loss: 13.9428 (hm=0.3780, re=4.5701, fe=8.9947) | Val loss: 18.1527 (hm=0.3787, re=4.3802, fe=13.3938) | Val MRE(mm): 1.230 | SDR%(2/2.5/3/4): 84.8/91.1/95.1/98.0 | 61.9s
Epoch 168/200 | Train loss: 13.6195 (hm=0.3783, re=4.5075, fe=8.7337) | Val loss: 17.9409 (hm=0.3787, re=4.3509, fe=13.2113) | Val MRE(mm): 1.220 | SDR%(2/2.5/3/4): 85.1/91.6/95.5/98.2 | 61.7s
Epoch 169/200 | Train loss: 13.6582 (hm=0.3781, re=4.5257, fe=8.7544) | Val loss: 17.9287 (hm=0.3787, re=4.3737, fe=13.1764) | Val MRE(mm): 1.234 | SDR%(2/2.5/3/4): 84.9/90.8/95.1/98.0 | 61.6s
Epoch 170/200 | Train loss: 13.5316 (hm=0.3778, re=4.5294, fe=8.6244) | Val loss: 18.1317 (hm=0.3788, re=4.3660, fe=13.3869) | Val MRE(mm): 1.198 | SDR%(2/2.5/3/4): 85.3/91.2/95.4/98.1 | 61.6s
Epoch 171/200 | Train loss: 13.5296 (hm=0.3779, re=4.4905, fe=8.6612) | Val loss: 18.1061 (hm=0.3785, re=4.4100, fe=13.3176) | Val MRE(mm): 1.191 | SDR%(2/2.5/3/4): 85.4/91.2/95.2/98.1 | 62.8s
Epoch 172/200 | Train loss: 13.3133 (hm=0.3774, re=4.4714, fe=8.4646) | Val loss: 18.2658 (hm=0.3783, re=4.3449, fe=13.5427) | Val MRE(mm): 1.183 | SDR%(2/2.5/3/4): 85.8/91.3/95.3/98.2 | 61.7s
Epoch 173/200 | Train loss: 13.4678 (hm=0.3776, re=4.4914, fe=8.5988) | Val loss: 18.2165 (hm=0.3783, re=4.4289, fe=13.4093) | Val MRE(mm): 1.218 | SDR%(2/2.5/3/4): 84.8/90.7/94.8/97.9 | 61.7s
Epoch 174/200 | Train loss: 13.3118 (hm=0.3774, re=4.4431, fe=8.4913) | Val loss: 18.3156 (hm=0.3784, re=4.3447, fe=13.5925) | Val MRE(mm): 1.211 | SDR%(2/2.5/3/4): 84.7/90.9/95.1/98.1 | 61.4s
Epoch 175/200 | Train loss: 13.1774 (hm=0.3777, re=4.4147, fe=8.3850) | Val loss: 18.3778 (hm=0.3783, re=4.3467, fe=13.6529) | Val MRE(mm): 1.214 | SDR%(2/2.5/3/4): 85.0/91.5/95.1/98.1 | 61.6s
Epoch 176/200 | Train loss: 13.1488 (hm=0.3774, re=4.4527, fe=8.3187) | Val loss: 18.3249 (hm=0.3782, re=4.3523, fe=13.5944) | Val MRE(mm): 1.190 | SDR%(2/2.5/3/4): 85.8/91.7/95.2/98.2 | 61.5s
Epoch 177/200 | Train loss: 13.1617 (hm=0.3771, re=4.4607, fe=8.3239) | Val loss: 18.1774 (hm=0.3783, re=4.2585, fe=13.5406) | Val MRE(mm): 1.195 | SDR%(2/2.5/3/4): 85.7/91.8/95.3/98.1 | 61.5s
Epoch 178/200 | Train loss: 13.2131 (hm=0.3771, re=4.4399, fe=8.3960) | Val loss: 18.3808 (hm=0.3782, re=4.2897, fe=13.7129) | Val MRE(mm): 1.206 | SDR%(2/2.5/3/4): 84.8/91.2/95.2/98.0 | 61.5s
Epoch 179/200 | Train loss: 13.0427 (hm=0.3775, re=4.4282, fe=8.2370) | Val loss: 18.4356 (hm=0.3782, re=4.2859, fe=13.7716) | Val MRE(mm): 1.208 | SDR%(2/2.5/3/4): 85.2/91.6/95.1/98.1 | 61.4s
Epoch 180/200 | Train loss: 13.2893 (hm=0.3775, re=4.4438, fe=8.4681) | Val loss: 18.2292 (hm=0.3781, re=4.2626, fe=13.5884) | Val MRE(mm): 1.198 | SDR%(2/2.5/3/4): 85.6/91.6/95.3/98.0 | 61.5s
Epoch 181/200 | Train loss: 12.9442 (hm=0.3775, re=4.4238, fe=8.1429) | Val loss: 18.4554 (hm=0.3781, re=4.2882, fe=13.7890) | Val MRE(mm): 1.193 | SDR%(2/2.5/3/4): 85.6/91.5/95.3/98.2 | 61.6s
Epoch 182/200 | Train loss: 13.1407 (hm=0.3776, re=4.4395, fe=8.3237) | Val loss: 18.6104 (hm=0.3782, re=4.2766, fe=13.9556) | Val MRE(mm): 1.201 | SDR%(2/2.5/3/4): 85.1/91.4/95.2/98.0 | 61.7s
Epoch 183/200 | Train loss: 12.9850 (hm=0.3776, re=4.4526, fe=8.1548) | Val loss: 18.6852 (hm=0.3782, re=4.2982, fe=14.0088) | Val MRE(mm): 1.205 | SDR%(2/2.5/3/4): 85.4/91.4/95.3/98.0 | 61.6s
Epoch 184/200 | Train loss: 12.9962 (hm=0.3779, re=4.4189, fe=8.1994) | Val loss: 18.5442 (hm=0.3782, re=4.2726, fe=13.8935) | Val MRE(mm): 1.208 | SDR%(2/2.5/3/4): 85.1/91.4/95.2/98.1 | 61.6s
Epoch 185/200 | Train loss: 12.9672 (hm=0.3776, re=4.4178, fe=8.1718) | Val loss: 18.5029 (hm=0.3781, re=4.2973, fe=13.8276) | Val MRE(mm): 1.188 | SDR%(2/2.5/3/4): 85.8/91.8/95.4/98.2 | 61.6s
Epoch 186/200 | Train loss: 12.9250 (hm=0.3769, re=4.4701, fe=8.0780) | Val loss: 18.4351 (hm=0.3781, re=4.2489, fe=13.8081) | Val MRE(mm): 1.171 | SDR%(2/2.5/3/4): 85.5/91.8/95.5/98.1 | 61.6s
Epoch 187/200 | Train loss: 12.8016 (hm=0.3773, re=4.4323, fe=7.9921) | Val loss: 18.7731 (hm=0.3781, re=4.2860, fe=14.1090) | Val MRE(mm): 1.195 | SDR%(2/2.5/3/4): 85.2/91.5/95.3/98.2 | 61.8s
Epoch 188/200 | Train loss: 12.8610 (hm=0.3770, re=4.4203, fe=8.0637) | Val loss: 18.7698 (hm=0.3782, re=4.2881, fe=14.1036) | Val MRE(mm): 1.194 | SDR%(2/2.5/3/4): 85.3/91.6/95.2/98.1 | 61.7s
Epoch 189/200 | Train loss: 12.9836 (hm=0.3776, re=4.4100, fe=8.1961) | Val loss: 18.7603 (hm=0.3781, re=4.2904, fe=14.0917) | Val MRE(mm): 1.192 | SDR%(2/2.5/3/4): 85.4/91.6/95.2/98.0 | 61.5s
Epoch 190/200 | Train loss: 12.7221 (hm=0.3768, re=4.3859, fe=7.9595) | Val loss: 18.7781 (hm=0.3781, re=4.2595, fe=14.1405) | Val MRE(mm): 1.193 | SDR%(2/2.5/3/4): 85.2/91.5/95.2/98.0 | 61.5s
Epoch 191/200 | Train loss: 12.8010 (hm=0.3776, re=4.4067, fe=8.0166) | Val loss: 18.6709 (hm=0.3781, re=4.2720, fe=14.0208) | Val MRE(mm): 1.188 | SDR%(2/2.5/3/4): 85.4/91.7/95.2/98.1 | 61.6s
Epoch 192/200 | Train loss: 12.6548 (hm=0.3771, re=4.3976, fe=7.8801) | Val loss: 18.7860 (hm=0.3781, re=4.2658, fe=14.1421) | Val MRE(mm): 1.191 | SDR%(2/2.5/3/4): 85.4/91.6/95.2/98.1 | 61.6s
Epoch 193/200 | Train loss: 12.7556 (hm=0.3772, re=4.4232, fe=7.9551) | Val loss: 18.8427 (hm=0.3781, re=4.2814, fe=14.1832) | Val MRE(mm): 1.190 | SDR%(2/2.5/3/4): 85.3/91.5/95.3/98.1 | 61.6s
Epoch 194/200 | Train loss: 12.8400 (hm=0.3773, re=4.4079, fe=8.0548) | Val loss: 18.8837 (hm=0.3781, re=4.2878, fe=14.2178) | Val MRE(mm): 1.193 | SDR%(2/2.5/3/4): 85.3/91.5/95.2/98.1 | 61.6s
Epoch 195/200 | Train loss: 12.7558 (hm=0.3776, re=4.3926, fe=7.9856) | Val loss: 18.8151 (hm=0.3781, re=4.2775, fe=14.1595) | Val MRE(mm): 1.188 | SDR%(2/2.5/3/4): 85.5/91.5/95.2/98.1 | 61.7s
Epoch 196/200 | Train loss: 12.8634 (hm=0.3783, re=4.4245, fe=8.0605) | Val loss: 18.8088 (hm=0.3781, re=4.2736, fe=14.1571) | Val MRE(mm): 1.189 | SDR%(2/2.5/3/4): 85.4/91.5/95.2/98.0 | 61.7s
Epoch 197/200 | Train loss: 12.7857 (hm=0.3780, re=4.4129, fe=7.9948) | Val loss: 18.8043 (hm=0.3781, re=4.2739, fe=14.1523) | Val MRE(mm): 1.187 | SDR%(2/2.5/3/4): 85.4/91.5/95.2/98.0 | 61.7s
Epoch 198/200 | Train loss: 12.7126 (hm=0.3774, re=4.3842, fe=7.9510) | Val loss: 18.7970 (hm=0.3781, re=4.2740, fe=14.1449) | Val MRE(mm): 1.186 | SDR%(2/2.5/3/4): 85.5/91.5/95.3/98.0 | 61.5s
Epoch 199/200 | Train loss: 12.8271 (hm=0.3774, re=4.4144, fe=8.0353) | Val loss: 18.7969 (hm=0.3781, re=4.2736, fe=14.1452) | Val MRE(mm): 1.186 | SDR%(2/2.5/3/4): 85.5/91.5/95.3/98.0 | 61.8s
Epoch 200/200 | Train loss: 12.8291 (hm=0.3776, re=4.4072, fe=8.0443) | Val loss: 18.7969 (hm=0.3781, re=4.2736, fe=14.1452) | Val MRE(mm): 1.186 | SDR%(2/2.5/3/4): 85.5/91.5/95.3/98.0 | 63.3s
