Warning: You are sending unauthenticated requests to the HF Hub. Please set a HF_TOKEN to enable higher rate limits and faster downloads.
/kaggle/working/DeLR-Cephalometric-ConvNeXtV2/delr/model.py:411: UserWarning: enable_nested_tensor is True, but self.use_nested_tensor is False because encoder_layer.self_attn.batch_first was not True(use batch_first for better inference performance)
  self.reference_encoder = nn.TransformerEncoder(enc_layer_ref, num_layers=num_layers_ref)
seed=42 backbone_amp=True
Resumed weights from outputs/isbi3p_seed42/phase2/best_model.pt (missing=0, unexpected=0, skipped_shape_mismatch=0).
Checkpoint val_metrics: {'loss': 21.327662073771158, 'loss_hm': 0.375438400109609, 'loss_re': 4.011501344045003, 'loss_fe': 16.940722274780274, 'mre_mm': 1.1021984177304986, 'mre_px': 11.021983985231634, 'sdr_2_0mm': 87.43859649122807, 'sdr_2_5mm': 92.21052631578948, 'sdr_3_0mm': 95.6842105263158, 'sdr_4_0mm': 98.35087719298245}
Epoch 01/128 | Train loss: 10.2521 (hm=0.3741, re=3.9798, fe=5.8982) | Val loss: 22.6337 (hm=0.3759, re=3.9890, fe=18.2688) | Val MRE(mm): 1.145 | SDR%(2/2.5/3/4): 86.4/92.1/95.7/98.2 | 79.2s
Epoch 02/128 | Train loss: 10.0962 (hm=0.3739, re=3.9448, fe=5.7776) | Val loss: 21.6820 (hm=0.3760, re=3.9563, fe=17.3498) | Val MRE(mm): 1.139 | SDR%(2/2.5/3/4): 86.2/91.7/95.5/98.3 | 60.9s
Epoch 03/128 | Train loss: 9.9342 (hm=0.3738, re=3.9470, fe=5.6134) | Val loss: 22.4659 (hm=0.3760, re=4.2213, fe=17.8686) | Val MRE(mm): 1.139 | SDR%(2/2.5/3/4): 86.4/92.1/95.5/98.2 | 61.5s
Epoch 04/128 | Train loss: 9.9861 (hm=0.3736, re=3.9901, fe=5.6224) | Val loss: 23.0240 (hm=0.3760, re=4.0870, fe=18.5610) | Val MRE(mm): 1.161 | SDR%(2/2.5/3/4): 85.6/91.4/95.1/98.2 | 61.8s
Epoch 05/128 | Train loss: 10.1040 (hm=0.3738, re=3.9741, fe=5.7561) | Val loss: 22.6786 (hm=0.3759, re=3.9322, fe=18.3705) | Val MRE(mm): 1.140 | SDR%(2/2.5/3/4): 86.2/92.0/95.6/98.2 | 62.0s
Epoch 06/128 | Train loss: 9.8848 (hm=0.3738, re=3.9365, fe=5.5746) | Val loss: 23.1708 (hm=0.3760, re=4.0347, fe=18.7600) | Val MRE(mm): 1.177 | SDR%(2/2.5/3/4): 85.5/91.8/95.3/98.2 | 61.9s
Epoch 07/128 | Train loss: 10.3947 (hm=0.3739, re=3.9943, fe=6.0265) | Val loss: 21.8018 (hm=0.3759, re=3.9742, fe=17.4516) | Val MRE(mm): 1.131 | SDR%(2/2.5/3/4): 86.6/91.8/95.3/98.2 | 61.9s
Epoch 08/128 | Train loss: 9.9982 (hm=0.3736, re=3.9363, fe=5.6883) | Val loss: 22.4701 (hm=0.3759, re=4.1412, fe=17.9529) | Val MRE(mm): 1.153 | SDR%(2/2.5/3/4): 86.1/91.5/95.1/98.2 | 61.8s
Epoch 09/128 | Train loss: 9.9353 (hm=0.3736, re=3.9451, fe=5.6166) | Val loss: 21.9930 (hm=0.3757, re=3.9799, fe=17.6374) | Val MRE(mm): 1.149 | SDR%(2/2.5/3/4): 86.8/91.9/95.3/98.1 | 62.0s
Epoch 10/128 | Train loss: 9.8548 (hm=0.3739, re=3.9315, fe=5.5494) | Val loss: 22.2894 (hm=0.3756, re=3.8966, fe=18.0171) | Val MRE(mm): 1.151 | SDR%(2/2.5/3/4): 85.8/91.5/95.3/98.2 | 61.9s
Epoch 11/128 | Train loss: 10.0170 (hm=0.3738, re=3.9264, fe=5.7168) | Val loss: 21.3241 (hm=0.3755, re=3.9663, fe=16.9823) | Val MRE(mm): 1.153 | SDR%(2/2.5/3/4): 86.6/91.9/95.3/98.2 | 61.9s
Epoch 12/128 | Train loss: 10.2861 (hm=0.3741, re=4.0208, fe=5.8912) | Val loss: 21.8685 (hm=0.3756, re=3.9813, fe=17.5116) | Val MRE(mm): 1.136 | SDR%(2/2.5/3/4): 86.7/92.0/95.7/98.3 | 61.9s
Epoch 13/128 | Train loss: 9.6889 (hm=0.3735, re=3.9110, fe=5.4044) | Val loss: 22.7287 (hm=0.3755, re=4.2552, fe=18.0981) | Val MRE(mm): 1.138 | SDR%(2/2.5/3/4): 86.6/92.2/95.6/98.3 | 61.9s
Epoch 14/128 | Train loss: 10.0756 (hm=0.3738, re=3.9247, fe=5.7771) | Val loss: 22.8571 (hm=0.3756, re=3.9874, fe=18.4941) | Val MRE(mm): 1.141 | SDR%(2/2.5/3/4): 85.8/91.8/95.1/98.2 | 61.9s
Epoch 15/128 | Train loss: 9.7773 (hm=0.3735, re=3.9256, fe=5.4782) | Val loss: 22.7554 (hm=0.3754, re=4.1308, fe=18.2492) | Val MRE(mm): 1.141 | SDR%(2/2.5/3/4): 86.7/91.6/95.5/98.2 | 61.9s
Epoch 16/128 | Train loss: 9.9655 (hm=0.3737, re=3.9085, fe=5.6832) | Val loss: 21.8052 (hm=0.3754, re=4.1218, fe=17.3080) | Val MRE(mm): 1.138 | SDR%(2/2.5/3/4): 86.8/91.8/95.4/98.1 | 61.9s
Epoch 17/128 | Train loss: 9.7801 (hm=0.3737, re=3.9302, fe=5.4763) | Val loss: 23.0118 (hm=0.3754, re=3.9173, fe=18.7192) | Val MRE(mm): 1.130 | SDR%(2/2.5/3/4): 86.6/92.0/95.6/98.2 | 62.0s
Epoch 18/128 | Train loss: 9.8233 (hm=0.3732, re=3.9514, fe=5.4987) | Val loss: 22.9311 (hm=0.3755, re=3.8934, fe=18.6621) | Val MRE(mm): 1.158 | SDR%(2/2.5/3/4): 86.1/91.6/95.6/98.1 | 61.9s
Epoch 19/128 | Train loss: 10.0191 (hm=0.3738, re=3.9012, fe=5.7440) | Val loss: 22.2726 (hm=0.3756, re=3.9792, fe=17.9178) | Val MRE(mm): 1.134 | SDR%(2/2.5/3/4): 86.7/92.2/95.8/98.2 | 61.9s
Epoch 20/128 | Train loss: 9.8400 (hm=0.3740, re=3.8639, fe=5.6021) | Val loss: 21.8697 (hm=0.3757, re=4.0051, fe=17.4889) | Val MRE(mm): 1.126 | SDR%(2/2.5/3/4): 87.0/92.0/95.6/98.3 | 62.0s
Epoch 21/128 | Train loss: 9.9521 (hm=0.3739, re=3.9978, fe=5.5804) | Val loss: 22.4508 (hm=0.3755, re=4.1144, fe=17.9609) | Val MRE(mm): 1.165 | SDR%(2/2.5/3/4): 86.1/91.8/95.4/98.3 | 62.0s
Epoch 22/128 | Train loss: 9.7593 (hm=0.3737, re=3.9411, fe=5.4445) | Val loss: 22.5690 (hm=0.3758, re=3.9085, fe=18.2847) | Val MRE(mm): 1.134 | SDR%(2/2.5/3/4): 86.6/91.9/95.7/98.2 | 62.1s
Epoch 23/128 | Train loss: 9.6697 (hm=0.3737, re=3.9316, fe=5.3644) | Val loss: 22.8774 (hm=0.3756, re=4.1300, fe=18.3719) | Val MRE(mm): 1.136 | SDR%(2/2.5/3/4): 86.6/92.0/95.7/98.3 | 62.0s
Epoch 24/128 | Train loss: 9.6796 (hm=0.3737, re=3.8943, fe=5.4117) | Val loss: 22.1505 (hm=0.3756, re=3.8777, fe=17.8972) | Val MRE(mm): 1.145 | SDR%(2/2.5/3/4): 85.9/91.6/95.5/98.4 | 62.0s
Epoch 25/128 | Train loss: 9.6419 (hm=0.3742, re=3.8690, fe=5.3986) | Val loss: 23.8397 (hm=0.3756, re=3.8974, fe=19.5667) | Val MRE(mm): 1.186 | SDR%(2/2.5/3/4): 85.3/91.1/94.7/97.9 | 62.0s
Epoch 26/128 | Train loss: 9.6710 (hm=0.3738, re=3.8670, fe=5.4302) | Val loss: 23.1478 (hm=0.3755, re=4.0012, fe=18.7711) | Val MRE(mm): 1.141 | SDR%(2/2.5/3/4): 86.4/92.0/95.4/98.3 | 61.9s
Epoch 27/128 | Train loss: 9.7551 (hm=0.3736, re=3.8833, fe=5.4982) | Val loss: 24.0752 (hm=0.3755, re=4.0691, fe=19.6306) | Val MRE(mm): 1.132 | SDR%(2/2.5/3/4): 86.5/91.9/95.5/98.3 | 62.0s
Epoch 28/128 | Train loss: 9.9272 (hm=0.3735, re=3.8624, fe=5.6913) | Val loss: 22.5082 (hm=0.3755, re=4.0209, fe=18.1118) | Val MRE(mm): 1.135 | SDR%(2/2.5/3/4): 86.6/92.3/95.8/98.3 | 62.0s
Epoch 29/128 | Train loss: 9.5605 (hm=0.3736, re=3.8305, fe=5.3564) | Val loss: 23.2564 (hm=0.3755, re=3.9701, fe=18.9108) | Val MRE(mm): 1.149 | SDR%(2/2.5/3/4): 85.9/91.8/95.4/98.4 | 69.8s
Epoch 30/128 | Train loss: 9.3572 (hm=0.3735, re=3.8220, fe=5.1618) | Val loss: 23.4991 (hm=0.3754, re=3.8599, fe=19.2638) | Val MRE(mm): 1.132 | SDR%(2/2.5/3/4): 86.7/92.1/95.9/98.5 | 61.9s
Epoch 31/128 | Train loss: 9.3744 (hm=0.3735, re=3.8339, fe=5.1670) | Val loss: 22.8716 (hm=0.3755, re=3.8500, fe=18.6461) | Val MRE(mm): 1.142 | SDR%(2/2.5/3/4): 86.5/92.1/95.6/98.4 | 62.0s
Epoch 32/128 | Train loss: 9.6146 (hm=0.3736, re=3.8647, fe=5.3762) | Val loss: 22.9532 (hm=0.3756, re=3.9166, fe=18.6610) | Val MRE(mm): 1.134 | SDR%(2/2.5/3/4): 86.2/92.1/95.6/98.3 | 61.9s
Epoch 33/128 | Train loss: 9.2796 (hm=0.3737, re=3.8022, fe=5.1037) | Val loss: 24.2291 (hm=0.3757, re=4.1347, fe=19.7187) | Val MRE(mm): 1.146 | SDR%(2/2.5/3/4): 86.4/92.1/95.6/98.3 | 61.9s
Epoch 34/128 | Train loss: 9.8464 (hm=0.3738, re=3.8972, fe=5.5753) | Val loss: 21.8954 (hm=0.3756, re=3.9768, fe=17.5430) | Val MRE(mm): 1.135 | SDR%(2/2.5/3/4): 86.6/92.0/95.7/98.3 | 62.0s
Epoch 35/128 | Train loss: 10.1907 (hm=0.3737, re=3.8936, fe=5.9234) | Val loss: 20.4876 (hm=0.3756, re=3.9796, fe=16.1324) | Val MRE(mm): 1.132 | SDR%(2/2.5/3/4): 86.5/92.5/95.8/98.3 | 62.1s
Epoch 36/128 | Train loss: 9.8599 (hm=0.3742, re=3.8811, fe=5.6047) | Val loss: 23.5479 (hm=0.3755, re=3.8402, fe=19.3322) | Val MRE(mm): 1.156 | SDR%(2/2.5/3/4): 86.1/91.7/95.6/98.2 | 62.1s
Epoch 37/128 | Train loss: 9.3949 (hm=0.3742, re=3.8496, fe=5.1711) | Val loss: 23.4786 (hm=0.3756, re=3.9997, fe=19.1033) | Val MRE(mm): 1.168 | SDR%(2/2.5/3/4): 86.1/91.2/95.0/98.2 | 62.0s
Epoch 38/128 | Train loss: 9.2968 (hm=0.3738, re=3.8156, fe=5.1075) | Val loss: 23.7797 (hm=0.3757, re=3.7593, fe=19.6448) | Val MRE(mm): 1.145 | SDR%(2/2.5/3/4): 86.3/91.8/95.6/98.3 | 62.2s
Epoch 39/128 | Train loss: 9.3852 (hm=0.3736, re=3.8543, fe=5.1574) | Val loss: 23.1048 (hm=0.3757, re=3.9652, fe=18.7639) | Val MRE(mm): 1.123 | SDR%(2/2.5/3/4): 86.7/92.2/95.5/98.3 | 62.1s
Epoch 40/128 | Train loss: 9.2068 (hm=0.3738, re=3.8206, fe=5.0124) | Val loss: 24.3158 (hm=0.3761, re=3.9423, fe=19.9974) | Val MRE(mm): 1.165 | SDR%(2/2.5/3/4): 86.0/92.0/95.5/98.2 | 61.9s
Epoch 41/128 | Train loss: 9.0963 (hm=0.3739, re=3.7966, fe=4.9257) | Val loss: 24.8912 (hm=0.3756, re=3.9004, fe=20.6151) | Val MRE(mm): 1.153 | SDR%(2/2.5/3/4): 86.2/92.1/95.6/98.3 | 62.2s
Epoch 42/128 | Train loss: 9.1227 (hm=0.3734, re=3.8093, fe=4.9400) | Val loss: 24.2372 (hm=0.3754, re=3.8929, fe=19.9689) | Val MRE(mm): 1.138 | SDR%(2/2.5/3/4): 86.3/92.2/95.5/98.3 | 62.1s
Epoch 43/128 | Train loss: 9.3123 (hm=0.3738, re=3.8064, fe=5.1321) | Val loss: 24.0326 (hm=0.3755, re=4.0391, fe=19.6180) | Val MRE(mm): 1.150 | SDR%(2/2.5/3/4): 86.1/91.9/95.5/98.2 | 62.1s
Epoch 44/128 | Train loss: 9.1006 (hm=0.3739, re=3.8074, fe=4.9192) | Val loss: 24.4996 (hm=0.3754, re=3.9699, fe=20.1543) | Val MRE(mm): 1.141 | SDR%(2/2.5/3/4): 86.3/92.1/95.4/98.2 | 62.0s
Epoch 45/128 | Train loss: 9.3367 (hm=0.3734, re=3.8321, fe=5.1311) | Val loss: 23.0083 (hm=0.3754, re=3.9959, fe=18.6369) | Val MRE(mm): 1.124 | SDR%(2/2.5/3/4): 86.8/92.1/95.8/98.3 | 62.1s
Epoch 46/128 | Train loss: 9.3083 (hm=0.3735, re=3.7933, fe=5.1415) | Val loss: 23.7893 (hm=0.3753, re=3.9942, fe=19.4198) | Val MRE(mm): 1.121 | SDR%(2/2.5/3/4): 86.6/92.3/95.8/98.4 | 62.1s
Epoch 47/128 | Train loss: 9.0812 (hm=0.3732, re=3.7953, fe=4.9127) | Val loss: 23.9020 (hm=0.3754, re=4.1066, fe=19.4200) | Val MRE(mm): 1.133 | SDR%(2/2.5/3/4): 86.5/91.9/95.8/98.5 | 62.1s
Epoch 48/128 | Train loss: 9.1503 (hm=0.3736, re=3.8063, fe=4.9705) | Val loss: 23.5617 (hm=0.3753, re=3.8348, fe=19.3517) | Val MRE(mm): 1.140 | SDR%(2/2.5/3/4): 86.3/91.9/95.5/98.2 | 62.1s
Epoch 49/128 | Train loss: 9.0010 (hm=0.3734, re=3.7756, fe=4.8520) | Val loss: 24.1245 (hm=0.3754, re=3.8784, fe=19.8707) | Val MRE(mm): 1.295 | SDR%(2/2.5/3/4): 86.2/91.8/95.4/98.0 | 62.1s
Epoch 50/128 | Train loss: 9.0240 (hm=0.3737, re=3.7589, fe=4.8915) | Val loss: 23.8651 (hm=0.3754, re=3.8239, fe=19.6658) | Val MRE(mm): 1.147 | SDR%(2/2.5/3/4): 85.9/91.9/95.5/98.2 | 62.0s
Epoch 51/128 | Train loss: 8.9151 (hm=0.3730, re=3.7944, fe=4.7476) | Val loss: 24.9809 (hm=0.3756, re=3.9999, fe=20.6055) | Val MRE(mm): 1.137 | SDR%(2/2.5/3/4): 86.2/91.9/95.4/98.2 | 62.1s
Epoch 52/128 | Train loss: 9.2687 (hm=0.3735, re=3.7994, fe=5.0957) | Val loss: 24.4649 (hm=0.3754, re=3.7130, fe=20.3765) | Val MRE(mm): 1.131 | SDR%(2/2.5/3/4): 86.3/92.3/95.7/98.3 | 62.0s
Epoch 53/128 | Train loss: 8.7992 (hm=0.3735, re=3.7880, fe=4.6377) | Val loss: 25.6325 (hm=0.3755, re=3.7589, fe=21.4981) | Val MRE(mm): 1.136 | SDR%(2/2.5/3/4): 86.4/92.1/95.5/98.2 | 62.2s
Epoch 54/128 | Train loss: 8.9223 (hm=0.3734, re=3.7866, fe=4.7623) | Val loss: 24.4803 (hm=0.3753, re=3.8419, fe=20.2630) | Val MRE(mm): 1.130 | SDR%(2/2.5/3/4): 86.7/92.2/95.7/98.2 | 62.5s
Epoch 55/128 | Train loss: 8.7317 (hm=0.3733, re=3.7637, fe=4.5946) | Val loss: 25.1714 (hm=0.3754, re=4.1110, fe=20.6850) | Val MRE(mm): 1.128 | SDR%(2/2.5/3/4): 86.5/92.2/95.5/98.3 | 62.1s
Epoch 56/128 | Train loss: 9.0518 (hm=0.3735, re=3.7954, fe=4.8829) | Val loss: 24.5114 (hm=0.3753, re=3.9624, fe=20.1736) | Val MRE(mm): 1.136 | SDR%(2/2.5/3/4): 86.6/91.8/95.4/98.2 | 62.1s
Epoch 57/128 | Train loss: 8.8033 (hm=0.3734, re=3.7663, fe=4.6636) | Val loss: 24.8511 (hm=0.3753, re=3.8295, fe=20.6463) | Val MRE(mm): 1.135 | SDR%(2/2.5/3/4): 86.6/91.8/95.5/98.3 | 62.3s
Epoch 58/128 | Train loss: 8.9301 (hm=0.3734, re=3.7564, fe=4.8003) | Val loss: 24.8763 (hm=0.3753, re=3.8597, fe=20.6413) | Val MRE(mm): 1.144 | SDR%(2/2.5/3/4): 86.0/91.9/95.1/98.2 | 69.1s
Epoch 59/128 | Train loss: 8.8079 (hm=0.3735, re=3.7320, fe=4.7024) | Val loss: 25.5294 (hm=0.3753, re=3.8153, fe=21.3388) | Val MRE(mm): 1.145 | SDR%(2/2.5/3/4): 86.0/92.0/95.3/98.3 | 62.3s
Epoch 60/128 | Train loss: 8.7121 (hm=0.3730, re=3.7469, fe=4.5922) | Val loss: 25.4413 (hm=0.3754, re=3.9585, fe=21.1075) | Val MRE(mm): 1.130 | SDR%(2/2.5/3/4): 86.4/92.1/95.6/98.3 | 62.1s
Epoch 61/128 | Train loss: 9.1255 (hm=0.3735, re=3.7455, fe=5.0065) | Val loss: 24.5255 (hm=0.3754, re=3.8381, fe=20.3121) | Val MRE(mm): 1.130 | SDR%(2/2.5/3/4): 86.4/91.9/95.6/98.2 | 62.1s
Epoch 62/128 | Train loss: 8.7555 (hm=0.3734, re=3.7357, fe=4.6464) | Val loss: 25.8295 (hm=0.3754, re=3.8574, fe=21.5967) | Val MRE(mm): 1.145 | SDR%(2/2.5/3/4): 86.0/92.1/95.5/98.3 | 62.1s
Epoch 63/128 | Train loss: 8.6651 (hm=0.3732, re=3.7351, fe=4.5569) | Val loss: 25.5554 (hm=0.3754, re=3.8885, fe=21.2915) | Val MRE(mm): 1.131 | SDR%(2/2.5/3/4): 86.7/92.2/95.8/98.3 | 62.2s
Epoch 64/128 | Train loss: 8.4651 (hm=0.3733, re=3.6962, fe=4.3956) | Val loss: 25.6662 (hm=0.3753, re=3.9481, fe=21.3429) | Val MRE(mm): 1.155 | SDR%(2/2.5/3/4): 85.8/91.9/95.5/98.2 | 62.1s
Epoch 65/128 | Train loss: 8.3361 (hm=0.3731, re=3.7068, fe=4.2561) | Val loss: 26.8782 (hm=0.3751, re=3.7024, fe=22.8006) | Val MRE(mm): 1.133 | SDR%(2/2.5/3/4): 86.6/92.1/95.7/98.1 | 62.4s
Epoch 66/128 | Train loss: 8.9393 (hm=0.3734, re=3.7546, fe=4.8113) | Val loss: 25.6225 (hm=0.3752, re=3.7629, fe=21.4844) | Val MRE(mm): 1.144 | SDR%(2/2.5/3/4): 86.2/91.9/95.7/98.2 | 62.2s
Epoch 67/128 | Train loss: 8.4452 (hm=0.3732, re=3.7004, fe=4.3716) | Val loss: 26.4785 (hm=0.3751, re=3.8190, fe=22.2844) | Val MRE(mm): 1.135 | SDR%(2/2.5/3/4): 86.1/92.4/95.7/98.3 | 62.1s
Epoch 68/128 | Train loss: 8.5442 (hm=0.3737, re=3.6986, fe=4.4719) | Val loss: 26.4658 (hm=0.3751, re=3.7959, fe=22.2948) | Val MRE(mm): 1.156 | SDR%(2/2.5/3/4): 86.0/91.7/95.4/98.2 | 62.2s
Epoch 69/128 | Train loss: 8.9427 (hm=0.3730, re=3.7012, fe=4.8685) | Val loss: 25.7142 (hm=0.3752, re=3.7756, fe=21.5633) | Val MRE(mm): 1.137 | SDR%(2/2.5/3/4): 86.7/91.8/95.6/98.2 | 62.0s
Epoch 70/128 | Train loss: 8.4728 (hm=0.3733, re=3.7178, fe=4.3816) | Val loss: 26.4927 (hm=0.3751, re=3.7086, fe=22.4089) | Val MRE(mm): 1.142 | SDR%(2/2.5/3/4): 86.1/91.9/95.5/98.1 | 62.0s
Epoch 71/128 | Train loss: 8.8485 (hm=0.3735, re=3.7097, fe=4.7654) | Val loss: 26.2717 (hm=0.3751, re=3.8056, fe=22.0909) | Val MRE(mm): 1.138 | SDR%(2/2.5/3/4): 86.5/92.1/95.6/98.3 | 62.1s
Epoch 72/128 | Train loss: 8.4383 (hm=0.3732, re=3.7247, fe=4.3405) | Val loss: 26.6491 (hm=0.3752, re=3.7852, fe=22.4888) | Val MRE(mm): 1.138 | SDR%(2/2.5/3/4): 86.5/91.9/95.7/98.3 | 62.0s
Epoch 73/128 | Train loss: 8.3785 (hm=0.3735, re=3.7134, fe=4.2916) | Val loss: 26.6947 (hm=0.3751, re=3.8187, fe=22.5010) | Val MRE(mm): 1.132 | SDR%(2/2.5/3/4): 86.6/92.2/95.8/98.3 | 62.2s
Epoch 74/128 | Train loss: 8.1805 (hm=0.3731, re=3.6794, fe=4.1280) | Val loss: 27.3753 (hm=0.3751, re=3.8217, fe=23.1785) | Val MRE(mm): 1.135 | SDR%(2/2.5/3/4): 86.6/92.0/95.8/98.2 | 62.1s
Epoch 75/128 | Train loss: 8.1775 (hm=0.3732, re=3.6797, fe=4.1246) | Val loss: 27.1225 (hm=0.3750, re=3.7912, fe=22.9562) | Val MRE(mm): 1.129 | SDR%(2/2.5/3/4): 86.8/92.3/95.6/98.2 | 62.0s
Epoch 76/128 | Train loss: 8.3301 (hm=0.3734, re=3.6836, fe=4.2731) | Val loss: 27.3342 (hm=0.3750, re=3.8227, fe=23.1365) | Val MRE(mm): 1.131 | SDR%(2/2.5/3/4): 86.2/92.1/95.7/98.2 | 62.2s
Epoch 77/128 | Train loss: 8.4490 (hm=0.3732, re=3.7117, fe=4.3641) | Val loss: 27.4210 (hm=0.3751, re=3.7177, fe=23.3282) | Val MRE(mm): 1.141 | SDR%(2/2.5/3/4): 86.5/92.3/95.7/98.3 | 62.1s
Epoch 78/128 | Train loss: 8.2711 (hm=0.3733, re=3.6821, fe=4.2158) | Val loss: 26.6882 (hm=0.3751, re=3.7053, fe=22.6078) | Val MRE(mm): 1.142 | SDR%(2/2.5/3/4): 86.2/92.1/95.6/98.4 | 62.4s
Epoch 79/128 | Train loss: 8.1664 (hm=0.3730, re=3.6908, fe=4.1026) | Val loss: 27.4950 (hm=0.3751, re=3.8944, fe=23.2255) | Val MRE(mm): 1.137 | SDR%(2/2.5/3/4): 86.1/92.1/95.6/98.3 | 62.1s
Epoch 80/128 | Train loss: 8.1579 (hm=0.3733, re=3.6733, fe=4.1114) | Val loss: 27.3066 (hm=0.3751, re=3.7603, fe=23.1712) | Val MRE(mm): 1.130 | SDR%(2/2.5/3/4): 86.8/92.0/95.5/98.3 | 62.1s
Epoch 81/128 | Train loss: 7.9993 (hm=0.3729, re=3.6897, fe=3.9367) | Val loss: 28.0567 (hm=0.3751, re=3.8089, fe=23.8728) | Val MRE(mm): 1.140 | SDR%(2/2.5/3/4): 86.4/92.2/95.6/98.4 | 62.1s
Epoch 82/128 | Train loss: 7.9699 (hm=0.3729, re=3.6549, fe=3.9421) | Val loss: 27.6820 (hm=0.3751, re=3.8372, fe=23.4697) | Val MRE(mm): 1.136 | SDR%(2/2.5/3/4): 86.4/91.6/95.4/98.3 | 62.1s
Epoch 83/128 | Train loss: 8.4183 (hm=0.3731, re=3.6704, fe=4.3747) | Val loss: 27.6980 (hm=0.3750, re=3.8053, fe=23.5177) | Val MRE(mm): 1.137 | SDR%(2/2.5/3/4): 86.5/91.9/95.7/98.4 | 62.1s
Epoch 84/128 | Train loss: 8.1691 (hm=0.3732, re=3.6856, fe=4.1103) | Val loss: 27.6694 (hm=0.3750, re=3.8529, fe=23.4415) | Val MRE(mm): 1.132 | SDR%(2/2.5/3/4): 86.6/91.9/95.7/98.3 | 62.2s
Epoch 85/128 | Train loss: 8.2767 (hm=0.3730, re=3.6736, fe=4.2301) | Val loss: 27.4949 (hm=0.3750, re=3.7260, fe=23.3939) | Val MRE(mm): 1.130 | SDR%(2/2.5/3/4): 86.6/91.9/95.9/98.3 | 62.1s
Epoch 86/128 | Train loss: 8.1214 (hm=0.3729, re=3.6795, fe=4.0690) | Val loss: 27.3977 (hm=0.3750, re=3.7782, fe=23.2445) | Val MRE(mm): 1.136 | SDR%(2/2.5/3/4): 86.1/91.9/95.7/98.3 | 62.1s
Epoch 87/128 | Train loss: 7.8867 (hm=0.3730, re=3.6366, fe=3.8771) | Val loss: 28.2487 (hm=0.3750, re=3.8466, fe=24.0271) | Val MRE(mm): 1.133 | SDR%(2/2.5/3/4): 86.7/92.1/95.7/98.4 | 67.6s
Epoch 88/128 | Train loss: 7.9010 (hm=0.3732, re=3.6566, fe=3.8712) | Val loss: 28.8001 (hm=0.3750, re=3.7965, fe=24.6287) | Val MRE(mm): 1.147 | SDR%(2/2.5/3/4): 86.0/91.8/95.5/98.3 | 62.0s
Epoch 89/128 | Train loss: 7.8452 (hm=0.3729, re=3.6523, fe=3.8200) | Val loss: 28.8446 (hm=0.3750, re=3.7772, fe=24.6924) | Val MRE(mm): 1.131 | SDR%(2/2.5/3/4): 86.5/92.0/95.6/98.4 | 61.9s
Epoch 90/128 | Train loss: 7.8035 (hm=0.3731, re=3.6485, fe=3.7819) | Val loss: 28.7652 (hm=0.3750, re=3.8401, fe=24.5502) | Val MRE(mm): 1.142 | SDR%(2/2.5/3/4): 86.1/91.7/95.5/98.3 | 62.1s
Epoch 91/128 | Train loss: 7.7867 (hm=0.3731, re=3.6546, fe=3.7590) | Val loss: 29.2386 (hm=0.3750, re=3.7945, fe=25.0692) | Val MRE(mm): 1.142 | SDR%(2/2.5/3/4): 85.9/92.1/95.6/98.4 | 62.2s
Epoch 92/128 | Train loss: 7.7563 (hm=0.3733, re=3.6269, fe=3.7561) | Val loss: 29.0925 (hm=0.3750, re=3.8080, fe=24.9095) | Val MRE(mm): 1.138 | SDR%(2/2.5/3/4): 86.3/92.0/95.5/98.4 | 62.1s
Epoch 93/128 | Train loss: 7.7164 (hm=0.3733, re=3.6225, fe=3.7206) | Val loss: 28.9647 (hm=0.3750, re=3.7402, fe=24.8496) | Val MRE(mm): 1.139 | SDR%(2/2.5/3/4): 86.4/92.0/95.6/98.4 | 62.2s
Epoch 94/128 | Train loss: 7.8159 (hm=0.3731, re=3.6510, fe=3.7918) | Val loss: 28.8632 (hm=0.3749, re=3.7489, fe=24.7394) | Val MRE(mm): 1.137 | SDR%(2/2.5/3/4): 86.4/92.2/95.7/98.3 | 62.2s
Epoch 95/128 | Train loss: 7.7258 (hm=0.3733, re=3.6535, fe=3.6990) | Val loss: 29.4960 (hm=0.3749, re=3.7422, fe=25.3788) | Val MRE(mm): 1.144 | SDR%(2/2.5/3/4): 85.9/92.0/95.6/98.3 | 62.0s
Epoch 96/128 | Train loss: 7.8341 (hm=0.3729, re=3.6604, fe=3.8009) | Val loss: 29.1844 (hm=0.3750, re=3.8187, fe=24.9907) | Val MRE(mm): 1.141 | SDR%(2/2.5/3/4): 85.9/91.9/95.6/98.3 | 62.2s
Epoch 97/128 | Train loss: 7.7668 (hm=0.3728, re=3.6321, fe=3.7619) | Val loss: 29.0003 (hm=0.3749, re=3.8131, fe=24.8123) | Val MRE(mm): 1.137 | SDR%(2/2.5/3/4): 86.4/92.0/95.6/98.3 | 62.1s
Epoch 98/128 | Train loss: 7.7111 (hm=0.3728, re=3.6226, fe=3.7157) | Val loss: 29.0629 (hm=0.3749, re=3.8028, fe=24.8852) | Val MRE(mm): 1.132 | SDR%(2/2.5/3/4): 86.6/92.1/95.7/98.3 | 62.1s
Epoch 99/128 | Train loss: 7.6512 (hm=0.3729, re=3.6458, fe=3.6325) | Val loss: 29.7364 (hm=0.3749, re=3.8232, fe=25.5383) | Val MRE(mm): 1.131 | SDR%(2/2.5/3/4): 86.5/92.1/95.6/98.3 | 62.2s
Epoch 100/128 | Train loss: 8.1225 (hm=0.3728, re=3.6486, fe=4.1011) | Val loss: 29.3216 (hm=0.3749, re=3.8080, fe=25.1388) | Val MRE(mm): 1.133 | SDR%(2/2.5/3/4): 86.4/92.0/95.6/98.3 | 62.0s
Epoch 101/128 | Train loss: 7.5776 (hm=0.3729, re=3.6202, fe=3.5845) | Val loss: 29.7035 (hm=0.3749, re=3.7515, fe=25.5771) | Val MRE(mm): 1.135 | SDR%(2/2.5/3/4): 86.5/92.0/95.7/98.4 | 62.1s
Epoch 102/128 | Train loss: 7.7471 (hm=0.3732, re=3.6113, fe=3.7626) | Val loss: 29.3718 (hm=0.3749, re=3.8037, fe=25.1931) | Val MRE(mm): 1.135 | SDR%(2/2.5/3/4): 86.5/92.0/95.7/98.3 | 62.0s
Epoch 103/128 | Train loss: 7.4439 (hm=0.3728, re=3.6297, fe=3.4414) | Val loss: 30.1467 (hm=0.3749, re=3.7764, fe=25.9954) | Val MRE(mm): 1.134 | SDR%(2/2.5/3/4): 86.5/92.1/95.6/98.3 | 62.3s
Epoch 104/128 | Train loss: 7.5140 (hm=0.3730, re=3.6354, fe=3.5057) | Val loss: 30.2995 (hm=0.3749, re=3.8215, fe=26.1030) | Val MRE(mm): 1.137 | SDR%(2/2.5/3/4): 86.5/92.0/95.8/98.3 | 62.0s
Epoch 105/128 | Train loss: 7.4852 (hm=0.3729, re=3.6118, fe=3.5005) | Val loss: 30.5084 (hm=0.3749, re=3.8226, fe=26.3109) | Val MRE(mm): 1.138 | SDR%(2/2.5/3/4): 86.3/92.1/95.7/98.3 | 62.1s
Epoch 106/128 | Train loss: 7.5489 (hm=0.3730, re=3.6125, fe=3.5634) | Val loss: 30.2020 (hm=0.3749, re=3.8253, fe=26.0019) | Val MRE(mm): 1.133 | SDR%(2/2.5/3/4): 86.7/92.0/95.8/98.3 | 62.0s
Epoch 107/128 | Train loss: 8.0474 (hm=0.3728, re=3.6027, fe=4.0719) | Val loss: 29.8656 (hm=0.3749, re=3.7995, fe=25.6912) | Val MRE(mm): 1.133 | SDR%(2/2.5/3/4): 86.5/92.0/95.7/98.3 | 62.1s
Epoch 108/128 | Train loss: 7.3934 (hm=0.3727, re=3.6032, fe=3.4175) | Val loss: 30.1531 (hm=0.3749, re=3.7620, fe=26.0162) | Val MRE(mm): 1.133 | SDR%(2/2.5/3/4): 86.5/92.2/95.7/98.3 | 62.2s
Epoch 109/128 | Train loss: 7.4893 (hm=0.3729, re=3.6184, fe=3.4980) | Val loss: 30.4790 (hm=0.3749, re=3.7899, fe=26.3141) | Val MRE(mm): 1.135 | SDR%(2/2.5/3/4): 86.4/91.9/95.6/98.3 | 62.1s
Epoch 110/128 | Train loss: 7.3521 (hm=0.3731, re=3.6008, fe=3.3781) | Val loss: 30.5500 (hm=0.3749, re=3.7515, fe=26.4236) | Val MRE(mm): 1.139 | SDR%(2/2.5/3/4): 86.2/92.0/95.7/98.3 | 62.1s
Epoch 111/128 | Train loss: 7.3644 (hm=0.3731, re=3.5843, fe=3.4071) | Val loss: 30.8212 (hm=0.3749, re=3.7519, fe=26.6945) | Val MRE(mm): 1.141 | SDR%(2/2.5/3/4): 86.2/92.0/95.7/98.3 | 62.2s
Epoch 112/128 | Train loss: 7.7307 (hm=0.3730, re=3.5979, fe=3.7598) | Val loss: 30.7768 (hm=0.3749, re=3.8408, fe=26.5611) | Val MRE(mm): 1.138 | SDR%(2/2.5/3/4): 86.2/92.0/95.7/98.3 | 62.1s
Epoch 113/128 | Train loss: 7.4225 (hm=0.3727, re=3.6105, fe=3.4393) | Val loss: 30.6221 (hm=0.3749, re=3.7611, fe=26.4860) | Val MRE(mm): 1.134 | SDR%(2/2.5/3/4): 86.4/92.1/95.8/98.2 | 64.9s
Epoch 114/128 | Train loss: 7.9735 (hm=0.3729, re=3.6095, fe=3.9911) | Val loss: 30.6471 (hm=0.3749, re=3.7874, fe=26.4848) | Val MRE(mm): 1.137 | SDR%(2/2.5/3/4): 86.5/92.0/95.8/98.3 | 61.8s
Epoch 115/128 | Train loss: 7.4048 (hm=0.3731, re=3.5842, fe=3.4475) | Val loss: 30.4907 (hm=0.3749, re=3.7432, fe=26.3726) | Val MRE(mm): 1.134 | SDR%(2/2.5/3/4): 86.6/92.0/95.8/98.3 | 61.8s
Epoch 116/128 | Train loss: 7.4381 (hm=0.3733, re=3.6032, fe=3.4616) | Val loss: 30.5412 (hm=0.3749, re=3.7804, fe=26.3859) | Val MRE(mm): 1.135 | SDR%(2/2.5/3/4): 86.4/92.0/95.7/98.3 | 61.8s
Epoch 117/128 | Train loss: 7.5327 (hm=0.3733, re=3.6246, fe=3.5348) | Val loss: 30.4100 (hm=0.3749, re=3.7611, fe=26.2740) | Val MRE(mm): 1.133 | SDR%(2/2.5/3/4): 86.5/92.1/95.7/98.3 | 61.7s
Epoch 118/128 | Train loss: 7.3433 (hm=0.3727, re=3.6326, fe=3.3380) | Val loss: 30.7988 (hm=0.3749, re=3.7536, fe=26.6703) | Val MRE(mm): 1.136 | SDR%(2/2.5/3/4): 86.5/92.0/95.7/98.3 | 61.9s
Epoch 119/128 | Train loss: 7.3518 (hm=0.3730, re=3.6018, fe=3.3771) | Val loss: 30.7838 (hm=0.3749, re=3.8116, fe=26.5973) | Val MRE(mm): 1.137 | SDR%(2/2.5/3/4): 86.3/92.0/95.8/98.3 | 61.8s
Epoch 120/128 | Train loss: 7.4676 (hm=0.3731, re=3.6027, fe=3.4918) | Val loss: 30.6885 (hm=0.3749, re=3.7785, fe=26.5350) | Val MRE(mm): 1.133 | SDR%(2/2.5/3/4): 86.4/92.0/95.8/98.3 | 61.7s
Epoch 121/128 | Train loss: 7.3243 (hm=0.3732, re=3.5765, fe=3.3746) | Val loss: 30.7904 (hm=0.3749, re=3.8051, fe=26.6104) | Val MRE(mm): 1.134 | SDR%(2/2.5/3/4): 86.5/92.0/95.8/98.3 | 61.8s
Epoch 122/128 | Train loss: 7.5815 (hm=0.3727, re=3.5809, fe=3.6280) | Val loss: 30.7472 (hm=0.3749, re=3.8125, fe=26.5598) | Val MRE(mm): 1.136 | SDR%(2/2.5/3/4): 86.5/92.1/95.8/98.3 | 61.9s
Epoch 123/128 | Train loss: 7.3143 (hm=0.3732, re=3.5721, fe=3.3689) | Val loss: 30.7313 (hm=0.3749, re=3.8204, fe=26.5360) | Val MRE(mm): 1.133 | SDR%(2/2.5/3/4): 86.6/92.0/95.7/98.3 | 61.7s
Epoch 124/128 | Train loss: 7.3186 (hm=0.3728, re=3.5685, fe=3.3773) | Val loss: 30.8585 (hm=0.3749, re=3.7775, fe=26.7061) | Val MRE(mm): 1.135 | SDR%(2/2.5/3/4): 86.5/92.0/95.8/98.3 | 61.8s
Epoch 125/128 | Train loss: 7.5046 (hm=0.3732, re=3.5967, fe=3.5346) | Val loss: 30.7815 (hm=0.3749, re=3.7985, fe=26.6081) | Val MRE(mm): 1.137 | SDR%(2/2.5/3/4): 86.3/92.0/95.7/98.3 | 61.7s
Epoch 126/128 | Train loss: 7.4302 (hm=0.3727, re=3.6220, fe=3.4356) | Val loss: 30.8033 (hm=0.3749, re=3.8053, fe=26.6231) | Val MRE(mm): 1.136 | SDR%(2/2.5/3/4): 86.4/92.0/95.8/98.3 | 61.8s
Epoch 127/128 | Train loss: 7.4804 (hm=0.3728, re=3.5872, fe=3.5203) | Val loss: 30.8659 (hm=0.3749, re=3.7493, fe=26.7417) | Val MRE(mm): 1.135 | SDR%(2/2.5/3/4): 86.4/92.0/95.6/98.3 | 61.7s
Epoch 128/128 | Train loss: 7.6055 (hm=0.3730, re=3.5744, fe=3.6581) | Val loss: 30.9712 (hm=0.3749, re=3.7833, fe=26.8130) | Val MRE(mm): 1.136 | SDR%(2/2.5/3/4): 86.4/92.1/95.7/98.3 | 61.9s
