Warning: You are sending unauthenticated requests to the HF Hub. Please set a HF_TOKEN to enable higher rate limits and faster downloads.
/kaggle/working/DeLR-Cephalometric-ConvNeXtV2/delr/model.py:411: UserWarning: enable_nested_tensor is True, but self.use_nested_tensor is False because encoder_layer.self_attn.batch_first was not True(use batch_first for better inference performance)
  self.reference_encoder = nn.TransformerEncoder(enc_layer_ref, num_layers=num_layers_ref)
seed=42 backbone_amp=True
Resumed weights from outputs/isbi3p_seed42/phase1/best_model.pt (missing=0, unexpected=0, skipped_shape_mismatch=0).
Checkpoint val_metrics: {'loss': 19.40735684712728, 'loss_hm': 0.37695219039916994, 'loss_re': 4.3101152992248535, 'loss_fe': 14.720289421081542, 'mre_mm': 1.170697662286591, 'mre_px': 11.706976363868044, 'sdr_2_0mm': 85.78947368421052, 'sdr_2_5mm': 91.71929824561403, 'sdr_3_0mm': 95.08771929824562, 'sdr_4_0mm': 97.9298245614035}
Epoch 01/200 | Train loss: 13.2061 (hm=0.3759, re=4.4317, fe=8.3985) | Val loss: 19.3782 (hm=0.3770, re=4.3257, fe=14.6756) | Val MRE(mm): 1.268 | SDR%(2/2.5/3/4): 83.8/90.5/94.1/97.7 | 74.6s
Epoch 02/200 | Train loss: 13.1797 (hm=0.3758, re=4.3885, fe=8.4154) | Val loss: 18.4878 (hm=0.3771, re=4.3607, fe=13.7500) | Val MRE(mm): 1.207 | SDR%(2/2.5/3/4): 85.0/91.3/95.0/97.8 | 63.8s
Epoch 03/200 | Train loss: 12.9815 (hm=0.3756, re=4.3687, fe=8.2372) | Val loss: 18.6940 (hm=0.3769, re=4.2282, fe=14.0888) | Val MRE(mm): 1.179 | SDR%(2/2.5/3/4): 85.8/91.4/94.9/98.0 | 64.1s
Epoch 04/200 | Train loss: 13.1252 (hm=0.3752, re=4.4075, fe=8.3424) | Val loss: 19.1631 (hm=0.3768, re=4.3655, fe=14.4209) | Val MRE(mm): 1.233 | SDR%(2/2.5/3/4): 84.5/90.4/94.5/97.7 | 64.4s
Epoch 05/200 | Train loss: 13.0313 (hm=0.3755, re=4.3620, fe=8.2938) | Val loss: 18.2285 (hm=0.3769, re=4.3798, fe=13.4718) | Val MRE(mm): 1.163 | SDR%(2/2.5/3/4): 86.5/91.5/95.1/98.1 | 64.5s
Epoch 06/200 | Train loss: 13.1205 (hm=0.3755, re=4.3813, fe=8.3637) | Val loss: 18.9270 (hm=0.3768, re=4.3116, fe=14.2386) | Val MRE(mm): 1.184 | SDR%(2/2.5/3/4): 85.6/91.4/95.1/98.0 | 64.7s
Epoch 07/200 | Train loss: 13.2842 (hm=0.3752, re=4.3482, fe=8.5609) | Val loss: 18.3557 (hm=0.3766, re=4.2801, fe=13.6990) | Val MRE(mm): 1.220 | SDR%(2/2.5/3/4): 85.4/90.8/94.9/97.4 | 64.4s
Epoch 08/200 | Train loss: 12.9786 (hm=0.3749, re=4.3125, fe=8.2911) | Val loss: 18.9463 (hm=0.3766, re=4.3632, fe=14.2065) | Val MRE(mm): 1.198 | SDR%(2/2.5/3/4): 85.9/91.6/95.2/98.0 | 64.4s
Epoch 09/200 | Train loss: 12.9972 (hm=0.3751, re=4.3265, fe=8.2955) | Val loss: 18.4714 (hm=0.3768, re=4.3004, fe=13.7941) | Val MRE(mm): 1.217 | SDR%(2/2.5/3/4): 85.6/90.9/94.7/97.7 | 64.6s
Epoch 10/200 | Train loss: 12.8239 (hm=0.3755, re=4.3438, fe=8.1046) | Val loss: 18.3369 (hm=0.3767, re=4.2879, fe=13.6723) | Val MRE(mm): 1.183 | SDR%(2/2.5/3/4): 85.8/91.2/95.1/97.8 | 64.6s
Epoch 11/200 | Train loss: 12.8812 (hm=0.3754, re=4.3324, fe=8.1735) | Val loss: 18.8026 (hm=0.3767, re=4.2014, fe=14.2244) | Val MRE(mm): 1.226 | SDR%(2/2.5/3/4): 84.5/91.4/94.9/98.0 | 64.7s
Epoch 12/200 | Train loss: 13.0768 (hm=0.3761, re=4.3870, fe=8.3137) | Val loss: 18.6866 (hm=0.3768, re=4.3350, fe=13.9748) | Val MRE(mm): 1.196 | SDR%(2/2.5/3/4): 85.4/90.9/94.6/97.9 | 64.9s
Epoch 13/200 | Train loss: 12.8191 (hm=0.3750, re=4.3241, fe=8.1201) | Val loss: 18.7342 (hm=0.3763, re=4.2675, fe=14.0904) | Val MRE(mm): 1.174 | SDR%(2/2.5/3/4): 86.0/91.7/95.2/97.8 | 64.8s
Epoch 14/200 | Train loss: 12.8021 (hm=0.3752, re=4.3744, fe=8.0525) | Val loss: 18.8877 (hm=0.3765, re=4.2732, fe=14.2380) | Val MRE(mm): 1.195 | SDR%(2/2.5/3/4): 85.2/91.0/94.7/97.7 | 64.8s
Epoch 15/200 | Train loss: 12.9347 (hm=0.3749, re=4.3810, fe=8.1788) | Val loss: 18.7536 (hm=0.3764, re=4.3262, fe=14.0510) | Val MRE(mm): 1.178 | SDR%(2/2.5/3/4): 85.8/91.1/94.9/97.8 | 65.0s
Epoch 16/200 | Train loss: 12.8191 (hm=0.3751, re=4.3174, fe=8.1266) | Val loss: 18.8322 (hm=0.3767, re=4.1967, fe=14.2589) | Val MRE(mm): 1.213 | SDR%(2/2.5/3/4): 85.0/90.9/94.6/97.8 | 64.9s
Epoch 17/200 | Train loss: 12.7798 (hm=0.3756, re=4.3102, fe=8.0940) | Val loss: 18.8206 (hm=0.3768, re=4.3323, fe=14.1115) | Val MRE(mm): 1.181 | SDR%(2/2.5/3/4): 86.0/91.8/95.2/98.0 | 64.9s
Epoch 18/200 | Train loss: 13.2604 (hm=0.3749, re=4.3376, fe=8.5480) | Val loss: 18.3932 (hm=0.3765, re=4.2893, fe=13.7274) | Val MRE(mm): 1.177 | SDR%(2/2.5/3/4): 85.8/91.4/95.3/98.0 | 64.7s
Epoch 19/200 | Train loss: 12.5417 (hm=0.3753, re=4.3180, fe=7.8484) | Val loss: 18.7978 (hm=0.3764, re=4.2321, fe=14.1893) | Val MRE(mm): 1.159 | SDR%(2/2.5/3/4): 86.1/92.2/95.5/98.0 | 64.8s
Epoch 20/200 | Train loss: 12.6084 (hm=0.3755, re=4.3038, fe=7.9290) | Val loss: 18.8675 (hm=0.3763, re=4.2407, fe=14.2505) | Val MRE(mm): 1.200 | SDR%(2/2.5/3/4): 85.6/91.8/95.4/98.0 | 64.8s
Epoch 21/200 | Train loss: 12.9598 (hm=0.3752, re=4.4084, fe=8.1762) | Val loss: 18.9813 (hm=0.3764, re=4.3822, fe=14.2227) | Val MRE(mm): 1.212 | SDR%(2/2.5/3/4): 85.1/91.6/95.1/98.3 | 64.6s
Epoch 22/200 | Train loss: 12.6965 (hm=0.3748, re=4.3746, fe=7.9470) | Val loss: 19.0177 (hm=0.3766, re=4.2121, fe=14.4290) | Val MRE(mm): 1.241 | SDR%(2/2.5/3/4): 84.6/90.7/94.5/97.9 | 64.8s
Epoch 23/200 | Train loss: 12.5272 (hm=0.3751, re=4.2880, fe=7.8642) | Val loss: 18.7849 (hm=0.3764, re=4.1163, fe=14.2922) | Val MRE(mm): 1.222 | SDR%(2/2.5/3/4): 85.3/91.1/94.9/98.0 | 64.6s
Epoch 24/200 | Train loss: 12.4800 (hm=0.3749, re=4.2853, fe=7.8198) | Val loss: 18.5428 (hm=0.3763, re=4.1201, fe=14.0464) | Val MRE(mm): 1.171 | SDR%(2/2.5/3/4): 86.0/91.5/95.0/98.1 | 64.8s
Epoch 25/200 | Train loss: 12.5157 (hm=0.3757, re=4.2921, fe=7.8479) | Val loss: 19.5351 (hm=0.3764, re=4.1726, fe=14.9862) | Val MRE(mm): 1.268 | SDR%(2/2.5/3/4): 84.4/90.7/94.1/97.8 | 65.0s
Epoch 26/200 | Train loss: 12.5359 (hm=0.3750, re=4.2705, fe=7.8905) | Val loss: 19.1075 (hm=0.3765, re=4.2705, fe=14.4605) | Val MRE(mm): 1.179 | SDR%(2/2.5/3/4): 86.3/91.5/95.4/98.1 | 64.8s
Epoch 27/200 | Train loss: 12.4783 (hm=0.3748, re=4.2464, fe=7.8571) | Val loss: 19.2570 (hm=0.3766, re=4.2158, fe=14.6646) | Val MRE(mm): 1.208 | SDR%(2/2.5/3/4): 85.3/91.3/94.6/98.0 | 64.8s
Epoch 28/200 | Train loss: 12.4406 (hm=0.3748, re=4.2906, fe=7.7752) | Val loss: 19.1277 (hm=0.3766, re=4.2808, fe=14.4703) | Val MRE(mm): 1.200 | SDR%(2/2.5/3/4): 85.0/91.5/94.9/98.0 | 64.8s
Epoch 29/200 | Train loss: 12.3305 (hm=0.3749, re=4.2250, fe=7.7307) | Val loss: 19.0989 (hm=0.3765, re=4.2932, fe=14.4292) | Val MRE(mm): 1.212 | SDR%(2/2.5/3/4): 85.1/91.0/95.1/98.1 | 66.4s
Epoch 30/200 | Train loss: 12.2248 (hm=0.3749, re=4.2388, fe=7.6111) | Val loss: 18.9771 (hm=0.3769, re=4.0993, fe=14.5009) | Val MRE(mm): 1.201 | SDR%(2/2.5/3/4): 85.1/91.7/95.3/98.0 | 65.1s
Epoch 31/200 | Train loss: 12.3222 (hm=0.3749, re=4.2639, fe=7.6834) | Val loss: 18.6445 (hm=0.3768, re=4.1579, fe=14.1098) | Val MRE(mm): 1.189 | SDR%(2/2.5/3/4): 86.1/92.0/95.2/98.1 | 65.3s
Epoch 32/200 | Train loss: 12.8168 (hm=0.3751, re=4.2462, fe=8.1955) | Val loss: 18.7669 (hm=0.3766, re=4.0697, fe=14.3207) | Val MRE(mm): 1.175 | SDR%(2/2.5/3/4): 86.0/91.6/95.2/98.0 | 65.0s
Epoch 33/200 | Train loss: 12.5984 (hm=0.3748, re=4.2044, fe=8.0192) | Val loss: 19.5563 (hm=0.3765, re=4.1494, fe=15.0304) | Val MRE(mm): 1.196 | SDR%(2/2.5/3/4): 85.6/91.3/95.1/98.1 | 65.1s
Epoch 34/200 | Train loss: 12.3444 (hm=0.3749, re=4.2230, fe=7.7465) | Val loss: 18.6861 (hm=0.3765, re=4.0748, fe=14.2348) | Val MRE(mm): 1.143 | SDR%(2/2.5/3/4): 86.5/92.1/95.6/98.2 | 64.9s
Epoch 35/200 | Train loss: 12.2482 (hm=0.3749, re=4.2360, fe=7.6373) | Val loss: 18.6928 (hm=0.3764, re=4.0046, fe=14.3118) | Val MRE(mm): 1.181 | SDR%(2/2.5/3/4): 86.1/91.5/95.3/98.1 | 65.0s
Epoch 36/200 | Train loss: 12.4722 (hm=0.3753, re=4.2064, fe=7.8906) | Val loss: 19.1653 (hm=0.3763, re=4.0744, fe=14.7146) | Val MRE(mm): 1.193 | SDR%(2/2.5/3/4): 85.3/91.4/95.3/98.0 | 65.0s
Epoch 37/200 | Train loss: 12.5175 (hm=0.3754, re=4.2505, fe=7.8915) | Val loss: 19.5913 (hm=0.3764, re=4.3520, fe=14.8629) | Val MRE(mm): 1.185 | SDR%(2/2.5/3/4): 85.9/91.2/95.4/98.1 | 64.6s
Epoch 38/200 | Train loss: 12.2224 (hm=0.3749, re=4.2431, fe=7.6044) | Val loss: 19.5759 (hm=0.3764, re=4.3178, fe=14.8816) | Val MRE(mm): 1.164 | SDR%(2/2.5/3/4): 86.1/91.7/95.3/98.1 | 64.9s
Epoch 39/200 | Train loss: 12.3978 (hm=0.3746, re=4.2803, fe=7.7430) | Val loss: 19.0356 (hm=0.3763, re=4.3082, fe=14.3511) | Val MRE(mm): 1.161 | SDR%(2/2.5/3/4): 86.4/92.2/95.6/98.3 | 64.8s
Epoch 40/200 | Train loss: 12.3727 (hm=0.3747, re=4.2449, fe=7.7532) | Val loss: 18.9961 (hm=0.3764, re=4.3386, fe=14.2811) | Val MRE(mm): 1.192 | SDR%(2/2.5/3/4): 85.9/91.2/95.3/98.2 | 64.7s
Epoch 41/200 | Train loss: 12.0751 (hm=0.3751, re=4.2148, fe=7.4852) | Val loss: 19.9019 (hm=0.3763, re=4.3115, fe=15.2141) | Val MRE(mm): 1.198 | SDR%(2/2.5/3/4): 85.2/91.3/95.1/98.1 | 65.0s
Epoch 42/200 | Train loss: 11.9455 (hm=0.3746, re=4.2154, fe=7.3555) | Val loss: 19.2576 (hm=0.3763, re=4.2551, fe=14.6262) | Val MRE(mm): 1.161 | SDR%(2/2.5/3/4): 86.2/91.9/95.4/98.2 | 64.8s
Epoch 43/200 | Train loss: 12.1308 (hm=0.3751, re=4.2662, fe=7.4895) | Val loss: 19.5692 (hm=0.3765, re=4.2807, fe=14.9120) | Val MRE(mm): 1.192 | SDR%(2/2.5/3/4): 84.8/90.9/94.5/98.1 | 64.8s
Epoch 44/200 | Train loss: 12.0709 (hm=0.3757, re=4.2161, fe=7.4792) | Val loss: 19.6134 (hm=0.3769, re=4.1780, fe=15.0585) | Val MRE(mm): 1.169 | SDR%(2/2.5/3/4): 85.9/91.5/95.5/98.1 | 64.7s
Epoch 45/200 | Train loss: 11.9666 (hm=0.3748, re=4.2364, fe=7.3554) | Val loss: 19.2941 (hm=0.3764, re=4.2759, fe=14.6418) | Val MRE(mm): 1.145 | SDR%(2/2.5/3/4): 86.5/91.8/95.3/98.1 | 64.9s
Epoch 46/200 | Train loss: 11.9558 (hm=0.3750, re=4.1849, fe=7.3960) | Val loss: 19.6531 (hm=0.3763, re=4.2915, fe=14.9852) | Val MRE(mm): 1.177 | SDR%(2/2.5/3/4): 85.6/91.6/95.5/98.1 | 64.8s
Epoch 47/200 | Train loss: 12.1401 (hm=0.3745, re=4.2198, fe=7.5458) | Val loss: 19.0076 (hm=0.3761, re=4.2417, fe=14.3899) | Val MRE(mm): 1.164 | SDR%(2/2.5/3/4): 86.1/92.2/95.5/98.3 | 64.9s
Epoch 48/200 | Train loss: 12.1251 (hm=0.3749, re=4.2365, fe=7.5137) | Val loss: 19.1690 (hm=0.3764, re=4.1415, fe=14.6511) | Val MRE(mm): 1.207 | SDR%(2/2.5/3/4): 85.8/91.5/95.4/98.1 | 65.0s
Epoch 49/200 | Train loss: 11.9318 (hm=0.3748, re=4.1935, fe=7.3635) | Val loss: 20.3504 (hm=0.3762, re=4.2083, fe=15.7659) | Val MRE(mm): 1.210 | SDR%(2/2.5/3/4): 85.0/91.2/95.4/98.0 | 64.9s
Epoch 50/200 | Train loss: 11.8321 (hm=0.3750, re=4.1795, fe=7.2775) | Val loss: 19.6748 (hm=0.3765, re=4.1258, fe=15.1725) | Val MRE(mm): 1.170 | SDR%(2/2.5/3/4): 85.8/91.4/95.4/98.0 | 65.0s
Epoch 51/200 | Train loss: 11.9789 (hm=0.3745, re=4.1888, fe=7.4157) | Val loss: 19.3917 (hm=0.3764, re=4.1365, fe=14.8788) | Val MRE(mm): 1.165 | SDR%(2/2.5/3/4): 86.2/92.1/95.4/98.2 | 64.9s
Epoch 52/200 | Train loss: 12.1327 (hm=0.3749, re=4.2193, fe=7.5384) | Val loss: 19.8292 (hm=0.3762, re=3.9934, fe=15.4596) | Val MRE(mm): 1.187 | SDR%(2/2.5/3/4): 86.0/91.6/95.3/98.1 | 64.9s
Epoch 53/200 | Train loss: 12.1410 (hm=0.3748, re=4.2435, fe=7.5227) | Val loss: 19.7130 (hm=0.3765, re=4.1107, fe=15.2258) | Val MRE(mm): 1.180 | SDR%(2/2.5/3/4): 85.4/91.3/95.4/97.9 | 65.2s
Epoch 54/200 | Train loss: 11.9929 (hm=0.3755, re=4.2227, fe=7.3948) | Val loss: 19.2116 (hm=0.3771, re=4.0675, fe=14.7670) | Val MRE(mm): 1.177 | SDR%(2/2.5/3/4): 85.5/92.0/95.2/98.1 | 64.9s
Epoch 55/200 | Train loss: 11.7451 (hm=0.3756, re=4.2074, fe=7.1621) | Val loss: 19.8802 (hm=0.3771, re=4.1380, fe=15.3651) | Val MRE(mm): 1.175 | SDR%(2/2.5/3/4): 86.1/91.5/95.5/98.1 | 64.9s
Epoch 56/200 | Train loss: 12.1353 (hm=0.3753, re=4.2178, fe=7.5422) | Val loss: 19.6260 (hm=0.3767, re=4.0522, fe=15.1971) | Val MRE(mm): 1.178 | SDR%(2/2.5/3/4): 85.5/91.2/94.8/98.0 | 69.6s
Epoch 57/200 | Train loss: 11.7383 (hm=0.3750, re=4.1793, fe=7.1840) | Val loss: 19.8411 (hm=0.3767, re=4.1206, fe=15.3439) | Val MRE(mm): 1.161 | SDR%(2/2.5/3/4): 86.1/91.7/95.4/98.1 | 66.6s
Epoch 58/200 | Train loss: 11.8034 (hm=0.3749, re=4.1949, fe=7.2337) | Val loss: 20.5516 (hm=0.3764, re=4.2103, fe=15.9650) | Val MRE(mm): 1.231 | SDR%(2/2.5/3/4): 84.0/90.9/94.9/98.0 | 64.9s
Epoch 59/200 | Train loss: 12.1171 (hm=0.3749, re=4.2167, fe=7.5255) | Val loss: 18.9350 (hm=0.3765, re=4.1096, fe=14.4488) | Val MRE(mm): 1.152 | SDR%(2/2.5/3/4): 86.2/91.8/95.2/98.3 | 64.9s
Epoch 60/200 | Train loss: 12.1720 (hm=0.3744, re=4.2372, fe=7.5604) | Val loss: 19.8747 (hm=0.3763, re=4.1802, fe=15.3182) | Val MRE(mm): 1.180 | SDR%(2/2.5/3/4): 86.2/92.0/95.1/98.1 | 64.9s
Epoch 61/200 | Train loss: 11.9039 (hm=0.3747, re=4.1600, fe=7.3692) | Val loss: 19.9101 (hm=0.3762, re=4.2011, fe=15.3328) | Val MRE(mm): 1.166 | SDR%(2/2.5/3/4): 85.8/91.7/95.6/98.1 | 64.6s
Epoch 62/200 | Train loss: 11.8511 (hm=0.3746, re=4.1890, fe=7.2876) | Val loss: 20.5166 (hm=0.3763, re=4.2585, fe=15.8819) | Val MRE(mm): 1.186 | SDR%(2/2.5/3/4): 85.5/91.5/94.9/98.1 | 64.9s
Epoch 63/200 | Train loss: 13.0118 (hm=0.3744, re=4.2454, fe=8.3920) | Val loss: 19.9058 (hm=0.3763, re=4.1583, fe=15.3712) | Val MRE(mm): 1.132 | SDR%(2/2.5/3/4): 86.7/92.7/95.9/98.4 | 64.8s
Epoch 64/200 | Train loss: 11.8971 (hm=0.3746, re=4.1595, fe=7.3630) | Val loss: 19.7071 (hm=0.3764, re=4.1563, fe=15.1743) | Val MRE(mm): 1.184 | SDR%(2/2.5/3/4): 85.3/91.4/95.4/98.2 | 64.9s
Epoch 65/200 | Train loss: 11.5570 (hm=0.3744, re=4.1735, fe=7.0091) | Val loss: 20.2328 (hm=0.3760, re=4.2653, fe=15.5915) | Val MRE(mm): 1.178 | SDR%(2/2.5/3/4): 85.9/91.2/94.9/98.1 | 65.1s
Epoch 66/200 | Train loss: 11.7395 (hm=0.3747, re=4.1937, fe=7.1711) | Val loss: 20.2154 (hm=0.3761, re=4.0187, fe=15.8206) | Val MRE(mm): 1.209 | SDR%(2/2.5/3/4): 85.5/91.4/95.2/98.3 | 65.2s
Epoch 67/200 | Train loss: 11.5261 (hm=0.3744, re=4.1790, fe=6.9727) | Val loss: 20.4037 (hm=0.3760, re=4.0792, fe=15.9485) | Val MRE(mm): 1.173 | SDR%(2/2.5/3/4): 86.4/91.9/95.1/98.2 | 64.8s
Epoch 68/200 | Train loss: 11.8976 (hm=0.3748, re=4.1315, fe=7.3913) | Val loss: 20.2897 (hm=0.3763, re=4.2836, fe=15.6298) | Val MRE(mm): 1.184 | SDR%(2/2.5/3/4): 86.4/91.7/95.1/98.2 | 64.9s
Epoch 69/200 | Train loss: 11.5959 (hm=0.3744, re=4.1974, fe=7.0242) | Val loss: 20.0023 (hm=0.3765, re=4.0335, fe=15.5923) | Val MRE(mm): 1.182 | SDR%(2/2.5/3/4): 86.0/91.6/95.2/98.1 | 65.0s
Epoch 70/200 | Train loss: 11.3795 (hm=0.3747, re=4.1353, fe=6.8696) | Val loss: 19.8548 (hm=0.3764, re=4.1462, fe=15.3322) | Val MRE(mm): 1.190 | SDR%(2/2.5/3/4): 85.8/91.7/95.3/98.0 | 64.9s
Epoch 71/200 | Train loss: 11.5053 (hm=0.3747, re=4.1729, fe=6.9578) | Val loss: 20.0373 (hm=0.3762, re=4.0790, fe=15.5821) | Val MRE(mm): 1.208 | SDR%(2/2.5/3/4): 85.8/91.3/95.2/98.0 | 65.1s
Epoch 72/200 | Train loss: 11.4779 (hm=0.3747, re=4.1750, fe=6.9282) | Val loss: 20.2756 (hm=0.3763, re=4.1590, fe=15.7403) | Val MRE(mm): 1.167 | SDR%(2/2.5/3/4): 86.6/91.8/95.5/98.2 | 65.1s
Epoch 73/200 | Train loss: 11.5686 (hm=0.3752, re=4.1650, fe=7.0284) | Val loss: 20.6126 (hm=0.3766, re=4.2289, fe=16.0071) | Val MRE(mm): 1.159 | SDR%(2/2.5/3/4): 86.7/92.0/95.4/98.4 | 65.2s
Epoch 74/200 | Train loss: 11.5943 (hm=0.3748, re=4.1637, fe=7.0558) | Val loss: 20.5000 (hm=0.3762, re=4.1566, fe=15.9671) | Val MRE(mm): 1.207 | SDR%(2/2.5/3/4): 85.8/91.3/95.1/98.1 | 64.9s
Epoch 75/200 | Train loss: 11.4946 (hm=0.3749, re=4.1980, fe=6.9217) | Val loss: 20.0326 (hm=0.3761, re=4.2936, fe=15.3629) | Val MRE(mm): 1.178 | SDR%(2/2.5/3/4): 86.5/91.8/95.5/98.2 | 65.0s
Epoch 76/200 | Train loss: 11.5867 (hm=0.3750, re=4.1789, fe=7.0329) | Val loss: 20.1691 (hm=0.3761, re=4.1900, fe=15.6030) | Val MRE(mm): 1.151 | SDR%(2/2.5/3/4): 86.1/92.0/95.4/98.1 | 65.2s
Epoch 77/200 | Train loss: 11.5248 (hm=0.3748, re=4.1900, fe=6.9600) | Val loss: 20.1984 (hm=0.3762, re=4.0720, fe=15.7502) | Val MRE(mm): 1.177 | SDR%(2/2.5/3/4): 85.9/91.8/95.1/98.1 | 64.9s
Epoch 78/200 | Train loss: 11.6875 (hm=0.3748, re=4.1772, fe=7.1354) | Val loss: 20.3315 (hm=0.3762, re=4.2371, fe=15.7181) | Val MRE(mm): 1.165 | SDR%(2/2.5/3/4): 85.6/91.3/95.2/98.1 | 65.5s
Epoch 79/200 | Train loss: 11.3970 (hm=0.3747, re=4.1961, fe=6.8263) | Val loss: 20.3710 (hm=0.3762, re=4.2640, fe=15.7309) | Val MRE(mm): 1.182 | SDR%(2/2.5/3/4): 85.8/91.0/95.0/98.1 | 65.1s
Epoch 80/200 | Train loss: 11.2478 (hm=0.3747, re=4.1512, fe=6.7219) | Val loss: 20.9834 (hm=0.3765, re=4.2294, fe=16.3776) | Val MRE(mm): 1.170 | SDR%(2/2.5/3/4): 85.6/91.3/95.3/98.1 | 65.2s
Epoch 81/200 | Train loss: 11.7468 (hm=0.3747, re=4.1713, fe=7.2008) | Val loss: 20.4046 (hm=0.3764, re=4.2818, fe=15.7464) | Val MRE(mm): 1.189 | SDR%(2/2.5/3/4): 86.0/91.4/95.3/98.0 | 65.0s
Epoch 82/200 | Train loss: 11.4178 (hm=0.3747, re=4.1265, fe=6.9166) | Val loss: 20.4544 (hm=0.3764, re=4.0667, fe=16.0112) | Val MRE(mm): 1.191 | SDR%(2/2.5/3/4): 85.4/91.1/94.9/98.1 | 65.2s
Epoch 83/200 | Train loss: 11.4589 (hm=0.3749, re=4.1617, fe=6.9223) | Val loss: 19.8964 (hm=0.3762, re=4.1730, fe=15.3472) | Val MRE(mm): 1.161 | SDR%(2/2.5/3/4): 86.0/92.0/95.4/98.2 | 64.9s
Epoch 84/200 | Train loss: 11.5626 (hm=0.3748, re=4.1976, fe=6.9902) | Val loss: 20.1343 (hm=0.3761, re=3.9940, fe=15.7641) | Val MRE(mm): 1.175 | SDR%(2/2.5/3/4): 86.0/91.7/95.5/98.3 | 66.9s
Epoch 85/200 | Train loss: 11.2364 (hm=0.3745, re=4.1448, fe=6.7171) | Val loss: 20.4912 (hm=0.3760, re=3.9361, fe=16.1792) | Val MRE(mm): 1.168 | SDR%(2/2.5/3/4): 86.2/91.6/95.2/98.0 | 65.7s
Epoch 86/200 | Train loss: 11.3933 (hm=0.3744, re=4.1575, fe=6.8615) | Val loss: 20.3941 (hm=0.3760, re=4.2906, fe=15.7276) | Val MRE(mm): 1.175 | SDR%(2/2.5/3/4): 86.5/91.9/95.4/98.1 | 65.4s
Epoch 87/200 | Train loss: 11.2415 (hm=0.3746, re=4.1371, fe=6.7298) | Val loss: 20.1934 (hm=0.3760, re=4.2955, fe=15.5219) | Val MRE(mm): 1.139 | SDR%(2/2.5/3/4): 86.3/92.1/95.3/98.0 | 65.3s
Epoch 88/200 | Train loss: 11.2497 (hm=0.3747, re=4.1742, fe=6.7007) | Val loss: 21.0350 (hm=0.3761, re=4.2615, fe=16.3974) | Val MRE(mm): 1.171 | SDR%(2/2.5/3/4): 85.3/91.3/95.3/98.1 | 64.9s
Epoch 89/200 | Train loss: 11.1491 (hm=0.3745, re=4.1304, fe=6.6442) | Val loss: 21.1541 (hm=0.3762, re=4.2129, fe=16.5650) | Val MRE(mm): 1.172 | SDR%(2/2.5/3/4): 85.9/91.7/94.9/98.0 | 65.0s
Epoch 90/200 | Train loss: 11.2344 (hm=0.3746, re=4.1514, fe=6.7084) | Val loss: 19.9987 (hm=0.3761, re=4.0696, fe=15.5530) | Val MRE(mm): 1.166 | SDR%(2/2.5/3/4): 85.8/91.5/94.6/98.1 | 65.0s
Epoch 91/200 | Train loss: 11.1712 (hm=0.3745, re=4.1425, fe=6.6542) | Val loss: 20.5288 (hm=0.3760, re=4.0495, fe=16.1033) | Val MRE(mm): 1.151 | SDR%(2/2.5/3/4): 85.9/91.8/95.2/98.1 | 65.2s
Epoch 92/200 | Train loss: 11.0481 (hm=0.3747, re=4.1249, fe=6.5484) | Val loss: 20.9271 (hm=0.3763, re=4.0754, fe=16.4755) | Val MRE(mm): 1.155 | SDR%(2/2.5/3/4): 85.8/91.3/95.1/98.3 | 64.9s
Epoch 93/200 | Train loss: 11.0712 (hm=0.3747, re=4.1202, fe=6.5763) | Val loss: 20.2845 (hm=0.3761, re=4.0697, fe=15.8387) | Val MRE(mm): 1.145 | SDR%(2/2.5/3/4): 86.1/91.7/95.2/98.3 | 65.1s
Epoch 94/200 | Train loss: 11.0779 (hm=0.3745, re=4.1403, fe=6.5630) | Val loss: 21.0806 (hm=0.3764, re=3.9863, fe=16.7179) | Val MRE(mm): 1.155 | SDR%(2/2.5/3/4): 86.2/91.9/95.5/98.2 | 65.0s
Epoch 95/200 | Train loss: 11.0289 (hm=0.3749, re=4.1312, fe=6.5227) | Val loss: 20.7162 (hm=0.3760, re=4.1265, fe=16.2137) | Val MRE(mm): 1.158 | SDR%(2/2.5/3/4): 85.7/91.4/95.2/98.2 | 64.7s
Epoch 96/200 | Train loss: 11.2921 (hm=0.3742, re=4.1091, fe=6.8088) | Val loss: 20.0342 (hm=0.3761, re=3.8966, fe=15.7615) | Val MRE(mm): 1.143 | SDR%(2/2.5/3/4): 86.0/92.1/95.6/98.4 | 65.1s
Epoch 97/200 | Train loss: 11.0022 (hm=0.3745, re=4.0902, fe=6.5375) | Val loss: 20.5842 (hm=0.3763, re=4.0787, fe=16.1292) | Val MRE(mm): 1.158 | SDR%(2/2.5/3/4): 85.8/91.8/95.1/98.2 | 64.7s
Epoch 98/200 | Train loss: 10.9528 (hm=0.3746, re=4.1071, fe=6.4711) | Val loss: 21.2222 (hm=0.3764, re=4.0017, fe=16.8441) | Val MRE(mm): 1.154 | SDR%(2/2.5/3/4): 85.6/91.6/95.4/98.2 | 64.8s
Epoch 99/200 | Train loss: 11.0935 (hm=0.3746, re=4.0949, fe=6.6241) | Val loss: 20.8269 (hm=0.3765, re=4.0602, fe=16.3902) | Val MRE(mm): 1.152 | SDR%(2/2.5/3/4): 86.2/91.5/95.1/98.2 | 64.6s
Epoch 100/200 | Train loss: 10.8734 (hm=0.3744, re=4.0983, fe=6.4006) | Val loss: 20.3430 (hm=0.3761, re=4.0027, fe=15.9642) | Val MRE(mm): 1.131 | SDR%(2/2.5/3/4): 86.7/92.3/95.6/98.4 | 64.8s
Epoch 101/200 | Train loss: 10.9654 (hm=0.3746, re=4.1126, fe=6.4782) | Val loss: 20.7969 (hm=0.3766, re=3.8632, fe=16.5571) | Val MRE(mm): 1.140 | SDR%(2/2.5/3/4): 86.4/91.9/95.2/98.2 | 64.7s
Epoch 102/200 | Train loss: 11.0342 (hm=0.3750, re=4.0846, fe=6.5746) | Val loss: 20.0204 (hm=0.3766, re=4.1087, fe=15.5351) | Val MRE(mm): 1.157 | SDR%(2/2.5/3/4): 85.7/91.5/95.0/98.2 | 64.7s
Epoch 103/200 | Train loss: 10.8961 (hm=0.3745, re=4.1370, fe=6.3845) | Val loss: 21.6533 (hm=0.3761, re=4.2640, fe=17.0131) | Val MRE(mm): 1.151 | SDR%(2/2.5/3/4): 86.0/92.1/95.4/98.4 | 65.0s
Epoch 104/200 | Train loss: 11.0319 (hm=0.3745, re=4.1236, fe=6.5338) | Val loss: 20.9438 (hm=0.3760, re=3.9799, fe=16.5879) | Val MRE(mm): 1.145 | SDR%(2/2.5/3/4): 86.2/92.1/95.5/98.3 | 64.9s
Epoch 105/200 | Train loss: 11.0659 (hm=0.3743, re=4.1001, fe=6.5916) | Val loss: 20.5113 (hm=0.3759, re=3.9827, fe=16.1527) | Val MRE(mm): 1.168 | SDR%(2/2.5/3/4): 86.2/91.8/95.3/98.2 | 64.9s
Epoch 106/200 | Train loss: 11.5046 (hm=0.3745, re=4.1006, fe=7.0295) | Val loss: 20.0499 (hm=0.3764, re=4.0649, fe=15.6086) | Val MRE(mm): 1.160 | SDR%(2/2.5/3/4): 85.9/91.6/95.5/98.3 | 64.8s
Epoch 107/200 | Train loss: 11.3920 (hm=0.3744, re=4.1735, fe=6.8441) | Val loss: 19.8937 (hm=0.3762, re=4.0467, fe=15.4707) | Val MRE(mm): 1.155 | SDR%(2/2.5/3/4): 85.6/92.1/95.1/98.2 | 65.0s
Epoch 108/200 | Train loss: 11.2249 (hm=0.3742, re=4.1380, fe=6.7127) | Val loss: 21.7701 (hm=0.3760, re=4.2850, fe=17.1090) | Val MRE(mm): 1.178 | SDR%(2/2.5/3/4): 85.9/91.5/94.9/98.2 | 65.1s
Epoch 109/200 | Train loss: 11.2182 (hm=0.3743, re=4.1679, fe=6.6761) | Val loss: 21.1376 (hm=0.3758, re=4.1601, fe=16.6016) | Val MRE(mm): 1.190 | SDR%(2/2.5/3/4): 86.0/92.1/95.3/98.1 | 64.9s
Epoch 110/200 | Train loss: 11.7527 (hm=0.3744, re=4.1924, fe=7.1860) | Val loss: 20.9512 (hm=0.3760, re=4.0126, fe=16.5626) | Val MRE(mm): 1.172 | SDR%(2/2.5/3/4): 85.4/91.5/95.1/98.1 | 65.0s
Epoch 111/200 | Train loss: 11.2702 (hm=0.3746, re=4.1320, fe=6.7636) | Val loss: 20.8504 (hm=0.3761, re=4.4529, fe=16.0214) | Val MRE(mm): 1.175 | SDR%(2/2.5/3/4): 85.2/91.3/95.3/98.0 | 64.9s
Epoch 112/200 | Train loss: 11.3756 (hm=0.3744, re=4.1452, fe=6.8560) | Val loss: 21.1192 (hm=0.3760, re=4.0933, fe=16.6498) | Val MRE(mm): 1.149 | SDR%(2/2.5/3/4): 85.4/91.4/95.3/98.1 | 65.8s
Epoch 113/200 | Train loss: 10.8944 (hm=0.3744, re=4.0572, fe=6.4627) | Val loss: 21.5203 (hm=0.3763, re=3.8845, fe=17.2596) | Val MRE(mm): 1.147 | SDR%(2/2.5/3/4): 86.5/91.7/95.5/98.3 | 65.0s
Epoch 114/200 | Train loss: 11.1258 (hm=0.3747, re=4.1014, fe=6.6497) | Val loss: 20.8031 (hm=0.3764, re=4.1376, fe=16.2891) | Val MRE(mm): 1.186 | SDR%(2/2.5/3/4): 85.2/91.3/95.3/98.3 | 64.9s
Epoch 115/200 | Train loss: 10.9516 (hm=0.3748, re=4.1133, fe=6.4636) | Val loss: 20.7408 (hm=0.3766, re=3.9919, fe=16.3723) | Val MRE(mm): 1.162 | SDR%(2/2.5/3/4): 85.9/91.3/95.1/98.2 | 65.0s
Epoch 116/200 | Train loss: 11.0814 (hm=0.3748, re=4.0449, fe=6.6617) | Val loss: 21.3099 (hm=0.3761, re=3.9867, fe=16.9471) | Val MRE(mm): 1.147 | SDR%(2/2.5/3/4): 86.0/92.0/95.4/98.4 | 65.0s
Epoch 117/200 | Train loss: 11.1389 (hm=0.3748, re=4.1318, fe=6.6322) | Val loss: 21.5806 (hm=0.3762, re=4.1096, fe=17.0948) | Val MRE(mm): 1.145 | SDR%(2/2.5/3/4): 86.1/91.3/95.2/98.1 | 66.0s
Epoch 118/200 | Train loss: 10.8274 (hm=0.3741, re=4.1251, fe=6.3282) | Val loss: 21.0535 (hm=0.3760, re=4.0246, fe=16.6529) | Val MRE(mm): 1.133 | SDR%(2/2.5/3/4): 86.9/92.1/95.7/98.4 | 65.4s
Epoch 119/200 | Train loss: 10.7470 (hm=0.3742, re=4.0921, fe=6.2808) | Val loss: 21.6546 (hm=0.3758, re=4.0606, fe=17.2182) | Val MRE(mm): 1.163 | SDR%(2/2.5/3/4): 85.9/92.0/95.4/98.1 | 65.2s
Epoch 120/200 | Train loss: 10.9043 (hm=0.3743, re=4.0901, fe=6.4399) | Val loss: 21.3099 (hm=0.3758, re=4.0596, fe=16.8745) | Val MRE(mm): 1.140 | SDR%(2/2.5/3/4): 86.4/92.1/95.5/98.2 | 64.9s
Epoch 121/200 | Train loss: 10.6851 (hm=0.3744, re=4.0183, fe=6.2924) | Val loss: 21.5161 (hm=0.3759, re=4.3016, fe=16.8387) | Val MRE(mm): 1.149 | SDR%(2/2.5/3/4): 86.7/92.2/95.5/98.4 | 65.1s
Epoch 122/200 | Train loss: 10.7147 (hm=0.3739, re=4.0395, fe=6.3013) | Val loss: 20.9427 (hm=0.3757, re=4.1052, fe=16.4618) | Val MRE(mm): 1.149 | SDR%(2/2.5/3/4): 86.3/92.4/95.4/98.2 | 65.2s
Epoch 123/200 | Train loss: 10.6587 (hm=0.3745, re=4.0509, fe=6.2333) | Val loss: 21.7791 (hm=0.3758, re=4.0190, fe=17.3843) | Val MRE(mm): 1.146 | SDR%(2/2.5/3/4): 86.5/92.2/95.7/98.4 | 65.0s
Epoch 124/200 | Train loss: 10.7467 (hm=0.3740, re=4.1316, fe=6.2411) | Val loss: 21.2536 (hm=0.3758, re=3.9145, fe=16.9633) | Val MRE(mm): 1.144 | SDR%(2/2.5/3/4): 85.9/91.9/95.4/98.2 | 65.3s
Epoch 125/200 | Train loss: 10.8630 (hm=0.3744, re=4.0646, fe=6.4239) | Val loss: 20.5769 (hm=0.3759, re=4.3377, fe=15.8633) | Val MRE(mm): 1.147 | SDR%(2/2.5/3/4): 86.4/92.1/95.9/98.3 | 64.9s
Epoch 126/200 | Train loss: 10.9792 (hm=0.3739, re=4.1061, fe=6.4992) | Val loss: 20.1943 (hm=0.3762, re=3.8783, fe=15.9398) | Val MRE(mm): 1.151 | SDR%(2/2.5/3/4): 85.8/92.0/95.4/98.1 | 65.1s
Epoch 127/200 | Train loss: 10.8122 (hm=0.3742, re=4.0661, fe=6.3720) | Val loss: 20.4993 (hm=0.3759, re=3.8852, fe=16.2383) | Val MRE(mm): 1.153 | SDR%(2/2.5/3/4): 86.5/91.8/95.6/98.4 | 65.1s
Epoch 128/200 | Train loss: 11.0628 (hm=0.3741, re=4.0652, fe=6.6235) | Val loss: 21.7356 (hm=0.3760, re=4.0992, fe=17.2604) | Val MRE(mm): 1.183 | SDR%(2/2.5/3/4): 85.6/91.8/95.1/98.2 | 65.1s
Epoch 129/200 | Train loss: 11.0800 (hm=0.3742, re=4.1153, fe=6.5906) | Val loss: 21.3918 (hm=0.3758, re=4.0839, fe=16.9321) | Val MRE(mm): 1.129 | SDR%(2/2.5/3/4): 86.4/92.2/95.5/98.3 | 65.1s
Epoch 130/200 | Train loss: 11.3764 (hm=0.3739, re=4.1005, fe=6.9020) | Val loss: 20.6114 (hm=0.3758, re=3.9375, fe=16.2982) | Val MRE(mm): 1.153 | SDR%(2/2.5/3/4): 86.2/91.9/95.6/98.4 | 65.2s
Epoch 131/200 | Train loss: 10.6266 (hm=0.3742, re=4.0491, fe=6.2032) | Val loss: 20.9014 (hm=0.3758, re=4.0780, fe=16.4476) | Val MRE(mm): 1.162 | SDR%(2/2.5/3/4): 86.0/91.8/95.2/98.1 | 65.0s
Epoch 132/200 | Train loss: 10.6267 (hm=0.3741, re=4.0498, fe=6.2028) | Val loss: 20.6503 (hm=0.3759, re=4.0684, fe=16.2060) | Val MRE(mm): 1.162 | SDR%(2/2.5/3/4): 86.2/91.9/95.2/98.2 | 65.1s
Epoch 133/200 | Train loss: 10.6262 (hm=0.3740, re=4.0632, fe=6.1890) | Val loss: 21.7755 (hm=0.3760, re=4.1527, fe=17.2467) | Val MRE(mm): 1.174 | SDR%(2/2.5/3/4): 85.4/91.5/95.3/98.1 | 65.0s
Epoch 134/200 | Train loss: 10.5435 (hm=0.3741, re=4.0749, fe=6.0946) | Val loss: 22.1435 (hm=0.3760, re=4.0729, fe=17.6945) | Val MRE(mm): 1.162 | SDR%(2/2.5/3/4): 86.0/91.9/95.6/98.2 | 64.9s
Epoch 135/200 | Train loss: 10.6414 (hm=0.3736, re=4.0675, fe=6.2003) | Val loss: 21.2217 (hm=0.3758, re=3.9871, fe=16.8588) | Val MRE(mm): 1.157 | SDR%(2/2.5/3/4): 86.1/91.5/95.4/98.1 | 65.2s
Epoch 136/200 | Train loss: 10.5975 (hm=0.3742, re=4.0523, fe=6.1710) | Val loss: 21.6687 (hm=0.3760, re=4.5510, fe=16.7417) | Val MRE(mm): 1.178 | SDR%(2/2.5/3/4): 86.0/91.5/95.2/97.9 | 64.9s
Epoch 137/200 | Train loss: 10.9372 (hm=0.3739, re=4.1141, fe=6.4492) | Val loss: 21.1410 (hm=0.3762, re=3.9892, fe=16.7756) | Val MRE(mm): 1.144 | SDR%(2/2.5/3/4): 86.4/91.7/95.3/98.3 | 65.0s
Epoch 138/200 | Train loss: 10.6365 (hm=0.3746, re=4.0800, fe=6.1820) | Val loss: 21.7728 (hm=0.3762, re=4.0661, fe=17.3305) | Val MRE(mm): 1.162 | SDR%(2/2.5/3/4): 86.0/91.4/95.7/98.3 | 64.8s
Warning: You are sending unauthenticated requests to the HF Hub. Please set a HF_TOKEN to enable higher rate limits and faster downloads.
/kaggle/working/DeLR-Cephalometric-ConvNeXtV2/delr/model.py:411: UserWarning: enable_nested_tensor is True, but self.use_nested_tensor is False because encoder_layer.self_attn.batch_first was not True(use batch_first for better inference performance)
  self.reference_encoder = nn.TransformerEncoder(enc_layer_ref, num_layers=num_layers_ref)
seed=42 backbone_amp=True
Resumed weights from outputs/isbi3p_seed42/phase1/best_model.pt (missing=0, unexpected=0, skipped_shape_mismatch=0).
Checkpoint val_metrics: {'loss': 19.40735684712728, 'loss_hm': 0.37695219039916994, 'loss_re': 4.3101152992248535, 'loss_fe': 14.720289421081542, 'mre_mm': 1.170697662286591, 'mre_px': 11.706976363868044, 'sdr_2_0mm': 85.78947368421052, 'sdr_2_5mm': 91.71929824561403, 'sdr_3_0mm': 95.08771929824562, 'sdr_4_0mm': 97.9298245614035}
Restored training state from outputs/isbi3p_seed42/phase2/last.pt: epoch 138 done, best val MRE 1.129, lr 5.000e-05
Epoch 139/200 | Train loss: 10.6776 (hm=0.3743, re=4.0643, fe=6.2390) | Val loss: 21.6557 (hm=0.3762, re=3.9898, fe=17.2897) | Val MRE(mm): 1.155 | SDR%(2/2.5/3/4): 86.5/91.6/95.3/98.2 | 70.0s
Epoch 140/200 | Train loss: 10.6549 (hm=0.3740, re=4.0365, fe=6.2444) | Val loss: 22.0695 (hm=0.3761, re=4.2621, fe=17.4313) | Val MRE(mm): 1.139 | SDR%(2/2.5/3/4): 86.5/91.9/95.4/98.2 | 62.1s
Epoch 141/200 | Train loss: 10.8205 (hm=0.3748, re=4.0786, fe=6.3672) | Val loss: 20.9914 (hm=0.3765, re=4.0369, fe=16.5779) | Val MRE(mm): 1.159 | SDR%(2/2.5/3/4): 86.0/91.6/95.4/98.1 | 62.3s
Epoch 142/200 | Train loss: 10.8533 (hm=0.3743, re=4.0700, fe=6.4089) | Val loss: 21.7589 (hm=0.3760, re=4.0457, fe=17.3372) | Val MRE(mm): 1.161 | SDR%(2/2.5/3/4): 86.0/91.6/95.6/98.1 | 62.6s
Epoch 143/200 | Train loss: 10.4592 (hm=0.3743, re=4.0525, fe=6.0324) | Val loss: 22.0690 (hm=0.3759, re=4.1358, fe=17.5572) | Val MRE(mm): 1.175 | SDR%(2/2.5/3/4): 86.1/91.6/95.4/98.2 | 62.6s
Epoch 144/200 | Train loss: 10.9248 (hm=0.3741, re=4.0765, fe=6.4742) | Val loss: 22.8834 (hm=0.3762, re=4.0726, fe=18.4345) | Val MRE(mm): 1.471 | SDR%(2/2.5/3/4): 84.6/90.1/94.0/96.5 | 62.8s
Epoch 145/200 | Train loss: 11.3092 (hm=0.3747, re=4.1101, fe=6.8244) | Val loss: 21.0443 (hm=0.3765, re=3.9859, fe=16.6819) | Val MRE(mm): 1.149 | SDR%(2/2.5/3/4): 85.9/91.2/95.0/98.1 | 62.5s
Epoch 146/200 | Train loss: 10.5357 (hm=0.3749, re=4.0626, fe=6.0982) | Val loss: 21.7625 (hm=0.3768, re=4.0684, fe=17.3173) | Val MRE(mm): 1.170 | SDR%(2/2.5/3/4): 85.4/91.4/95.1/98.2 | 62.8s
Epoch 147/200 | Train loss: 10.6339 (hm=0.3745, re=4.0941, fe=6.1653) | Val loss: 21.5348 (hm=0.3764, re=4.0118, fe=17.1465) | Val MRE(mm): 1.144 | SDR%(2/2.5/3/4): 86.5/91.8/95.4/98.1 | 62.7s
Epoch 148/200 | Train loss: 10.5957 (hm=0.3745, re=4.0340, fe=6.1871) | Val loss: 22.5702 (hm=0.3759, re=4.2229, fe=17.9714) | Val MRE(mm): 1.164 | SDR%(2/2.5/3/4): 85.9/91.9/95.5/98.3 | 62.7s
Epoch 149/200 | Train loss: 10.4381 (hm=0.3741, re=4.0683, fe=5.9957) | Val loss: 21.3817 (hm=0.3761, re=3.9818, fe=17.0238) | Val MRE(mm): 1.143 | SDR%(2/2.5/3/4): 86.3/91.8/95.3/98.0 | 62.5s
Epoch 150/200 | Train loss: 10.4080 (hm=0.3742, re=4.0566, fe=5.9772) | Val loss: 21.7368 (hm=0.3762, re=4.0292, fe=17.3314) | Val MRE(mm): 1.147 | SDR%(2/2.5/3/4): 86.1/92.0/95.5/98.2 | 62.5s
Epoch 151/200 | Train loss: 10.3567 (hm=0.3746, re=4.0081, fe=5.9741) | Val loss: 21.4107 (hm=0.3761, re=4.0868, fe=16.9478) | Val MRE(mm): 1.266 | SDR%(2/2.5/3/4): 84.8/90.6/94.2/97.1 | 62.6s
Epoch 152/200 | Train loss: 10.2720 (hm=0.3742, re=3.9856, fe=5.9122) | Val loss: 22.6123 (hm=0.3758, re=4.1195, fe=18.1169) | Val MRE(mm): 1.156 | SDR%(2/2.5/3/4): 86.3/91.9/95.4/98.3 | 62.6s
Epoch 153/200 | Train loss: 10.5728 (hm=0.3739, re=3.9947, fe=6.2041) | Val loss: 22.2584 (hm=0.3757, re=4.0382, fe=17.8445) | Val MRE(mm): 1.142 | SDR%(2/2.5/3/4): 86.1/91.6/95.3/98.2 | 62.6s
Epoch 154/200 | Train loss: 10.2583 (hm=0.3739, re=3.9867, fe=5.8977) | Val loss: 22.3100 (hm=0.3758, re=3.9200, fe=18.0141) | Val MRE(mm): 1.154 | SDR%(2/2.5/3/4): 86.2/91.5/95.1/98.2 | 62.6s
Epoch 155/200 | Train loss: 10.0656 (hm=0.3738, re=3.9798, fe=5.7120) | Val loss: 22.3092 (hm=0.3756, re=3.9469, fe=17.9866) | Val MRE(mm): 1.133 | SDR%(2/2.5/3/4): 86.6/92.4/95.4/98.2 | 62.6s
Epoch 156/200 | Train loss: 10.4213 (hm=0.3742, re=4.0286, fe=6.0185) | Val loss: 22.6937 (hm=0.3758, re=3.8619, fe=18.4559) | Val MRE(mm): 1.150 | SDR%(2/2.5/3/4): 86.1/91.8/95.2/98.2 | 62.4s
Epoch 157/200 | Train loss: 10.4502 (hm=0.3742, re=3.9847, fe=6.0913) | Val loss: 21.9851 (hm=0.3758, re=3.8919, fe=17.7174) | Val MRE(mm): 1.155 | SDR%(2/2.5/3/4): 85.9/91.8/95.2/98.1 | 62.5s
Epoch 158/200 | Train loss: 10.9489 (hm=0.3741, re=3.9823, fe=6.5926) | Val loss: 20.9515 (hm=0.3758, re=3.9307, fe=16.6449) | Val MRE(mm): 1.147 | SDR%(2/2.5/3/4): 86.3/91.7/95.3/98.2 | 62.4s
Epoch 159/200 | Train loss: 10.0248 (hm=0.3739, re=3.9552, fe=5.6957) | Val loss: 21.7837 (hm=0.3757, re=4.1855, fe=17.2225) | Val MRE(mm): 1.152 | SDR%(2/2.5/3/4): 86.1/91.8/95.3/98.2 | 62.6s
Epoch 160/200 | Train loss: 10.3576 (hm=0.3739, re=3.9604, fe=6.0233) | Val loss: 22.3207 (hm=0.3757, re=4.1873, fe=17.7577) | Val MRE(mm): 1.137 | SDR%(2/2.5/3/4): 86.6/92.1/95.5/98.2 | 62.7s
Epoch 161/200 | Train loss: 10.6375 (hm=0.3741, re=4.0310, fe=6.2324) | Val loss: 22.0526 (hm=0.3759, re=4.1446, fe=17.5321) | Val MRE(mm): 1.165 | SDR%(2/2.5/3/4): 85.6/92.0/95.5/98.2 | 62.5s
Epoch 162/200 | Train loss: 10.5167 (hm=0.3745, re=3.9992, fe=6.1430) | Val loss: 21.7831 (hm=0.3760, re=4.1524, fe=17.2547) | Val MRE(mm): 1.163 | SDR%(2/2.5/3/4): 86.1/91.6/95.0/98.2 | 62.6s
Epoch 163/200 | Train loss: 10.7021 (hm=0.3743, re=4.0401, fe=6.2876) | Val loss: 21.3484 (hm=0.3761, re=3.9543, fe=17.0180) | Val MRE(mm): 1.147 | SDR%(2/2.5/3/4): 86.2/91.5/95.3/98.2 | 62.6s
Epoch 164/200 | Train loss: 10.3345 (hm=0.3741, re=3.9764, fe=5.9840) | Val loss: 22.5696 (hm=0.3762, re=3.9972, fe=18.1961) | Val MRE(mm): 1.151 | SDR%(2/2.5/3/4): 86.4/91.8/95.4/98.2 | 62.5s
Epoch 165/200 | Train loss: 10.2799 (hm=0.3748, re=4.0243, fe=5.8808) | Val loss: 21.6468 (hm=0.3762, re=3.9637, fe=17.3068) | Val MRE(mm): 1.142 | SDR%(2/2.5/3/4): 86.2/92.4/95.5/98.4 | 62.7s
Epoch 166/200 | Train loss: 10.2469 (hm=0.3744, re=4.0039, fe=5.8686) | Val loss: 22.1698 (hm=0.3759, re=4.0147, fe=17.7793) | Val MRE(mm): 1.140 | SDR%(2/2.5/3/4): 86.5/92.1/95.2/98.3 | 62.5s
Epoch 167/200 | Train loss: 10.1571 (hm=0.3748, re=3.9586, fe=5.8237) | Val loss: 21.7902 (hm=0.3763, re=4.0118, fe=17.4021) | Val MRE(mm): 1.148 | SDR%(2/2.5/3/4): 86.2/92.2/95.2/98.4 | 63.9s
Epoch 168/200 | Train loss: 10.2309 (hm=0.3747, re=4.0276, fe=5.8286) | Val loss: 22.4667 (hm=0.3761, re=4.1540, fe=17.9366) | Val MRE(mm): 1.157 | SDR%(2/2.5/3/4): 86.1/91.9/95.6/98.4 | 62.7s
Epoch 169/200 | Train loss: 10.4875 (hm=0.3745, re=3.9898, fe=6.1231) | Val loss: 21.2067 (hm=0.3762, re=3.9531, fe=16.8775) | Val MRE(mm): 1.161 | SDR%(2/2.5/3/4): 86.0/91.4/95.5/98.3 | 62.5s
Epoch 170/200 | Train loss: 10.1676 (hm=0.3743, re=3.9663, fe=5.8269) | Val loss: 22.7405 (hm=0.3759, re=3.9747, fe=18.3898) | Val MRE(mm): 1.160 | SDR%(2/2.5/3/4): 85.9/91.5/95.3/98.2 | 62.5s
Epoch 171/200 | Train loss: 10.0678 (hm=0.3743, re=3.9455, fe=5.7479) | Val loss: 22.3374 (hm=0.3760, re=4.1327, fe=17.8288) | Val MRE(mm): 1.147 | SDR%(2/2.5/3/4): 86.3/91.8/95.7/98.2 | 62.6s
Epoch 172/200 | Train loss: 10.2757 (hm=0.3741, re=4.0322, fe=5.8694) | Val loss: 22.2696 (hm=0.3759, re=4.0744, fe=17.8193) | Val MRE(mm): 1.159 | SDR%(2/2.5/3/4): 85.5/91.6/95.3/98.3 | 62.5s
Epoch 173/200 | Train loss: 10.1492 (hm=0.3738, re=3.9820, fe=5.7935) | Val loss: 21.5416 (hm=0.3757, re=3.8978, fe=17.2680) | Val MRE(mm): 1.145 | SDR%(2/2.5/3/4): 86.6/92.1/95.7/98.2 | 62.6s
Epoch 174/200 | Train loss: 10.5097 (hm=0.3736, re=3.9707, fe=6.1654) | Val loss: 21.3412 (hm=0.3757, re=4.1919, fe=16.7736) | Val MRE(mm): 1.138 | SDR%(2/2.5/3/4): 86.5/92.1/95.4/98.2 | 62.5s
Epoch 175/200 | Train loss: 10.5292 (hm=0.3742, re=4.0246, fe=6.1304) | Val loss: 21.7848 (hm=0.3757, re=3.8991, fe=17.5100) | Val MRE(mm): 1.140 | SDR%(2/2.5/3/4): 86.5/91.5/95.2/98.2 | 62.5s
Epoch 176/200 | Train loss: 10.2876 (hm=0.3740, re=4.0248, fe=5.8888) | Val loss: 21.3277 (hm=0.3754, re=4.0115, fe=16.9407) | Val MRE(mm): 1.102 | SDR%(2/2.5/3/4): 87.4/92.2/95.7/98.4 | 62.7s
Epoch 177/200 | Train loss: 10.4147 (hm=0.3737, re=4.0323, fe=6.0087) | Val loss: 22.6506 (hm=0.3756, re=4.1078, fe=18.1672) | Val MRE(mm): 1.147 | SDR%(2/2.5/3/4): 85.8/91.8/95.1/98.2 | 62.6s
Epoch 178/200 | Train loss: 10.2000 (hm=0.3739, re=4.0105, fe=5.8157) | Val loss: 21.8646 (hm=0.3756, re=4.0422, fe=17.4468) | Val MRE(mm): 1.409 | SDR%(2/2.5/3/4): 86.0/91.8/95.2/97.7 | 62.7s
Epoch 179/200 | Train loss: 12.9896 (hm=0.3739, re=4.4159, fe=8.1998) | Val loss: 21.7192 (hm=0.3758, re=4.0266, fe=17.3168) | Val MRE(mm): 1.143 | SDR%(2/2.5/3/4): 86.7/92.0/95.5/98.2 | 62.5s
Epoch 180/200 | Train loss: 11.1349 (hm=0.3740, re=4.2098, fe=6.5512) | Val loss: 22.3481 (hm=0.3759, re=4.2689, fe=17.7032) | Val MRE(mm): 1.173 | SDR%(2/2.5/3/4): 85.5/91.5/95.2/98.2 | 62.5s
Epoch 181/200 | Train loss: 10.9595 (hm=0.3740, re=4.1867, fe=6.3988) | Val loss: 21.9284 (hm=0.3762, re=4.2593, fe=17.2929) | Val MRE(mm): 1.161 | SDR%(2/2.5/3/4): 86.0/91.9/95.6/98.2 | 62.6s
Epoch 182/200 | Train loss: 10.4346 (hm=0.3740, re=4.0977, fe=5.9630) | Val loss: 22.2757 (hm=0.3758, re=3.9763, fe=17.9236) | Val MRE(mm): 1.147 | SDR%(2/2.5/3/4): 86.3/91.8/95.6/98.1 | 62.7s
Epoch 183/200 | Train loss: 10.1507 (hm=0.3742, re=4.0508, fe=5.7257) | Val loss: 23.2824 (hm=0.3758, re=4.0851, fe=18.8215) | Val MRE(mm): 1.155 | SDR%(2/2.5/3/4): 86.0/91.8/95.4/98.1 | 66.3s
Epoch 184/200 | Train loss: 10.3145 (hm=0.3741, re=4.0291, fe=5.9113) | Val loss: 22.4649 (hm=0.3759, re=4.1576, fe=17.9314) | Val MRE(mm): 1.161 | SDR%(2/2.5/3/4): 85.7/91.8/95.4/98.2 | 62.5s
Epoch 185/200 | Train loss: 11.0060 (hm=0.3742, re=4.0870, fe=6.5448) | Val loss: 21.4423 (hm=0.3758, re=4.1482, fe=16.9183) | Val MRE(mm): 1.459 | SDR%(2/2.5/3/4): 85.6/91.0/95.1/97.7 | 62.5s
Epoch 186/200 | Train loss: 10.7202 (hm=0.3743, re=4.1353, fe=6.2106) | Val loss: 22.3205 (hm=0.3765, re=4.0717, fe=17.8723) | Val MRE(mm): 1.151 | SDR%(2/2.5/3/4): 86.1/92.0/95.6/98.4 | 62.5s
Epoch 187/200 | Train loss: 11.0115 (hm=0.3740, re=4.1411, fe=6.4964) | Val loss: 22.0749 (hm=0.3760, re=4.1090, fe=17.5898) | Val MRE(mm): 1.146 | SDR%(2/2.5/3/4): 86.6/92.0/95.6/98.3 | 62.6s
Epoch 188/200 | Train loss: 10.4182 (hm=0.3740, re=4.0860, fe=5.9582) | Val loss: 22.5153 (hm=0.3760, re=4.1781, fe=17.9612) | Val MRE(mm): 1.168 | SDR%(2/2.5/3/4): 86.0/91.5/95.2/98.2 | 62.5s
Epoch 189/200 | Train loss: 10.3487 (hm=0.3739, re=4.0605, fe=5.9143) | Val loss: 21.1402 (hm=0.3760, re=4.1409, fe=16.6234) | Val MRE(mm): 1.137 | SDR%(2/2.5/3/4): 86.8/92.1/95.5/98.2 | 62.7s
Epoch 190/200 | Train loss: 10.1855 (hm=0.3740, re=4.0146, fe=5.7970) | Val loss: 21.1368 (hm=0.3758, re=3.9791, fe=16.7818) | Val MRE(mm): 1.147 | SDR%(2/2.5/3/4): 86.5/92.0/95.4/98.3 | 62.5s
Epoch 191/200 | Train loss: 10.1182 (hm=0.3740, re=4.0430, fe=5.7013) | Val loss: 22.2702 (hm=0.3759, re=4.2238, fe=17.6705) | Val MRE(mm): 1.143 | SDR%(2/2.5/3/4): 86.3/92.0/95.2/98.2 | 62.6s
Epoch 192/200 | Train loss: 10.1360 (hm=0.3736, re=3.9841, fe=5.7782) | Val loss: 22.3933 (hm=0.3758, re=4.3361, fe=17.6814) | Val MRE(mm): 1.159 | SDR%(2/2.5/3/4): 86.1/91.6/95.4/98.2 | 62.6s
Epoch 193/200 | Train loss: 10.3794 (hm=0.3742, re=3.9816, fe=6.0236) | Val loss: 22.0625 (hm=0.3758, re=3.9550, fe=17.7317) | Val MRE(mm): 1.144 | SDR%(2/2.5/3/4): 86.7/91.9/95.5/98.2 | 62.6s
Epoch 194/200 | Train loss: 9.8575 (hm=0.3740, re=3.9527, fe=5.5307) | Val loss: 22.0415 (hm=0.3757, re=3.9897, fe=17.6761) | Val MRE(mm): 1.148 | SDR%(2/2.5/3/4): 86.5/91.9/95.4/98.3 | 62.5s
Epoch 195/200 | Train loss: 9.9942 (hm=0.3737, re=3.9736, fe=5.6469) | Val loss: 21.4174 (hm=0.3758, re=4.0055, fe=17.0362) | Val MRE(mm): 1.142 | SDR%(2/2.5/3/4): 86.6/92.1/95.6/98.4 | 62.8s
Epoch 196/200 | Train loss: 10.5834 (hm=0.3744, re=4.0348, fe=6.1742) | Val loss: 22.5173 (hm=0.3756, re=3.9018, fe=18.2399) | Val MRE(mm): 1.152 | SDR%(2/2.5/3/4): 86.5/91.6/95.8/98.4 | 62.6s
Epoch 197/200 | Train loss: 10.8061 (hm=0.3743, re=4.0655, fe=6.3663) | Val loss: 21.8257 (hm=0.3757, re=3.8789, fe=17.5711) | Val MRE(mm): 1.133 | SDR%(2/2.5/3/4): 86.6/92.0/95.4/98.2 | 62.6s
Epoch 198/200 | Train loss: 10.4279 (hm=0.3741, re=4.0479, fe=6.0059) | Val loss: 21.0844 (hm=0.3757, re=4.1028, fe=16.6059) | Val MRE(mm): 1.137 | SDR%(2/2.5/3/4): 86.6/92.0/95.6/98.3 | 62.7s
Epoch 199/200 | Train loss: 10.7468 (hm=0.3739, re=4.0341, fe=6.3388) | Val loss: 22.1030 (hm=0.3756, re=3.8962, fe=17.8312) | Val MRE(mm): 1.168 | SDR%(2/2.5/3/4): 85.6/91.5/95.2/98.1 | 62.5s
Epoch 200/200 | Train loss: 10.0876 (hm=0.3737, re=3.9674, fe=5.7466) | Val loss: 22.9233 (hm=0.3756, re=4.0904, fe=18.4572) | Val MRE(mm): 1.143 | SDR%(2/2.5/3/4): 86.2/92.2/95.6/98.4 | 62.6s
