Warning: You are sending unauthenticated requests to the HF Hub. Please set a HF_TOKEN to enable higher rate limits and faster downloads.
/kaggle/working/DeLR-Cephalometric-ConvNeXtV2/delr/model.py:411: UserWarning: enable_nested_tensor is True, but self.use_nested_tensor is False because encoder_layer.self_attn.batch_first was not True(use batch_first for better inference performance)
  self.reference_encoder = nn.TransformerEncoder(enc_layer_ref, num_layers=num_layers_ref)
seed=42 backbone_amp=True
Epoch 01/200 | Train loss: 556.3745 (hm=1.2433, re=54.4894, fe=500.6417) | Val loss: 40.5394 (hm=1.1537, re=7.8634, fe=31.5223) | Val MRE(mm): 203.476 | SDR%(2/2.5/3/4): 0.0/0.0/0.0/0.0 | 73.6s
Epoch 02/200 | Train loss: 40.3517 (hm=1.0307, re=7.8493, fe=31.4717) | Val loss: 40.2153 (hm=0.9395, re=7.8496, fe=31.4262) | Val MRE(mm): 202.374 | SDR%(2/2.5/3/4): 0.0/0.0/0.0/0.0 | 66.5s
Epoch 03/200 | Train loss: 40.0098 (hm=0.7429, re=7.8436, fe=31.4233) | Val loss: 39.8099 (hm=0.5453, re=7.8440, fe=31.4206) | Val MRE(mm): 200.807 | SDR%(2/2.5/3/4): 0.0/0.0/0.0/0.0 | 66.1s
Epoch 04/200 | Train loss: 39.7104 (hm=0.4675, re=7.8419, fe=31.4009) | Val loss: 39.6318 (hm=0.4214, re=7.8383, fe=31.3721) | Val MRE(mm): 199.243 | SDR%(2/2.5/3/4): 0.0/0.0/0.0/0.0 | 65.8s
Epoch 05/200 | Train loss: 39.6046 (hm=0.4122, re=7.8337, fe=31.3587) | Val loss: 39.5817 (hm=0.4007, re=7.8346, fe=31.3464) | Val MRE(mm): 197.490 | SDR%(2/2.5/3/4): 0.0/0.0/0.0/0.0 | 66.1s
Epoch 06/200 | Train loss: 39.5716 (hm=0.3981, re=7.8363, fe=31.3372) | Val loss: 39.5731 (hm=0.3921, re=7.8480, fe=31.3330) | Val MRE(mm): 195.678 | SDR%(2/2.5/3/4): 0.0/0.0/0.0/0.0 | 65.8s
Epoch 07/200 | Train loss: 39.5300 (hm=0.3905, re=7.8325, fe=31.3069) | Val loss: 39.5314 (hm=0.3883, re=7.8355, fe=31.3075) | Val MRE(mm): 194.050 | SDR%(2/2.5/3/4): 0.0/0.0/0.0/0.0 | 65.6s
Epoch 08/200 | Train loss: 39.5135 (hm=0.3871, re=7.8324, fe=31.2940) | Val loss: 39.5037 (hm=0.3861, re=7.8333, fe=31.2844) | Val MRE(mm): 192.312 | SDR%(2/2.5/3/4): 0.0/0.0/0.0/0.0 | 65.7s
Epoch 09/200 | Train loss: 39.4685 (hm=0.3837, re=7.8294, fe=31.2554) | Val loss: 39.4590 (hm=0.3830, re=7.8344, fe=31.2417) | Val MRE(mm): 190.493 | SDR%(2/2.5/3/4): 0.0/0.0/0.0/0.0 | 65.7s
Epoch 10/200 | Train loss: 39.4295 (hm=0.3820, re=7.8253, fe=31.2222) | Val loss: 39.4598 (hm=0.3811, re=7.8290, fe=31.2497) | Val MRE(mm): 188.662 | SDR%(2/2.5/3/4): 0.0/0.0/0.0/0.0 | 65.8s
Epoch 11/200 | Train loss: 39.3802 (hm=0.3803, re=7.8187, fe=31.1812) | Val loss: 39.4400 (hm=0.3808, re=7.8248, fe=31.2344) | Val MRE(mm): 186.869 | SDR%(2/2.5/3/4): 0.0/0.0/0.0/0.0 | 65.8s
Epoch 12/200 | Train loss: 39.3609 (hm=0.3807, re=7.8199, fe=31.1603) | Val loss: 39.3948 (hm=0.3796, re=7.8248, fe=31.1904) | Val MRE(mm): 185.185 | SDR%(2/2.5/3/4): 0.0/0.0/0.0/0.0 | 66.0s
Epoch 13/200 | Train loss: 39.3887 (hm=0.3784, re=7.8270, fe=31.1833) | Val loss: 39.4684 (hm=0.3795, re=7.8248, fe=31.2642) | Val MRE(mm): 183.459 | SDR%(2/2.5/3/4): 0.0/0.0/0.0/0.0 | 65.8s
Epoch 14/200 | Train loss: 39.2778 (hm=0.3779, re=7.8112, fe=31.0887) | Val loss: 39.3056 (hm=0.3792, re=7.8199, fe=31.1065) | Val MRE(mm): 181.113 | SDR%(2/2.5/3/4): 0.0/0.0/0.0/0.0 | 65.8s
Epoch 15/200 | Train loss: 39.2544 (hm=0.3772, re=7.8133, fe=31.0639) | Val loss: 39.3521 (hm=0.3798, re=7.8411, fe=31.1312) | Val MRE(mm): 178.509 | SDR%(2/2.5/3/4): 0.0/0.0/0.0/0.0 | 65.8s
Epoch 16/200 | Train loss: 39.1918 (hm=0.3772, re=7.8061, fe=31.0085) | Val loss: 39.2442 (hm=0.3784, re=7.8135, fe=31.0524) | Val MRE(mm): 175.772 | SDR%(2/2.5/3/4): 0.0/0.0/0.0/0.0 | 66.0s
Epoch 17/200 | Train loss: 39.1523 (hm=0.3765, re=7.8042, fe=30.9716) | Val loss: 39.1402 (hm=0.3776, re=7.8098, fe=30.9528) | Val MRE(mm): 172.527 | SDR%(2/2.5/3/4): 0.0/0.0/0.0/0.0 | 66.0s
Epoch 18/200 | Train loss: 39.1359 (hm=0.3748, re=7.8093, fe=30.9518) | Val loss: 39.1666 (hm=0.3764, re=7.8054, fe=30.9849) | Val MRE(mm): 170.102 | SDR%(2/2.5/3/4): 0.0/0.0/0.0/0.0 | 66.0s
Epoch 19/200 | Train loss: 39.0638 (hm=0.3752, re=7.8036, fe=30.8850) | Val loss: 39.0421 (hm=0.3762, re=7.8017, fe=30.8643) | Val MRE(mm): 167.102 | SDR%(2/2.5/3/4): 0.0/0.0/0.0/0.0 | 66.0s
Epoch 20/200 | Train loss: 38.9900 (hm=0.3759, re=7.7968, fe=30.8173) | Val loss: 39.0254 (hm=0.3762, re=7.8191, fe=30.8301) | Val MRE(mm): 163.474 | SDR%(2/2.5/3/4): 0.0/0.0/0.0/0.0 | 65.9s
Epoch 21/200 | Train loss: 38.9104 (hm=0.3746, re=7.7901, fe=30.7457) | Val loss: 38.9484 (hm=0.3757, re=7.8114, fe=30.7613) | Val MRE(mm): 159.414 | SDR%(2/2.5/3/4): 0.0/0.0/0.0/0.0 | 65.7s
Epoch 22/200 | Train loss: 38.8799 (hm=0.3745, re=7.7941, fe=30.7112) | Val loss: 38.8822 (hm=0.3767, re=7.7965, fe=30.7090) | Val MRE(mm): 155.221 | SDR%(2/2.5/3/4): 0.0/0.0/0.0/0.0 | 65.9s
Epoch 23/200 | Train loss: 38.7795 (hm=0.3749, re=7.7871, fe=30.6175) | Val loss: 38.7236 (hm=0.3754, re=7.7879, fe=30.5603) | Val MRE(mm): 150.938 | SDR%(2/2.5/3/4): 0.0/0.0/0.0/0.0 | 66.0s
Epoch 24/200 | Train loss: 38.6704 (hm=0.3740, re=7.7830, fe=30.5135) | Val loss: 38.6229 (hm=0.3750, re=7.7822, fe=30.4657) | Val MRE(mm): 146.061 | SDR%(2/2.5/3/4): 0.0/0.0/0.0/0.0 | 65.8s
Epoch 25/200 | Train loss: 38.6225 (hm=0.3753, re=7.7812, fe=30.4661) | Val loss: 38.5566 (hm=0.3764, re=7.7769, fe=30.4034) | Val MRE(mm): 141.748 | SDR%(2/2.5/3/4): 0.0/0.0/0.0/0.0 | 66.1s
Epoch 26/200 | Train loss: 38.5156 (hm=0.3742, re=7.7733, fe=30.3682) | Val loss: 38.4676 (hm=0.3745, re=7.7727, fe=30.3203) | Val MRE(mm): 137.167 | SDR%(2/2.5/3/4): 0.0/0.0/0.0/0.0 | 65.9s
Epoch 27/200 | Train loss: 38.4039 (hm=0.3742, re=7.7680, fe=30.2616) | Val loss: 38.4322 (hm=0.3755, re=7.7725, fe=30.2843) | Val MRE(mm): 132.758 | SDR%(2/2.5/3/4): 0.0/0.0/0.0/0.0 | 66.7s
Epoch 28/200 | Train loss: 38.3104 (hm=0.3739, re=7.7639, fe=30.1726) | Val loss: 38.2192 (hm=0.3746, re=7.7622, fe=30.0823) | Val MRE(mm): 127.266 | SDR%(2/2.5/3/4): 0.0/0.0/0.0/0.0 | 66.0s
Epoch 29/200 | Train loss: 38.1853 (hm=0.3734, re=7.7603, fe=30.0516) | Val loss: 38.1214 (hm=0.3748, re=7.7623, fe=29.9844) | Val MRE(mm): 122.279 | SDR%(2/2.5/3/4): 0.0/0.0/0.0/0.0 | 66.1s
Epoch 30/200 | Train loss: 38.0601 (hm=0.3739, re=7.7509, fe=29.9353) | Val loss: 38.0697 (hm=0.3760, re=7.7533, fe=29.9404) | Val MRE(mm): 116.790 | SDR%(2/2.5/3/4): 0.0/0.0/0.0/0.0 | 66.1s
Epoch 31/200 | Train loss: 37.9146 (hm=0.3732, re=7.7475, fe=29.7939) | Val loss: 37.8402 (hm=0.3743, re=7.7457, fe=29.7202) | Val MRE(mm): 110.337 | SDR%(2/2.5/3/4): 0.0/0.0/0.0/0.0 | 65.8s
Epoch 32/200 | Train loss: 37.8127 (hm=0.3731, re=7.7486, fe=29.6911) | Val loss: 37.6564 (hm=0.3757, re=7.7409, fe=29.5398) | Val MRE(mm): 104.881 | SDR%(2/2.5/3/4): 0.0/0.0/0.0/0.0 | 66.0s
Epoch 33/200 | Train loss: 37.6326 (hm=0.3736, re=7.7357, fe=29.5233) | Val loss: 37.4822 (hm=0.3747, re=7.7346, fe=29.3730) | Val MRE(mm): 98.459 | SDR%(2/2.5/3/4): 0.0/0.0/0.0/0.0 | 65.9s
Epoch 34/200 | Train loss: 37.4174 (hm=0.3737, re=7.7252, fe=29.3186) | Val loss: 37.4068 (hm=0.3748, re=7.7299, fe=29.3021) | Val MRE(mm): 91.875 | SDR%(2/2.5/3/4): 0.0/0.0/0.0/0.0 | 66.0s
Epoch 35/200 | Train loss: 37.2680 (hm=0.3735, re=7.7235, fe=29.1710) | Val loss: 37.1820 (hm=0.3745, re=7.7278, fe=29.0797) | Val MRE(mm): 84.967 | SDR%(2/2.5/3/4): 0.0/0.0/0.1/0.1 | 66.1s
Epoch 36/200 | Train loss: 37.0909 (hm=0.3775, re=7.7176, fe=28.9958) | Val loss: 37.0290 (hm=0.3760, re=7.7261, fe=28.9269) | Val MRE(mm): 79.420 | SDR%(2/2.5/3/4): 0.1/0.2/0.4/0.8 | 66.3s
Epoch 37/200 | Train loss: 36.8729 (hm=0.3762, re=7.7149, fe=28.7819) | Val loss: 36.7650 (hm=0.3757, re=7.7116, fe=28.6777) | Val MRE(mm): 72.160 | SDR%(2/2.5/3/4): 0.6/0.9/1.1/1.4 | 65.8s
Epoch 38/200 | Train loss: 36.6689 (hm=0.3747, re=7.7032, fe=28.5910) | Val loss: 36.5471 (hm=0.3754, re=7.7091, fe=28.4626) | Val MRE(mm): 66.887 | SDR%(2/2.5/3/4): 0.1/0.1/0.1/0.2 | 66.2s
Epoch 39/200 | Train loss: 36.5010 (hm=0.3747, re=7.7016, fe=28.4247) | Val loss: 36.2788 (hm=0.3751, re=7.6999, fe=28.2038) | Val MRE(mm): 60.416 | SDR%(2/2.5/3/4): 0.0/0.0/0.0/0.0 | 66.1s
Epoch 40/200 | Train loss: 36.1829 (hm=0.3741, re=7.6907, fe=28.1181) | Val loss: 35.9609 (hm=0.3749, re=7.6869, fe=27.8991) | Val MRE(mm): 54.351 | SDR%(2/2.5/3/4): 0.1/0.1/0.1/0.2 | 66.1s
Epoch 41/200 | Train loss: 35.8668 (hm=0.3753, re=7.6801, fe=27.8114) | Val loss: 35.7929 (hm=0.3768, re=7.6754, fe=27.7407) | Val MRE(mm): 47.912 | SDR%(2/2.5/3/4): 0.1/0.2/0.2/0.3 | 66.4s
Epoch 42/200 | Train loss: 35.5512 (hm=0.3763, re=7.6735, fe=27.5014) | Val loss: 35.2689 (hm=0.3777, re=7.6685, fe=27.2227) | Val MRE(mm): 41.061 | SDR%(2/2.5/3/4): 0.0/0.0/0.1/0.1 | 66.3s
Epoch 43/200 | Train loss: 35.2021 (hm=0.3762, re=7.6622, fe=27.1638) | Val loss: 34.9346 (hm=0.3773, re=7.6566, fe=26.9007) | Val MRE(mm): 36.179 | SDR%(2/2.5/3/4): 0.1/0.2/0.3/0.6 | 66.2s
Epoch 44/200 | Train loss: 34.8336 (hm=0.3773, re=7.6428, fe=26.8135) | Val loss: 34.7448 (hm=0.3776, re=7.6568, fe=26.7104) | Val MRE(mm): 32.937 | SDR%(2/2.5/3/4): 0.2/0.2/0.3/0.5 | 66.0s
Epoch 45/200 | Train loss: 34.5807 (hm=0.3773, re=7.6411, fe=26.5623) | Val loss: 35.4322 (hm=0.3791, re=7.6352, fe=27.4178) | Val MRE(mm): 47.463 | SDR%(2/2.5/3/4): 0.0/0.0/0.0/0.1 | 66.2s
Epoch 46/200 | Train loss: 34.4595 (hm=0.3797, re=7.6282, fe=26.4516) | Val loss: 34.1419 (hm=0.3780, re=7.6335, fe=26.1305) | Val MRE(mm): 28.195 | SDR%(2/2.5/3/4): 0.1/0.2/0.3/1.0 | 66.4s
Epoch 47/200 | Train loss: 34.0589 (hm=0.3811, re=7.6215, fe=26.0563) | Val loss: 33.8683 (hm=0.3818, re=7.6332, fe=25.8533) | Val MRE(mm): 26.324 | SDR%(2/2.5/3/4): 1.2/1.9/2.6/3.9 | 66.3s
Epoch 48/200 | Train loss: 33.7397 (hm=0.3807, re=7.6015, fe=25.7576) | Val loss: 33.4773 (hm=0.3796, re=7.6011, fe=25.4966) | Val MRE(mm): 25.634 | SDR%(2/2.5/3/4): 0.8/1.2/1.8/3.5 | 66.3s
Epoch 49/200 | Train loss: 33.4285 (hm=0.3809, re=7.5895, fe=25.4581) | Val loss: 33.0769 (hm=0.3802, re=7.5857, fe=25.1110) | Val MRE(mm): 22.331 | SDR%(2/2.5/3/4): 1.0/1.8/2.5/4.0 | 66.4s
Epoch 50/200 | Train loss: 33.0319 (hm=0.3816, re=7.5818, fe=25.0685) | Val loss: 32.8241 (hm=0.3819, re=7.5671, fe=24.8751) | Val MRE(mm): 20.575 | SDR%(2/2.5/3/4): 0.8/1.2/1.9/3.8 | 66.1s
Epoch 51/200 | Train loss: 32.6718 (hm=0.3822, re=7.5663, fe=24.7233) | Val loss: 32.0484 (hm=0.3821, re=7.5546, fe=24.1117) | Val MRE(mm): 17.150 | SDR%(2/2.5/3/4): 1.5/2.4/3.5/6.7 | 66.6s
Epoch 52/200 | Train loss: 32.3143 (hm=0.3831, re=7.5482, fe=24.3830) | Val loss: 31.8950 (hm=0.3871, re=7.5488, fe=23.9591) | Val MRE(mm): 17.899 | SDR%(2/2.5/3/4): 2.1/3.0/4.5/7.9 | 66.2s
Epoch 53/200 | Train loss: 31.8593 (hm=0.3901, re=7.5324, fe=23.9368) | Val loss: 31.4240 (hm=0.3875, re=7.5213, fe=23.5152) | Val MRE(mm): 12.815 | SDR%(2/2.5/3/4): 3.7/6.0/8.0/12.8 | 66.8s
/kaggle/working/DeLR-Cephalometric-ConvNeXtV2/delr/model.py:411: UserWarning: enable_nested_tensor is True, but self.use_nested_tensor is False because encoder_layer.self_attn.batch_first was not True(use batch_first for better inference performance)
  self.reference_encoder = nn.TransformerEncoder(enc_layer_ref, num_layers=num_layers_ref)
seed=42 backbone_amp=True
Restored training state from outputs/isbi3p_seed42/phase1/last.pt: epoch 53 done, best val MRE 12.815, lr 1.936e-04
Epoch 54/200 | Train loss: 31.5496 (hm=0.3864, re=7.5217, fe=23.6415) | Val loss: 30.8359 (hm=0.3851, re=7.5045, fe=22.9463) | Val MRE(mm): 10.824 | SDR%(2/2.5/3/4): 4.5/6.8/9.1/15.5 | 72.2s
Epoch 55/200 | Train loss: 31.1047 (hm=0.3859, re=7.4931, fe=23.2257) | Val loss: 30.7355 (hm=0.3844, re=7.4857, fe=22.8654) | Val MRE(mm): 11.230 | SDR%(2/2.5/3/4): 4.3/6.1/8.5/13.9 | 64.4s
Epoch 56/200 | Train loss: 30.7907 (hm=0.3859, re=7.4768, fe=22.9279) | Val loss: 30.5007 (hm=0.3852, re=7.4710, fe=22.6445) | Val MRE(mm): 12.777 | SDR%(2/2.5/3/4): 5.8/8.4/11.5/18.0 | 65.6s
Epoch 57/200 | Train loss: 30.5321 (hm=0.3856, re=7.4580, fe=22.6885) | Val loss: 29.7274 (hm=0.3846, re=7.4460, fe=21.8968) | Val MRE(mm): 7.983 | SDR%(2/2.5/3/4): 9.9/14.6/20.1/28.4 | 65.6s
Epoch 58/200 | Train loss: 30.0190 (hm=0.3862, re=7.4367, fe=22.1961) | Val loss: 29.1099 (hm=0.3828, re=7.4237, fe=21.3034) | Val MRE(mm): 7.218 | SDR%(2/2.5/3/4): 16.6/22.2/27.8/36.9 | 65.3s
Epoch 59/200 | Train loss: 29.5021 (hm=0.3860, re=7.4172, fe=21.6988) | Val loss: 29.1853 (hm=0.3850, re=7.4017, fe=21.3987) | Val MRE(mm): 9.122 | SDR%(2/2.5/3/4): 15.9/20.5/24.5/32.1 | 65.6s
Epoch 60/200 | Train loss: 29.6018 (hm=0.3895, re=7.3958, fe=21.8164) | Val loss: 28.6398 (hm=0.3831, re=7.3760, fe=20.8806) | Val MRE(mm): 7.139 | SDR%(2/2.5/3/4): 13.6/20.2/25.8/33.8 | 65.4s
Epoch 61/200 | Train loss: 28.8513 (hm=0.3861, re=7.3681, fe=21.0971) | Val loss: 28.2732 (hm=0.3856, re=7.3540, fe=20.5336) | Val MRE(mm): 7.286 | SDR%(2/2.5/3/4): 16.7/23.1/29.5/38.7 | 65.6s
Epoch 62/200 | Train loss: 28.6205 (hm=0.3884, re=7.3413, fe=20.8908) | Val loss: 27.6885 (hm=0.3816, re=7.3297, fe=19.9772) | Val MRE(mm): 5.400 | SDR%(2/2.5/3/4): 22.1/29.5/37.6/50.6 | 65.6s
Epoch 63/200 | Train loss: 27.9574 (hm=0.3848, re=7.3100, fe=20.2626) | Val loss: 27.6202 (hm=0.3858, re=7.3129, fe=19.9215) | Val MRE(mm): 5.415 | SDR%(2/2.5/3/4): 27.6/35.1/42.3/51.7 | 65.7s
Epoch 64/200 | Train loss: 27.7414 (hm=0.3855, re=7.2737, fe=20.0823) | Val loss: 27.5905 (hm=0.3856, re=7.2673, fe=19.9377) | Val MRE(mm): 6.444 | SDR%(2/2.5/3/4): 33.1/39.9/46.2/53.8 | 65.5s
Epoch 65/200 | Train loss: 27.4844 (hm=0.3856, re=7.2434, fe=19.8554) | Val loss: 27.2585 (hm=0.3856, re=7.2312, fe=19.6417) | Val MRE(mm): 5.970 | SDR%(2/2.5/3/4): 29.5/37.8/44.9/54.2 | 65.8s
Epoch 66/200 | Train loss: 27.1229 (hm=0.3839, re=7.2113, fe=19.5277) | Val loss: 26.3635 (hm=0.3836, re=7.1923, fe=18.7875) | Val MRE(mm): 4.284 | SDR%(2/2.5/3/4): 36.9/45.6/53.5/64.5 | 65.6s
Epoch 67/200 | Train loss: 26.5554 (hm=0.3828, re=7.1662, fe=19.0063) | Val loss: 25.8564 (hm=0.3842, re=7.1435, fe=18.3287) | Val MRE(mm): 4.153 | SDR%(2/2.5/3/4): 30.9/39.7/48.6/62.5 | 65.4s
Epoch 68/200 | Train loss: 26.2215 (hm=0.3840, re=7.1160, fe=18.7216) | Val loss: 25.1797 (hm=0.3808, re=7.0973, fe=17.7017) | Val MRE(mm): 3.082 | SDR%(2/2.5/3/4): 43.8/54.7/62.8/74.6 | 65.6s
Epoch 69/200 | Train loss: 25.8780 (hm=0.3820, re=7.0730, fe=18.4229) | Val loss: 25.6483 (hm=0.3830, re=7.0497, fe=18.2156) | Val MRE(mm): 4.414 | SDR%(2/2.5/3/4): 31.5/40.7/48.8/62.7 | 65.4s
Epoch 70/200 | Train loss: 25.8772 (hm=0.3856, re=7.0234, fe=18.4681) | Val loss: 25.8248 (hm=0.3848, re=7.0094, fe=18.4306) | Val MRE(mm): 3.963 | SDR%(2/2.5/3/4): 32.1/46.3/56.8/70.9 | 65.4s
Epoch 71/200 | Train loss: 25.0831 (hm=0.3859, re=6.9738, fe=17.7235) | Val loss: 23.8841 (hm=0.3852, re=6.9491, fe=16.5498) | Val MRE(mm): 2.228 | SDR%(2/2.5/3/4): 56.0/68.2/78.1/89.5 | 65.7s
Epoch 72/200 | Train loss: 24.9592 (hm=0.3860, re=6.9300, fe=17.6432) | Val loss: 25.1211 (hm=0.3878, re=6.9075, fe=17.8258) | Val MRE(mm): 3.882 | SDR%(2/2.5/3/4): 47.7/59.4/69.0/80.9 | 65.6s
Epoch 73/200 | Train loss: 24.4845 (hm=0.3861, re=6.8639, fe=17.2345) | Val loss: 24.7336 (hm=0.3865, re=6.8292, fe=17.5179) | Val MRE(mm): 3.403 | SDR%(2/2.5/3/4): 51.3/62.0/70.2/79.6 | 65.5s
Epoch 74/200 | Train loss: 24.9615 (hm=0.3878, re=6.8216, fe=17.7521) | Val loss: 23.4356 (hm=0.3863, re=6.7857, fe=16.2636) | Val MRE(mm): 1.990 | SDR%(2/2.5/3/4): 61.2/74.8/83.5/92.8 | 65.2s
Epoch 75/200 | Train loss: 23.8125 (hm=0.3863, re=6.7894, fe=16.6368) | Val loss: 23.4719 (hm=0.3848, re=6.7369, fe=16.3502) | Val MRE(mm): 2.645 | SDR%(2/2.5/3/4): 53.6/64.8/72.7/83.9 | 65.4s
Epoch 76/200 | Train loss: 23.6585 (hm=0.3858, re=6.7394, fe=16.5334) | Val loss: 23.3237 (hm=0.3856, re=6.6952, fe=16.2428) | Val MRE(mm): 2.238 | SDR%(2/2.5/3/4): 61.2/72.3/79.6/88.2 | 65.6s
Epoch 77/200 | Train loss: 23.4209 (hm=0.3853, re=6.6976, fe=16.3380) | Val loss: 23.3870 (hm=0.3863, re=6.6617, fe=16.3390) | Val MRE(mm): 2.607 | SDR%(2/2.5/3/4): 55.6/65.6/72.7/83.5 | 65.5s
Epoch 78/200 | Train loss: 23.5291 (hm=0.3855, re=6.6613, fe=16.4823) | Val loss: 22.2073 (hm=0.3830, re=6.6157, fe=15.2086) | Val MRE(mm): 1.832 | SDR%(2/2.5/3/4): 69.9/79.8/85.8/93.1 | 65.7s
Epoch 79/200 | Train loss: 23.0890 (hm=0.3846, re=6.6186, fe=16.0859) | Val loss: 22.6779 (hm=0.3872, re=6.5591, fe=15.7316) | Val MRE(mm): 2.466 | SDR%(2/2.5/3/4): 59.1/70.5/78.0/87.5 | 65.5s
Epoch 80/200 | Train loss: 23.2605 (hm=0.3858, re=6.5575, fe=16.3171) | Val loss: 22.3267 (hm=0.3853, re=6.5059, fe=15.4355) | Val MRE(mm): 2.161 | SDR%(2/2.5/3/4): 60.4/70.6/78.7/88.3 | 68.3s
Epoch 81/200 | Train loss: 22.3919 (hm=0.3846, re=6.5177, fe=15.4896) | Val loss: 21.9844 (hm=0.3847, re=6.4514, fe=15.1483) | Val MRE(mm): 2.323 | SDR%(2/2.5/3/4): 58.2/69.1/77.4/88.4 | 65.4s
Epoch 82/200 | Train loss: 22.4981 (hm=0.3838, re=6.4467, fe=15.6676) | Val loss: 21.3010 (hm=0.3860, re=6.4159, fe=14.4992) | Val MRE(mm): 1.796 | SDR%(2/2.5/3/4): 68.0/79.5/87.8/94.5 | 65.6s
Epoch 83/200 | Train loss: 22.0497 (hm=0.3847, re=6.4167, fe=15.2483) | Val loss: 21.6575 (hm=0.3840, re=6.3693, fe=14.9041) | Val MRE(mm): 1.844 | SDR%(2/2.5/3/4): 70.1/79.9/87.4/93.8 | 65.3s
Epoch 84/200 | Train loss: 22.2431 (hm=0.3837, re=6.3765, fe=15.4830) | Val loss: 21.8419 (hm=0.3846, re=6.3062, fe=15.1512) | Val MRE(mm): 2.231 | SDR%(2/2.5/3/4): 60.6/71.3/79.1/89.1 | 65.7s
Epoch 85/200 | Train loss: 22.2595 (hm=0.3845, re=6.3381, fe=15.5370) | Val loss: 21.2533 (hm=0.3837, re=6.2461, fe=14.6236) | Val MRE(mm): 1.791 | SDR%(2/2.5/3/4): 70.7/80.3/87.4/94.2 | 65.5s
Epoch 86/200 | Train loss: 22.0136 (hm=0.3839, re=6.2887, fe=15.3410) | Val loss: 20.6063 (hm=0.3843, re=6.1943, fe=14.0276) | Val MRE(mm): 1.686 | SDR%(2/2.5/3/4): 72.2/82.2/88.8/95.2 | 65.7s
Epoch 87/200 | Train loss: 21.3917 (hm=0.3839, re=6.2349, fe=14.7730) | Val loss: 21.2065 (hm=0.3826, re=6.1486, fe=14.6753) | Val MRE(mm): 2.062 | SDR%(2/2.5/3/4): 58.6/71.9/80.9/91.8 | 65.7s
Epoch 88/200 | Train loss: 21.5626 (hm=0.3838, re=6.1780, fe=15.0009) | Val loss: 22.9871 (hm=0.3848, re=6.1314, fe=16.4709) | Val MRE(mm): 3.139 | SDR%(2/2.5/3/4): 56.2/66.2/73.5/83.3 | 65.6s
Epoch 89/200 | Train loss: 21.0699 (hm=0.3837, re=6.1001, fe=14.5861) | Val loss: 20.5539 (hm=0.3837, re=6.0184, fe=14.1518) | Val MRE(mm): 1.851 | SDR%(2/2.5/3/4): 69.9/80.8/87.4/94.8 | 65.4s
Epoch 90/200 | Train loss: 21.6632 (hm=0.3862, re=6.0892, fe=15.1878) | Val loss: 20.7124 (hm=0.3888, re=5.9630, fe=14.3606) | Val MRE(mm): 2.019 | SDR%(2/2.5/3/4): 65.5/76.3/83.5/91.5 | 65.6s
Epoch 91/200 | Train loss: 22.2661 (hm=0.3863, re=6.0059, fe=15.8740) | Val loss: 20.9678 (hm=0.3859, re=5.9613, fe=14.6206) | Val MRE(mm): 2.412 | SDR%(2/2.5/3/4): 68.0/78.6/85.2/91.9 | 65.5s
Epoch 92/200 | Train loss: 21.7602 (hm=0.3886, re=5.9723, fe=15.3994) | Val loss: 20.5283 (hm=0.3871, re=5.8801, fe=14.2611) | Val MRE(mm): 1.911 | SDR%(2/2.5/3/4): 72.1/80.5/86.6/93.4 | 65.5s
Epoch 93/200 | Train loss: 22.5230 (hm=0.3891, re=5.9126, fe=16.2212) | Val loss: 22.1360 (hm=0.3873, re=5.8219, fe=15.9268) | Val MRE(mm): 4.250 | SDR%(2/2.5/3/4): 64.9/73.7/78.9/85.3 | 65.6s
Epoch 94/200 | Train loss: 21.4533 (hm=0.3886, re=5.8562, fe=15.2084) | Val loss: 20.8138 (hm=0.3870, re=5.8380, fe=14.5888) | Val MRE(mm): 2.051 | SDR%(2/2.5/3/4): 68.0/79.5/86.5/94.1 | 65.3s
Epoch 95/200 | Train loss: 21.6780 (hm=0.3927, re=5.8394, fe=15.4460) | Val loss: 20.6989 (hm=0.3865, re=5.7400, fe=14.5724) | Val MRE(mm): 2.151 | SDR%(2/2.5/3/4): 64.2/75.3/82.5/91.2 | 65.3s
Epoch 96/200 | Train loss: 22.3399 (hm=0.3936, re=5.8821, fe=16.0642) | Val loss: 19.7237 (hm=0.3899, re=5.7415, fe=13.5922) | Val MRE(mm): 1.695 | SDR%(2/2.5/3/4): 73.6/83.3/89.0/95.6 | 65.3s
Epoch 97/200 | Train loss: 21.3760 (hm=0.3894, re=5.8391, fe=15.1475) | Val loss: 20.1252 (hm=0.3892, re=5.7168, fe=14.0192) | Val MRE(mm): 2.077 | SDR%(2/2.5/3/4): 65.9/77.3/83.1/90.9 | 65.3s
Epoch 98/200 | Train loss: 21.8432 (hm=0.3977, re=5.8165, fe=15.6291) | Val loss: 20.0569 (hm=0.3897, re=5.6736, fe=13.9935) | Val MRE(mm): 1.932 | SDR%(2/2.5/3/4): 67.1/77.6/84.9/92.6 | 65.2s
Epoch 99/200 | Train loss: 21.7909 (hm=0.3914, re=5.8172, fe=15.5823) | Val loss: 20.1451 (hm=0.3890, re=5.6709, fe=14.0851) | Val MRE(mm): 2.053 | SDR%(2/2.5/3/4): 68.2/78.5/85.5/92.2 | 65.4s
Epoch 100/200 | Train loss: 21.1485 (hm=0.3888, re=5.7920, fe=14.9677) | Val loss: 19.5940 (hm=0.3868, re=5.6027, fe=13.6045) | Val MRE(mm): 1.745 | SDR%(2/2.5/3/4): 74.1/83.9/89.2/95.1 | 65.4s
Epoch 101/200 | Train loss: 20.9462 (hm=0.3870, re=5.7333, fe=14.8259) | Val loss: 21.2090 (hm=0.3905, re=5.6952, fe=15.1233) | Val MRE(mm): 2.953 | SDR%(2/2.5/3/4): 63.3/73.3/80.1/87.9 | 65.6s
Epoch 102/200 | Train loss: 20.7054 (hm=0.3893, re=5.7198, fe=14.5962) | Val loss: 19.9297 (hm=0.3832, re=5.5900, fe=13.9565) | Val MRE(mm): 1.889 | SDR%(2/2.5/3/4): 70.6/79.9/86.4/92.5 | 65.5s
Epoch 103/200 | Train loss: 20.5517 (hm=0.3838, re=5.7091, fe=14.4587) | Val loss: 21.2474 (hm=0.3830, re=5.5944, fe=15.2700) | Val MRE(mm): 2.754 | SDR%(2/2.5/3/4): 67.9/77.3/83.3/89.8 | 65.6s
Epoch 104/200 | Train loss: 20.1631 (hm=0.3848, re=5.6620, fe=14.1164) | Val loss: 21.1359 (hm=0.3849, re=5.6837, fe=15.0673) | Val MRE(mm): 2.595 | SDR%(2/2.5/3/4): 68.3/76.4/82.0/87.6 | 65.4s
Epoch 105/200 | Train loss: 20.0046 (hm=0.3853, re=5.6044, fe=14.0149) | Val loss: 19.3067 (hm=0.3872, re=5.4430, fe=13.4765) | Val MRE(mm): 2.036 | SDR%(2/2.5/3/4): 73.2/82.1/87.9/94.6 | 65.8s
Epoch 106/200 | Train loss: 20.7139 (hm=0.3867, re=5.5911, fe=14.7361) | Val loss: 22.1287 (hm=0.3850, re=5.4861, fe=16.2576) | Val MRE(mm): 3.929 | SDR%(2/2.5/3/4): 58.7/67.5/73.3/81.4 | 65.6s
Epoch 107/200 | Train loss: 20.9188 (hm=0.3854, re=5.5945, fe=14.9389) | Val loss: 20.3012 (hm=0.3877, re=5.4318, fe=14.4817) | Val MRE(mm): 2.877 | SDR%(2/2.5/3/4): 59.2/69.5/77.1/87.5 | 65.7s
Epoch 108/200 | Train loss: 20.3960 (hm=0.3890, re=5.5490, fe=14.4580) | Val loss: 19.4384 (hm=0.3877, re=5.4361, fe=13.6146) | Val MRE(mm): 1.798 | SDR%(2/2.5/3/4): 72.2/81.7/88.2/93.8 | 66.6s
Epoch 109/200 | Train loss: 19.4590 (hm=0.3873, re=5.4828, fe=13.5889) | Val loss: 19.0532 (hm=0.3869, re=5.2866, fe=13.3797) | Val MRE(mm): 1.661 | SDR%(2/2.5/3/4): 72.0/83.8/89.6/95.4 | 65.3s
Epoch 110/200 | Train loss: 19.3934 (hm=0.3845, re=5.4187, fe=13.5902) | Val loss: 19.0119 (hm=0.3876, re=5.2974, fe=13.3269) | Val MRE(mm): 1.662 | SDR%(2/2.5/3/4): 72.0/81.2/87.5/95.1 | 65.4s
Epoch 111/200 | Train loss: 19.4058 (hm=0.3868, re=5.4468, fe=13.5721) | Val loss: 19.2471 (hm=0.3896, re=5.2642, fe=13.5933) | Val MRE(mm): 1.642 | SDR%(2/2.5/3/4): 75.3/84.0/89.6/95.9 | 65.3s
Epoch 112/200 | Train loss: 20.0106 (hm=0.3847, re=5.3886, fe=14.2374) | Val loss: 18.6919 (hm=0.3843, re=5.1751, fe=13.1325) | Val MRE(mm): 1.609 | SDR%(2/2.5/3/4): 72.4/83.1/89.8/96.4 | 65.3s
Epoch 113/200 | Train loss: 18.8716 (hm=0.3861, re=5.3945, fe=13.0909) | Val loss: 18.4954 (hm=0.3868, re=5.1831, fe=12.9255) | Val MRE(mm): 1.472 | SDR%(2/2.5/3/4): 78.0/87.1/91.9/96.6 | 65.4s
Epoch 114/200 | Train loss: 18.9763 (hm=0.3845, re=5.3822, fe=13.2096) | Val loss: 19.2588 (hm=0.3824, re=5.3629, fe=13.5135) | Val MRE(mm): 1.583 | SDR%(2/2.5/3/4): 77.6/85.0/90.6/95.9 | 65.5s
Epoch 115/200 | Train loss: 18.7618 (hm=0.3824, re=5.3229, fe=13.0564) | Val loss: 18.5237 (hm=0.3848, re=5.2430, fe=12.8959) | Val MRE(mm): 1.477 | SDR%(2/2.5/3/4): 77.9/87.2/92.6/97.2 | 65.4s
Epoch 116/200 | Train loss: 18.4836 (hm=0.3836, re=5.2553, fe=12.8446) | Val loss: 19.2178 (hm=0.3847, re=5.2501, fe=13.5830) | Val MRE(mm): 2.059 | SDR%(2/2.5/3/4): 72.8/80.9/86.7/92.3 | 65.6s
Epoch 117/200 | Train loss: 19.0665 (hm=0.3828, re=5.4404, fe=13.2433) | Val loss: 18.6316 (hm=0.3829, re=5.2556, fe=12.9931) | Val MRE(mm): 1.457 | SDR%(2/2.5/3/4): 78.0/85.7/91.5/97.0 | 65.5s
Epoch 118/200 | Train loss: 18.7925 (hm=0.3813, re=5.3719, fe=13.0393) | Val loss: 18.1474 (hm=0.3835, re=5.1290, fe=12.6349) | Val MRE(mm): 1.400 | SDR%(2/2.5/3/4): 81.3/88.5/93.1/97.4 | 65.6s
Epoch 119/200 | Train loss: 18.5219 (hm=0.3844, re=5.2353, fe=12.9023) | Val loss: 18.2577 (hm=0.3830, re=5.0564, fe=12.8183) | Val MRE(mm): 1.463 | SDR%(2/2.5/3/4): 79.1/87.1/92.0/96.8 | 65.6s
Epoch 120/200 | Train loss: 18.1383 (hm=0.3827, re=5.2269, fe=12.5287) | Val loss: 19.0583 (hm=0.3821, re=5.0503, fe=13.6259) | Val MRE(mm): 1.843 | SDR%(2/2.5/3/4): 74.6/82.6/88.1/94.1 | 65.4s
Epoch 121/200 | Train loss: 18.1435 (hm=0.3830, re=5.1515, fe=12.6090) | Val loss: 18.5871 (hm=0.3823, re=4.9543, fe=13.2505) | Val MRE(mm): 1.570 | SDR%(2/2.5/3/4): 77.9/85.8/90.8/95.7 | 65.2s
Epoch 122/200 | Train loss: 18.0741 (hm=0.3822, re=5.1954, fe=12.4965) | Val loss: 18.7005 (hm=0.3827, re=5.0296, fe=13.2882) | Val MRE(mm): 1.732 | SDR%(2/2.5/3/4): 76.4/84.1/89.2/93.9 | 65.5s
Epoch 123/200 | Train loss: 17.6541 (hm=0.3813, re=5.1536, fe=12.1192) | Val loss: 18.2067 (hm=0.3830, re=4.9806, fe=12.8431) | Val MRE(mm): 1.458 | SDR%(2/2.5/3/4): 78.6/86.5/90.9/97.0 | 65.7s
Epoch 124/200 | Train loss: 17.6178 (hm=0.3804, re=5.1023, fe=12.1351) | Val loss: 17.5433 (hm=0.3803, re=4.8385, fe=12.3245) | Val MRE(mm): 1.341 | SDR%(2/2.5/3/4): 81.7/88.9/93.3/97.5 | 65.5s
Epoch 125/200 | Train loss: 17.3680 (hm=0.3819, re=5.0864, fe=11.8997) | Val loss: 17.7213 (hm=0.3810, re=4.9143, fe=12.4261) | Val MRE(mm): 1.398 | SDR%(2/2.5/3/4): 80.0/87.5/92.3/97.1 | 65.4s
Epoch 126/200 | Train loss: 17.2444 (hm=0.3802, re=5.1106, fe=11.7536) | Val loss: 18.4761 (hm=0.3806, re=5.1207, fe=12.9749) | Val MRE(mm): 1.591 | SDR%(2/2.5/3/4): 75.6/83.5/89.6/95.3 | 65.4s
Epoch 127/200 | Train loss: 17.3272 (hm=0.3802, re=5.1088, fe=11.8381) | Val loss: 18.0218 (hm=0.3809, re=4.9641, fe=12.6768) | Val MRE(mm): 1.354 | SDR%(2/2.5/3/4): 81.4/90.1/93.7/97.6 | 65.3s
Epoch 128/200 | Train loss: 16.9427 (hm=0.3795, re=5.0205, fe=11.5427) | Val loss: 17.5712 (hm=0.3799, re=4.8270, fe=12.3643) | Val MRE(mm): 1.320 | SDR%(2/2.5/3/4): 83.1/89.5/93.4/97.4 | 65.6s
Epoch 129/200 | Train loss: 16.9118 (hm=0.3804, re=5.0217, fe=11.5097) | Val loss: 17.5484 (hm=0.3801, re=4.7443, fe=12.4240) | Val MRE(mm): 1.303 | SDR%(2/2.5/3/4): 83.0/90.4/94.0/97.5 | 65.4s
Epoch 130/200 | Train loss: 16.7042 (hm=0.3789, re=5.0006, fe=11.3246) | Val loss: 17.5255 (hm=0.3803, re=4.6969, fe=12.4483) | Val MRE(mm): 1.367 | SDR%(2/2.5/3/4): 80.7/87.4/92.6/97.5 | 65.5s
Epoch 131/200 | Train loss: 16.5086 (hm=0.3795, re=4.9430, fe=11.1861) | Val loss: 17.4962 (hm=0.3803, re=4.7096, fe=12.4063) | Val MRE(mm): 1.340 | SDR%(2/2.5/3/4): 81.5/89.1/93.2/97.3 | 65.2s
Epoch 132/200 | Train loss: 16.4442 (hm=0.3790, re=4.9362, fe=11.1289) | Val loss: 18.0308 (hm=0.3805, re=5.0171, fe=12.6332) | Val MRE(mm): 1.333 | SDR%(2/2.5/3/4): 82.4/89.6/93.4/97.3 | 65.5s
Epoch 133/200 | Train loss: 16.4336 (hm=0.3790, re=4.9547, fe=11.1000) | Val loss: 17.8928 (hm=0.3801, re=4.7922, fe=12.7205) | Val MRE(mm): 1.327 | SDR%(2/2.5/3/4): 82.1/89.0/93.1/97.0 | 65.4s
Epoch 134/200 | Train loss: 16.0755 (hm=0.3785, re=4.8732, fe=10.8239) | Val loss: 18.0048 (hm=0.3791, re=4.6662, fe=12.9595) | Val MRE(mm): 1.343 | SDR%(2/2.5/3/4): 81.8/89.0/93.4/97.4 | 65.4s
Epoch 135/200 | Train loss: 16.5614 (hm=0.3781, re=4.9095, fe=11.2739) | Val loss: 17.0541 (hm=0.3794, re=4.6705, fe=12.0042) | Val MRE(mm): 1.298 | SDR%(2/2.5/3/4): 84.3/90.4/94.5/97.4 | 66.6s
Epoch 136/200 | Train loss: 15.9134 (hm=0.3785, re=4.8282, fe=10.7068) | Val loss: 17.6141 (hm=0.3790, re=4.7214, fe=12.5138) | Val MRE(mm): 1.274 | SDR%(2/2.5/3/4): 84.4/90.4/94.1/97.4 | 65.8s
Epoch 137/200 | Train loss: 15.7143 (hm=0.3779, re=4.8024, fe=10.5340) | Val loss: 18.0272 (hm=0.3793, re=4.7041, fe=12.9438) | Val MRE(mm): 1.470 | SDR%(2/2.5/3/4): 77.6/85.9/91.1/96.4 | 65.5s
Epoch 138/200 | Train loss: 15.7696 (hm=0.3795, re=4.8294, fe=10.5607) | Val loss: 17.6166 (hm=0.3819, re=4.6508, fe=12.5840) | Val MRE(mm): 1.287 | SDR%(2/2.5/3/4): 83.9/90.2/94.0/97.4 | 65.4s
Epoch 139/200 | Train loss: 15.9335 (hm=0.3795, re=4.8208, fe=10.7332) | Val loss: 17.7518 (hm=0.3791, re=4.6186, fe=12.7541) | Val MRE(mm): 1.333 | SDR%(2/2.5/3/4): 81.1/88.7/93.3/97.3 | 65.6s
Epoch 140/200 | Train loss: 15.5096 (hm=0.3775, re=4.7615, fe=10.3706) | Val loss: 17.4151 (hm=0.3787, re=4.6150, fe=12.4214) | Val MRE(mm): 1.252 | SDR%(2/2.5/3/4): 83.4/90.2/94.1/97.5 | 65.3s
Epoch 141/200 | Train loss: 15.5100 (hm=0.3783, re=4.7610, fe=10.3707) | Val loss: 17.7100 (hm=0.3786, re=4.5472, fe=12.7842) | Val MRE(mm): 1.281 | SDR%(2/2.5/3/4): 82.9/90.0/93.7/97.4 | 65.6s
Epoch 142/200 | Train loss: 15.2174 (hm=0.3779, re=4.7214, fe=10.1181) | Val loss: 17.7388 (hm=0.3792, re=4.6582, fe=12.7013) | Val MRE(mm): 1.272 | SDR%(2/2.5/3/4): 83.6/90.2/94.2/97.7 | 65.4s
Epoch 143/200 | Train loss: 15.3814 (hm=0.3779, re=4.7703, fe=10.2331) | Val loss: 17.7855 (hm=0.3784, re=4.5913, fe=12.8158) | Val MRE(mm): 1.306 | SDR%(2/2.5/3/4): 82.6/89.1/93.3/96.9 | 65.3s
Epoch 144/200 | Train loss: 15.0616 (hm=0.3772, re=4.7462, fe=9.9381) | Val loss: 17.6905 (hm=0.3788, re=4.7039, fe=12.6078) | Val MRE(mm): 1.252 | SDR%(2/2.5/3/4): 84.5/90.6/94.5/97.9 | 65.6s
Epoch 145/200 | Train loss: 15.0109 (hm=0.3773, re=4.7463, fe=9.8872) | Val loss: 17.5416 (hm=0.3781, re=4.6251, fe=12.5384) | Val MRE(mm): 1.220 | SDR%(2/2.5/3/4): 85.3/91.1/94.4/97.8 | 65.5s
Epoch 146/200 | Train loss: 14.8997 (hm=0.3770, re=4.6630, fe=9.8597) | Val loss: 17.7622 (hm=0.3784, re=4.6470, fe=12.7368) | Val MRE(mm): 1.241 | SDR%(2/2.5/3/4): 84.9/90.8/94.4/97.8 | 65.5s
Epoch 147/200 | Train loss: 14.9041 (hm=0.3775, re=4.6975, fe=9.8291) | Val loss: 18.0554 (hm=0.3791, re=4.5927, fe=13.0836) | Val MRE(mm): 1.346 | SDR%(2/2.5/3/4): 82.2/88.9/93.1/96.8 | 65.3s
Epoch 148/200 | Train loss: 14.5710 (hm=0.3780, re=4.6103, fe=9.5827) | Val loss: 18.0454 (hm=0.3786, re=4.6242, fe=13.0426) | Val MRE(mm): 1.226 | SDR%(2/2.5/3/4): 85.5/91.1/94.8/97.8 | 65.5s
Epoch 149/200 | Train loss: 14.7318 (hm=0.3772, re=4.6315, fe=9.7231) | Val loss: 17.4403 (hm=0.3778, re=4.4344, fe=12.6281) | Val MRE(mm): 1.263 | SDR%(2/2.5/3/4): 83.4/90.5/94.6/97.5 | 65.6s
Epoch 150/200 | Train loss: 14.5438 (hm=0.3764, re=4.6804, fe=9.4870) | Val loss: 17.6241 (hm=0.3775, re=4.4680, fe=12.7787) | Val MRE(mm): 1.262 | SDR%(2/2.5/3/4): 84.0/90.0/94.1/97.6 | 65.2s
Epoch 151/200 | Train loss: 14.5012 (hm=0.3766, re=4.6451, fe=9.4795) | Val loss: 17.7415 (hm=0.3777, re=4.5252, fe=12.8386) | Val MRE(mm): 1.256 | SDR%(2/2.5/3/4): 84.0/90.2/94.1/97.6 | 65.5s
Epoch 152/200 | Train loss: 14.4620 (hm=0.3766, re=4.6195, fe=9.4660) | Val loss: 17.8988 (hm=0.3777, re=4.5767, fe=12.9445) | Val MRE(mm): 1.224 | SDR%(2/2.5/3/4): 84.8/91.3/94.8/97.9 | 65.6s
Epoch 153/200 | Train loss: 14.3764 (hm=0.3765, re=4.6037, fe=9.3963) | Val loss: 17.8169 (hm=0.3779, re=4.4946, fe=12.9443) | Val MRE(mm): 1.251 | SDR%(2/2.5/3/4): 84.3/90.4/94.4/97.7 | 65.4s
Epoch 154/200 | Train loss: 14.2728 (hm=0.3767, re=4.6055, fe=9.2906) | Val loss: 18.7106 (hm=0.3778, re=4.8065, fe=13.5263) | Val MRE(mm): 1.335 | SDR%(2/2.5/3/4): 81.8/88.6/93.2/96.6 | 65.6s
Epoch 155/200 | Train loss: 14.0843 (hm=0.3763, re=4.5537, fe=9.1543) | Val loss: 18.1918 (hm=0.3780, re=4.4476, fe=13.3661) | Val MRE(mm): 1.236 | SDR%(2/2.5/3/4): 84.2/90.8/94.6/97.8 | 65.7s
Epoch 156/200 | Train loss: 13.8675 (hm=0.3768, re=4.5245, fe=8.9662) | Val loss: 18.0333 (hm=0.3776, re=4.4090, fe=13.2468) | Val MRE(mm): 1.236 | SDR%(2/2.5/3/4): 84.6/90.4/94.6/97.8 | 65.4s
Epoch 157/200 | Train loss: 13.8357 (hm=0.3766, re=4.5214, fe=8.9377) | Val loss: 18.2464 (hm=0.3777, re=4.4513, fe=13.4175) | Val MRE(mm): 1.244 | SDR%(2/2.5/3/4): 83.9/90.2/94.0/97.6 | 65.7s
Epoch 158/200 | Train loss: 13.7598 (hm=0.3765, re=4.5249, fe=8.8584) | Val loss: 17.9214 (hm=0.3779, re=4.4001, fe=13.1433) | Val MRE(mm): 1.192 | SDR%(2/2.5/3/4): 85.5/92.0/95.2/98.1 | 65.8s
Epoch 159/200 | Train loss: 13.9296 (hm=0.3762, re=4.5118, fe=9.0416) | Val loss: 17.8776 (hm=0.3777, re=4.5045, fe=12.9955) | Val MRE(mm): 1.219 | SDR%(2/2.5/3/4): 85.3/91.1/94.7/97.8 | 65.5s
Epoch 160/200 | Train loss: 13.8858 (hm=0.3765, re=4.4909, fe=9.0183) | Val loss: 17.6450 (hm=0.3778, re=4.3606, fe=12.9066) | Val MRE(mm): 1.230 | SDR%(2/2.5/3/4): 84.9/91.5/94.9/97.9 | 65.6s
Epoch 161/200 | Train loss: 13.7972 (hm=0.3766, re=4.5110, fe=8.9095) | Val loss: 18.3224 (hm=0.3779, re=4.4444, fe=13.5001) | Val MRE(mm): 1.233 | SDR%(2/2.5/3/4): 84.4/90.3/94.6/97.7 | 65.5s
Epoch 162/200 | Train loss: 13.6603 (hm=0.3771, re=4.4604, fe=8.8228) | Val loss: 17.8229 (hm=0.3779, re=4.3071, fe=13.1379) | Val MRE(mm): 1.218 | SDR%(2/2.5/3/4): 84.9/91.2/94.8/97.9 | 67.6s
Epoch 163/200 | Train loss: 13.3240 (hm=0.3767, re=4.4415, fe=8.5058) | Val loss: 18.5578 (hm=0.3778, re=4.5017, fe=13.6783) | Val MRE(mm): 1.202 | SDR%(2/2.5/3/4): 85.4/91.1/95.1/97.8 | 65.9s
Epoch 164/200 | Train loss: 13.3776 (hm=0.3759, re=4.4628, fe=8.5389) | Val loss: 18.5148 (hm=0.3775, re=4.3211, fe=13.8162) | Val MRE(mm): 1.214 | SDR%(2/2.5/3/4): 85.1/91.2/95.0/97.8 | 65.5s
Epoch 165/200 | Train loss: 13.2159 (hm=0.3762, re=4.4443, fe=8.3953) | Val loss: 18.5467 (hm=0.3774, re=4.4297, fe=13.7396) | Val MRE(mm): 1.213 | SDR%(2/2.5/3/4): 85.5/91.1/94.9/97.9 | 65.5s
Epoch 166/200 | Train loss: 13.1437 (hm=0.3761, re=4.3978, fe=8.3698) | Val loss: 18.3754 (hm=0.3775, re=4.3240, fe=13.6739) | Val MRE(mm): 1.185 | SDR%(2/2.5/3/4): 85.9/91.7/95.2/97.8 | 65.4s
Epoch 167/200 | Train loss: 13.0887 (hm=0.3758, re=4.4178, fe=8.2951) | Val loss: 18.8419 (hm=0.3772, re=4.3137, fe=14.1510) | Val MRE(mm): 1.212 | SDR%(2/2.5/3/4): 84.9/91.3/94.9/97.9 | 65.3s
Epoch 168/200 | Train loss: 13.2263 (hm=0.3762, re=4.4625, fe=8.3876) | Val loss: 18.8105 (hm=0.3773, re=4.4000, fe=14.0333) | Val MRE(mm): 1.211 | SDR%(2/2.5/3/4): 85.3/91.1/94.7/97.9 | 65.5s
Epoch 169/200 | Train loss: 13.0480 (hm=0.3761, re=4.3814, fe=8.2905) | Val loss: 18.5981 (hm=0.3772, re=4.2897, fe=13.9312) | Val MRE(mm): 1.208 | SDR%(2/2.5/3/4): 85.1/91.3/95.2/97.9 | 65.4s
Epoch 170/200 | Train loss: 13.0202 (hm=0.3761, re=4.4159, fe=8.2282) | Val loss: 18.8520 (hm=0.3773, re=4.3024, fe=14.1723) | Val MRE(mm): 1.208 | SDR%(2/2.5/3/4): 85.4/91.0/94.9/97.8 | 65.3s
Epoch 171/200 | Train loss: 12.7425 (hm=0.3760, re=4.3642, fe=8.0023) | Val loss: 19.0006 (hm=0.3771, re=4.2804, fe=14.3430) | Val MRE(mm): 1.198 | SDR%(2/2.5/3/4): 85.6/91.3/95.0/97.9 | 65.2s
Epoch 172/200 | Train loss: 12.8323 (hm=0.3759, re=4.3350, fe=8.1214) | Val loss: 18.7847 (hm=0.3770, re=4.2498, fe=14.1579) | Val MRE(mm): 1.220 | SDR%(2/2.5/3/4): 85.1/91.2/94.9/97.8 | 65.5s
Epoch 173/200 | Train loss: 12.9008 (hm=0.3756, re=4.3562, fe=8.1690) | Val loss: 18.9622 (hm=0.3769, re=4.3358, fe=14.2495) | Val MRE(mm): 1.212 | SDR%(2/2.5/3/4): 85.4/91.2/94.8/97.9 | 65.4s
Epoch 174/200 | Train loss: 12.7063 (hm=0.3753, re=4.3456, fe=7.9855) | Val loss: 19.2003 (hm=0.3769, re=4.3856, fe=14.4377) | Val MRE(mm): 1.186 | SDR%(2/2.5/3/4): 85.4/91.2/95.1/98.0 | 65.5s
Epoch 175/200 | Train loss: 12.6499 (hm=0.3760, re=4.3423, fe=7.9316) | Val loss: 19.0079 (hm=0.3770, re=4.2871, fe=14.3439) | Val MRE(mm): 1.200 | SDR%(2/2.5/3/4): 85.3/91.3/94.9/97.9 | 65.5s
Epoch 176/200 | Train loss: 12.7982 (hm=0.3760, re=4.3447, fe=8.0775) | Val loss: 18.8754 (hm=0.3770, re=4.3831, fe=14.1154) | Val MRE(mm): 1.190 | SDR%(2/2.5/3/4): 85.7/91.2/95.0/97.8 | 65.4s
Epoch 177/200 | Train loss: 12.5864 (hm=0.3754, re=4.3356, fe=7.8753) | Val loss: 19.2301 (hm=0.3769, re=4.3145, fe=14.5387) | Val MRE(mm): 1.205 | SDR%(2/2.5/3/4): 85.5/91.2/94.8/98.0 | 65.6s
Epoch 178/200 | Train loss: 12.5586 (hm=0.3757, re=4.3112, fe=7.8717) | Val loss: 19.1188 (hm=0.3769, re=4.2593, fe=14.4827) | Val MRE(mm): 1.194 | SDR%(2/2.5/3/4): 85.5/91.4/95.2/97.9 | 65.4s
Epoch 179/200 | Train loss: 12.8762 (hm=0.3754, re=4.3510, fe=8.1499) | Val loss: 19.1149 (hm=0.3768, re=4.2278, fe=14.5104) | Val MRE(mm): 1.173 | SDR%(2/2.5/3/4): 86.0/91.9/95.0/98.0 | 65.3s
Epoch 180/200 | Train loss: 12.5478 (hm=0.3758, re=4.3186, fe=7.8534) | Val loss: 19.0264 (hm=0.3769, re=4.2784, fe=14.3711) | Val MRE(mm): 1.179 | SDR%(2/2.5/3/4): 85.5/91.5/95.1/97.9 | 65.4s
Epoch 181/200 | Train loss: 12.6093 (hm=0.3756, re=4.3148, fe=7.9189) | Val loss: 19.2677 (hm=0.3769, re=4.3519, fe=14.5388) | Val MRE(mm): 1.182 | SDR%(2/2.5/3/4): 85.4/91.3/94.9/97.9 | 65.5s
Epoch 182/200 | Train loss: 12.3096 (hm=0.3756, re=4.2541, fe=7.6800) | Val loss: 19.4074 (hm=0.3770, re=4.3101, fe=14.7203) | Val MRE(mm): 1.171 | SDR%(2/2.5/3/4): 85.8/91.7/95.1/97.9 | 65.6s
Epoch 183/200 | Train loss: 12.3499 (hm=0.3760, re=4.2933, fe=7.6806) | Val loss: 19.3430 (hm=0.3770, re=4.3146, fe=14.6513) | Val MRE(mm): 1.177 | SDR%(2/2.5/3/4): 86.2/91.9/95.1/97.9 | 65.6s
Epoch 184/200 | Train loss: 12.3376 (hm=0.3759, re=4.2608, fe=7.7009) | Val loss: 19.2418 (hm=0.3769, re=4.2622, fe=14.6026) | Val MRE(mm): 1.188 | SDR%(2/2.5/3/4): 85.6/91.3/95.0/97.9 | 65.5s
Epoch 185/200 | Train loss: 12.2948 (hm=0.3757, re=4.2688, fe=7.6502) | Val loss: 19.2528 (hm=0.3769, re=4.2352, fe=14.6407) | Val MRE(mm): 1.175 | SDR%(2/2.5/3/4): 85.8/91.6/95.1/98.0 | 65.7s
Epoch 186/200 | Train loss: 12.2765 (hm=0.3756, re=4.2692, fe=7.6317) | Val loss: 19.5199 (hm=0.3769, re=4.3412, fe=14.8018) | Val MRE(mm): 1.171 | SDR%(2/2.5/3/4): 85.5/91.3/95.1/98.0 | 65.3s
Epoch 187/200 | Train loss: 12.3073 (hm=0.3754, re=4.2680, fe=7.6638) | Val loss: 19.5807 (hm=0.3769, re=4.3532, fe=14.8506) | Val MRE(mm): 1.179 | SDR%(2/2.5/3/4): 85.5/91.4/94.9/97.9 | 65.5s
Epoch 188/200 | Train loss: 12.1708 (hm=0.3754, re=4.2810, fe=7.5144) | Val loss: 19.5910 (hm=0.3768, re=4.2938, fe=14.9205) | Val MRE(mm): 1.180 | SDR%(2/2.5/3/4): 85.7/91.2/95.1/97.9 | 65.1s
Epoch 189/200 | Train loss: 12.2512 (hm=0.3755, re=4.2761, fe=7.5996) | Val loss: 19.7265 (hm=0.3768, re=4.3802, fe=14.9695) | Val MRE(mm): 1.181 | SDR%(2/2.5/3/4): 85.6/91.4/95.0/98.0 | 65.5s
Epoch 190/200 | Train loss: 12.0247 (hm=0.3756, re=4.2477, fe=7.4014) | Val loss: 19.7645 (hm=0.3768, re=4.3488, fe=15.0389) | Val MRE(mm): 1.175 | SDR%(2/2.5/3/4): 85.8/91.4/95.1/98.0 | 66.6s
Epoch 191/200 | Train loss: 12.2109 (hm=0.3754, re=4.2474, fe=7.5881) | Val loss: 19.6764 (hm=0.3768, re=4.3300, fe=14.9696) | Val MRE(mm): 1.171 | SDR%(2/2.5/3/4): 85.9/91.4/95.2/98.0 | 66.7s
Epoch 192/200 | Train loss: 12.1626 (hm=0.3753, re=4.2666, fe=7.5208) | Val loss: 19.7198 (hm=0.3768, re=4.3326, fe=15.0104) | Val MRE(mm): 1.180 | SDR%(2/2.5/3/4): 85.8/91.4/95.1/98.0 | 66.9s
Epoch 193/200 | Train loss: 12.2137 (hm=0.3759, re=4.2461, fe=7.5917) | Val loss: 19.6532 (hm=0.3768, re=4.3041, fe=14.9723) | Val MRE(mm): 1.180 | SDR%(2/2.5/3/4): 85.9/91.3/95.2/98.0 | 66.5s
Epoch 194/200 | Train loss: 12.0572 (hm=0.3757, re=4.2291, fe=7.4524) | Val loss: 19.6711 (hm=0.3768, re=4.3017, fe=14.9926) | Val MRE(mm): 1.177 | SDR%(2/2.5/3/4): 85.8/91.4/95.2/98.0 | 66.3s
Epoch 195/200 | Train loss: 12.3134 (hm=0.3754, re=4.2806, fe=7.6574) | Val loss: 19.7029 (hm=0.3768, re=4.3022, fe=15.0239) | Val MRE(mm): 1.181 | SDR%(2/2.5/3/4): 85.7/91.4/95.1/98.0 | 65.9s
Epoch 196/200 | Train loss: 12.1196 (hm=0.3761, re=4.2309, fe=7.5125) | Val loss: 19.6998 (hm=0.3768, re=4.2994, fe=15.0236) | Val MRE(mm): 1.181 | SDR%(2/2.5/3/4): 85.6/91.3/95.1/98.0 | 65.7s
Epoch 197/200 | Train loss: 12.1028 (hm=0.3759, re=4.2489, fe=7.4780) | Val loss: 19.6835 (hm=0.3768, re=4.2980, fe=15.0087) | Val MRE(mm): 1.179 | SDR%(2/2.5/3/4): 85.6/91.3/95.2/98.0 | 65.5s
Epoch 198/200 | Train loss: 12.2036 (hm=0.3756, re=4.2403, fe=7.5877) | Val loss: 19.6827 (hm=0.3768, re=4.2977, fe=15.0082) | Val MRE(mm): 1.179 | SDR%(2/2.5/3/4): 85.7/91.3/95.2/98.0 | 65.7s
Epoch 199/200 | Train loss: 12.2368 (hm=0.3756, re=4.2655, fe=7.5958) | Val loss: 19.6797 (hm=0.3768, re=4.2958, fe=15.0071) | Val MRE(mm): 1.179 | SDR%(2/2.5/3/4): 85.7/91.4/95.2/98.0 | 65.4s
Epoch 200/200 | Train loss: 12.2197 (hm=0.3754, re=4.2566, fe=7.5877) | Val loss: 19.6800 (hm=0.3768, re=4.2961, fe=15.0071) | Val MRE(mm): 1.179 | SDR%(2/2.5/3/4): 85.7/91.4/95.2/98.0 | 65.4s
